10-18 09:46:57.150 D/DCT     ( 3026): cleanUpConnection: X tearDown=false reason=radioTurnedOff apnContext={mApnType=hipri mState=IDLE mWaitingApns={null} mWaitingApnsPermanentFailureCountDown=0 mApnSetting={null} mReason=radioTurnedOff mDataEnabled=false mDependencyMet=true} dcac=null
10-18 09:46:57.150 D/DCT     ( 3026): cleanUpConnection: E tearDown=false reason=radioTurnedOff apnContext={mApnType=ims mState=IDLE mWaitingApns={null} mWaitingApnsPermanentFailureCountDown=0 mApnSetting={null} mReason=radioTurnedOff mDataEnabled=false mDependencyMet=true}
10-18 09:46:57.150 D/DCT     ( 3026): isDataAllowed: not allowed due to - Attached= false - SIM not loaded
10-18 09:46:57.150 D/DCT     ( 3026): [ApnContext:ims] getApnSetting: apnSetting=null
10-18 09:46:57.160 D/MobileDataStateTracker( 2789): hipri: Received state=DISCONNECTED, old=DISCONNECTED, reason=radioTurnedOff
10-18 09:46:57.160 D/MobileDataStateTracker( 2789): ims: Broadcast received: android.intent.action.ANY_DATA_STATE apnType=ims
10-18 09:46:57.160 D/MobileDataStateTracker( 2789): ims: Received state=DISCONNECTED, old=DISCONNECTED, reason=radioTurnedOff
10-18 09:46:57.160 D/MobileDataStateTracker( 2789): default: Broadcast received: android.intent.action.ANY_DATA_STATE apnType=default
10-18 09:46:57.160 D/DCT     ( 3026): cleanUpConnection: X tearDown=false reason=radioTurnedOff apnContext={mApnType=ims mState=IDLE mWaitingApns={null} mWaitingApnsPermanentFailureCountDown=0 mApnSetting={null} mReason=radioTurnedOff mDataEnabled=false mDependencyMet=true} dcac=null
10-18 09:46:57.160 D/DCT     ( 3026): cleanUpConnection: E tearDown=false reason=radioTurnedOff apnContext={mApnType=default mState=IDLE mWaitingApns={null} mWaitingApnsPermanentFailureCountDown=0 mApnSetting={null} mReason=radioTurnedOff mDataEnabled=true mDependencyMet=true}
10-18 09:46:57.160 D/DCT     ( 3026): isDataAllowed: not allowed due to - Attached= false - SIM not loaded
10-18 09:46:57.160 D/DCT     ( 3026): [ApnContext:default] getApnSetting: apnSetting=null
10-18 09:46:57.160 D/DCT     ( 3026): cleanUpConnection: X tearDown=false reason=radioTurnedOff apnContext={mApnType=default mState=IDLE mWaitingApns={null} mWaitingApnsPermanentFailureCountDown=0 mApnSetting={null} mReason=radioTurnedOff mDataEnabled=true mDependencyMet=true} dcac=null
10-18 09:46:57.160 D/DCT     ( 3026): cleanUpConnection: E tearDown=false reason=radioTurnedOff apnContext={mApnType=mms mState=IDLE mWaitingApns={null} mWaitingApnsPermanentFailureCountDown=0 mApnSetting={null} mReason=radioTurnedOff mDataEnabled=false mDependencyMet=true}
10-18 09:46:57.160 D/DCT     ( 3026): isDataAllowed: not allowed due to - Attached= false - SIM not loaded
10-18 09:46:57.160 D/DCT     ( 3026): [ApnContext:mms] getApnSetting: apnSetting=null
10-18 09:46:57.170 D/MobileDataStateTracker( 2789): default: Received state=DISCONNECTED, old=DISCONNECTED, reason=radioTurnedOff
10-18 09:46:57.170 D/MobileDataStateTracker( 2789): mms: Broadcast received: android.intent.action.ANY_DATA_STATE apnType=mms
10-18 09:46:57.170 D/MobileDataStateTracker( 2789): mms: Received state=DISCONNECTED, old=DISCONNECTED, reason=radioTurnedOff
10-18 09:46:57.170 D/DCT     ( 3026): cleanUpConnection: X tearDown=false reason=radioTurnedOff apnContext={mApnType=mms mState=IDLE mWaitingApns={null} mWaitingApnsPermanentFailureCountDown=0 mApnSetting={null} mReason=radioTurnedOff mDataEnabled=false mDependencyMet=true} dcac=null
10-18 09:46:57.170 D/DCT     ( 3026): cleanUpConnection: E tearDown=false reason=radioTurnedOff apnContext={mApnType=cbs mState=IDLE mWaitingApns={null} mWaitingApnsPermanentFailureCountDown=0 mApnSetting={null} mReason=radioTurnedOff mDataEnabled=false mDependencyMet=true}
10-18 09:46:57.180 D/MobileDataStateTracker( 2789): cbs: Broadcast received: android.intent.action.ANY_DATA_STATE apnType=cbs
10-18 09:46:57.180 D/MobileDataStateTracker( 2789): cbs: Received state=DISCONNECTED, old=DISCONNECTED, reason=radioTurnedOff
10-18 09:46:57.180 D/MobileDataStateTracker( 2789): fota: Broadcast received: android.intent.action.ANY_DATA_STATE apnType=fota
10-18 09:46:57.180 D/MobileDataStateTracker( 2789): fota: Received state=DISCONNECTED, old=DISCONNECTED, reason=radioTurnedOff
10-18 09:46:57.180 D/DCT     ( 3026): isDataAllowed: not allowed due to - Attached= false - SIM not loaded
10-18 09:46:57.180 D/DCT     ( 3026): [ApnContext:cbs] getApnSetting: apnSetting=null
10-18 09:46:57.180 D/DCT     ( 3026): cleanUpConnection: X tearDown=false reason=radioTurnedOff apnContext={mApnType=cbs mState=IDLE mWaitingApns={null} mWaitingApnsPermanentFailureCountDown=0 mApnSetting={null} mReason=radioTurnedOff mDataEnabled=false mDependencyMet=true} dcac=null
10-18 09:46:57.180 D/DCT     ( 3026): stopNetStatPoll
10-18 09:46:57.180 D/DCT     ( 3026): stopDataStallAlarm: current tag=22685 mDataStallAlarmIntent=null
10-18 09:46:57.180 D/DCT     ( 3026): isDataAllowed: not allowed due to - Attached= false - SIM not loaded
10-18 09:46:57.180 D/DCT     ( 3026): [ApnContext:fota] getApnSetting: apnSetting=null
10-18 09:46:57.180 D/DCT     ( 3026): isDataAllowed: not allowed due to - Attached= false - SIM not loaded
10-18 09:46:57.180 D/DCT     ( 3026): [ApnContext:supl] getApnSetting: apnSetting=null
10-18 09:46:57.190 D/MobileDataStateTracker( 2789): supl: Broadcast received: android.intent.action.ANY_DATA_STATE apnType=supl
10-18 09:46:57.190 D/MobileDataStateTracker( 2789): supl: Received state=DISCONNECTED, old=DISCONNECTED, reason=radioTurnedOff
10-18 09:46:57.190 D/MobileDataStateTracker( 2789): hipri: Broadcast received: android.intent.action.ANY_DATA_STATE apnType=hipri
10-18 09:46:57.190 D/MobileDataStateTracker( 2789): hipri: Received state=DISCONNECTED, old=DISCONNECTED, reason=radioTurnedOff
10-18 09:46:57.190 D/MobileDataStateTracker( 2789): ims: Broadcast received: android.intent.action.ANY_DATA_STATE apnType=ims
10-18 09:46:57.190 D/DCT     ( 3026): isDataAllowed: not allowed due to - Attached= false - SIM not loaded
10-18 09:46:57.190 D/DCT     ( 3026): [ApnContext:hipri] getApnSetting: apnSetting=null
10-18 09:46:57.190 D/DCT     ( 3026): isDataAllowed: not allowed due to - Attached= false - SIM not loaded
10-18 09:46:57.190 D/DCT     ( 3026): [ApnContext:ims] getApnSetting: apnSetting=null
10-18 09:46:57.190 D/DCT     ( 3026): isDataAllowed: not allowed due to - Attached= false - SIM not loaded
10-18 09:46:57.190 D/DCT     ( 3026): [ApnContext:default] getApnSetting: apnSetting=null
10-18 09:46:57.200 D/MobileDataStateTracker( 2789): ims: Received state=DISCONNECTED, old=DISCONNECTED, reason=radioTurnedOff
10-18 09:46:57.200 D/MobileDataStateTracker( 2789): default: Broadcast received: android.intent.action.ANY_DATA_STATE apnType=default
10-18 09:46:57.200 D/MobileDataStateTracker( 2789): default: Received state=DISCONNECTED, old=DISCONNECTED, reason=radioTurnedOff
10-18 09:46:57.200 D/DCT     ( 3026): isDataAllowed: not allowed due to - Attached= false - SIM not loaded
10-18 09:46:57.200 D/DCT     ( 3026): [ApnContext:mms] getApnSetting: apnSetting=null
10-18 09:46:57.200 D/DCT     ( 3026): isDataAllowed: not allowed due to - Attached= false - SIM not loaded
10-18 09:46:57.200 D/DCT     ( 3026): [ApnContext:cbs] getApnSetting: apnSetting=null
10-18 09:46:57.200 D/DCT     ( 3026): handleMessage msg={ when=-794ms what=270345 obj=android.os.AsyncResult@41d4e0b0 target=com.android.internal.telephony.dataconnection.DcTracker }
10-18 09:46:57.200 D/DCT     ( 3026): onDataConnectionDetached: stop polling and notify detached
10-18 09:46:57.200 D/DCT     ( 3026): stopNetStatPoll
10-18 09:46:57.200 D/DCT     ( 3026): stopDataStallAlarm: current tag=22686 mDataStallAlarmIntent=null
10-18 09:46:57.200 D/DCT     ( 3026): notifyDataConnection: reason=dataDetached
10-18 09:46:57.210 D/libEGL  ( 3041): loaded /system/lib/egl/libGLESv1_CM_VIVANTE.so
10-18 09:46:57.230 D/MobileDataStateTracker( 2789): mms: Broadcast received: android.intent.action.ANY_DATA_STATE apnType=mms
10-18 09:46:57.230 D/MobileDataStateTracker( 2789): mms: Received state=DISCONNECTED, old=DISCONNECTED, reason=radioTurnedOff
10-18 09:46:57.230 D/MobileDataStateTracker( 2789): cbs: Broadcast received: android.intent.action.ANY_DATA_STATE apnType=cbs
10-18 09:46:57.230 D/MobileDataStateTracker( 2789): cbs: Received state=DISCONNECTED, old=DISCONNECTED, reason=radioTurnedOff
10-18 09:46:57.230 D/MobileDataStateTracker( 2789): fota: Broadcast received: android.intent.action.ANY_DATA_STATE apnType=fota
10-18 09:46:57.230 D/DCT     ( 3026): isDataAllowed: not allowed due to - Attached= false - SIM not loaded
10-18 09:46:57.230 D/DCT     ( 3026): [ApnContext:fota] getApnSetting: apnSetting=null
10-18 09:46:57.230 D/DCT     ( 3026): isDataAllowed: not allowed due to - Attached= false - SIM not loaded
10-18 09:46:57.230 D/DCT     ( 3026): [ApnContext:supl] getApnSetting: apnSetting=null
10-18 09:46:57.240 D/MobileDataStateTracker( 2789): fota: Received state=DISCONNECTED, old=DISCONNECTED, reason=dataDetached
10-18 09:46:57.240 D/MobileDataStateTracker( 2789): supl: Broadcast received: android.intent.action.ANY_DATA_STATE apnType=supl
10-18 09:46:57.240 D/MobileDataStateTracker( 2789): supl: Received state=DISCONNECTED, old=DISCONNECTED, reason=dataDetached
10-18 09:46:57.240 D/MobileDataStateTracker( 2789): hipri: Broadcast received: android.intent.action.ANY_DATA_STATE apnType=hipri
10-18 09:46:57.240 D/MobileDataStateTracker( 2789): hipri: Received state=DISCONNECTED, old=DISCONNECTED, reason=dataDetached
10-18 09:46:57.240 D/MobileDataStateTracker( 2789): ims: Broadcast received: android.intent.action.ANY_DATA_STATE apnType=ims
10-18 09:46:57.240 D/MobileDataStateTracker( 2789): ims: Received state=DISCONNECTED, old=DISCONNECTED, reason=dataDetached
10-18 09:46:57.240 D/DCT     ( 3026): isDataAllowed: not allowed due to - Attached= false - SIM not loaded
10-18 09:46:57.240 D/DCT     ( 3026): [ApnContext:hipri] getApnSetting: apnSetting=null
10-18 09:46:57.240 D/DCT     ( 3026): isDataAllowed: not allowed due to - Attached= false - SIM not loaded
10-18 09:46:57.240 D/DCT     ( 3026): [ApnContext:ims] getApnSetting: apnSetting=null
10-18 09:46:57.240 D/DCT     ( 3026): isDataAllowed: not allowed due to - Attached= false - SIM not loaded
10-18 09:46:57.240 D/DCT     ( 3026): [ApnContext:default] getApnSetting: apnSetting=null
10-18 09:46:57.240 D/DCT     ( 3026): isDataAllowed: not allowed due to - Attached= false - SIM not loaded
10-18 09:46:57.240 D/DCT     ( 3026): [ApnContext:mms] getApnSetting: apnSetting=null
10-18 09:46:57.250 D/MobileDataStateTracker( 2789): default: Broadcast received: android.intent.action.ANY_DATA_STATE apnType=default
10-18 09:46:57.250 D/MobileDataStateTracker( 2789): default: Received state=DISCONNECTED, old=DISCONNECTED, reason=dataDetached
10-18 09:46:57.250 D/MobileDataStateTracker( 2789): mms: Broadcast received: android.intent.action.ANY_DATA_STATE apnType=mms
10-18 09:46:57.250 D/MobileDataStateTracker( 2789): mms: Received state=DISCONNECTED, old=DISCONNECTED, reason=dataDetached
10-18 09:46:57.250 D/MobileDataStateTracker( 2789): cbs: Broadcast received: android.intent.action.ANY_DATA_STATE apnType=cbs
10-18 09:46:57.250 D/MobileDataStateTracker( 2789): cbs: Received state=DISCONNECTED, old=DISCONNECTED, reason=dataDetached
10-18 09:46:57.250 D/MobileDataStateTracker( 2789): fota: Broadcast received: android.intent.action.ANY_DATA_STATE apnType=fota
10-18 09:46:57.250 D/DCT     ( 3026): isDataAllowed: not allowed due to - Attached= false - SIM not loaded
10-18 09:46:57.250 D/DCT     ( 3026): [ApnContext:cbs] getApnSetting: apnSetting=null
10-18 09:46:57.250 D/DCT     ( 3026): handleMessage msg={ when=-841ms what=270348 obj=android.os.AsyncResult@41d4e208 target=com.android.internal.telephony.dataconnection.DcTracker }
10-18 09:46:57.250 D/DCT     ( 3026): onRoamingOff
10-18 09:46:57.250 D/DCT     ( 3026): isDataAllowed: not allowed due to - Attached= false - SIM not loaded
10-18 09:46:57.250 D/DCT     ( 3026): [ApnContext:fota] getApnSetting: apnSetting=null
10-18 09:46:57.250 D/DCT     ( 3026): isDataAllowed: not allowed due to - Attached= false - SIM not loaded
10-18 09:46:57.250 D/DCT     ( 3026): [ApnContext:supl] getApnSetting: apnSetting=null
10-18 09:46:57.260 D/MobileDataStateTracker( 2789): fota: Received state=DISCONNECTED, old=DISCONNECTED, reason=roamingOff
10-18 09:46:57.260 D/MobileDataStateTracker( 2789): supl: Broadcast received: android.intent.action.ANY_DATA_STATE apnType=supl
10-18 09:46:57.260 D/MobileDataStateTracker( 2789): supl: Received state=DISCONNECTED, old=DISCONNECTED, reason=roamingOff
10-18 09:46:57.260 D/MobileDataStateTracker( 2789): hipri: Broadcast received: android.intent.action.ANY_DATA_STATE apnType=hipri
10-18 09:46:57.260 D/MobileDataStateTracker( 2789): hipri: Received state=DISCONNECTED, old=DISCONNECTED, reason=roamingOff
10-18 09:46:57.260 D/MobileDataStateTracker( 2789): ims: Broadcast received: android.intent.action.ANY_DATA_STATE apnType=ims
10-18 09:46:57.260 D/MobileDataStateTracker( 2789): ims: Received state=DISCONNECTED, old=DISCONNECTED, reason=roamingOff
10-18 09:46:57.260 D/MobileDataStateTracker( 2789): default: Broadcast received: android.intent.action.ANY_DATA_STATE apnType=default
10-18 09:46:57.260 D/DCT     ( 3026): isDataAllowed: not allowed due to - Attached= false - SIM not loaded
10-18 09:46:57.260 D/DCT     ( 3026): [ApnContext:hipri] getApnSetting: apnSetting=null
10-18 09:46:57.260 D/DCT     ( 3026): isDataAllowed: not allowed due to - Attached= false - SIM not loaded
10-18 09:46:57.260 D/DCT     ( 3026): [ApnContext:ims] getApnSetting: apnSetting=null
10-18 09:46:57.260 D/DCT     ( 3026): isDataAllowed: not allowed due to - Attached= false - SIM not loaded
10-18 09:46:57.260 D/DCT     ( 3026): [ApnContext:default] getApnSetting: apnSetting=null
10-18 09:46:57.270 D/MobileDataStateTracker( 2789): default: Received state=DISCONNECTED, old=DISCONNECTED, reason=roamingOff
10-18 09:46:57.270 D/MobileDataStateTracker( 2789): mms: Broadcast received: android.intent.action.ANY_DATA_STATE apnType=mms
10-18 09:46:57.270 D/DCT     ( 3026): isDataAllowed: not allowed due to - Attached= false - SIM not loaded
10-18 09:46:57.270 D/DCT     ( 3026): [ApnContext:mms] getApnSetting: apnSetting=null
10-18 09:46:57.270 D/DCT     ( 3026): isDataAllowed: not allowed due to - Attached= false - SIM not loaded
10-18 09:46:57.270 D/DCT     ( 3026): [ApnContext:cbs] getApnSetting: apnSetting=null
10-18 09:46:57.270 D/DCT     ( 3026): setupDataOnConnectableApns: roamingOff
10-18 09:46:57.270 D/DCT     ( 3026): setupDataOnConnectableApns: apnContext {mApnType=hipri mState=IDLE mWaitingApns={null} mWaitingApnsPermanentFailureCountDown=0 mApnSetting={null} mReason=radioTurnedOff mDataEnabled=false mDependencyMet=true}
10-18 09:46:57.270 D/DCT     ( 3026): setupDataOnConnectableApns: apnContext {mApnType=mms mState=IDLE mWaitingApns={null} mWaitingApnsPermanentFailureCountDown=0 mApnSetting={null} mReason=radioTurnedOff mDataEnabled=false mDependencyMet=true}
10-18 09:46:57.270 D/DCT     ( 3026): setupDataOnConnectableApns: apnContext {mApnType=supl mState=IDLE mWaitingApns={null} mWaitingApnsPermanentFailureCountDown=0 mApnSetting={null} mReason=radioTurnedOff mDataEnabled=false mDependencyMet=true}
10-18 09:46:57.270 D/DCT     ( 3026): setupDataOnConnectableApns: apnContext {mApnType=default mState=IDLE mWaitingApns={null} mWaitingApnsPermanentFailureCountDown=0 mApnSetting={null} mReason=radioTurnedOff mDataEnabled=true mDependencyMet=true}
10-18 09:46:57.270 D/DCT     ( 3026): setupDataOnConnectableApns: isConnectable() call trySetupData
10-18 09:46:57.270 D/DCT     ( 3026): trySetupData for type:default due to roamingOff apnContext={mApnType=default mState=IDLE mWaitingApns={null} mWaitingApnsPermanentFailureCountDown=0 mApnSetting={null} mReason=roamingOff mDataEnabled=true mDependencyMet=true}
10-18 09:46:57.270 D/DCT     ( 3026): trySetupData with mIsPsRestricted=false
10-18 09:46:57.270 D/DCT     ( 3026): isDataAllowed: not allowed due to - Attached= false - SIM not loaded
10-18 09:46:57.270 D/DCT     ( 3026): isDataAllowed: not allowed due to - Attached= false - SIM not loaded
10-18 09:46:57.270 D/DCT     ( 3026): [ApnContext:fota] getApnSetting: apnSetting=null
10-18 09:46:57.280 D/MobileDataStateTracker( 2789): mms: Received state=DISCONNECTED, old=DISCONNECTED, reason=roamingOff
10-18 09:46:57.280 D/MobileDataStateTracker( 2789): cbs: Broadcast received: android.intent.action.ANY_DATA_STATE apnType=cbs
10-18 09:46:57.280 D/MobileDataStateTracker( 2789): cbs: Received state=DISCONNECTED, old=DISCONNECTED, reason=roamingOff
10-18 09:46:57.280 D/MobileDataStateTracker( 2789): fota: Broadcast received: android.intent.action.ANY_DATA_STATE apnType=fota
10-18 09:46:57.280 D/MobileDataStateTracker( 2789): fota: Received state=DISCONNECTED, old=DISCONNECTED, reason=roamingOff
10-18 09:46:57.280 D/MobileDataStateTracker( 2789): supl: Broadcast received: android.intent.action.ANY_DATA_STATE apnType=supl
10-18 09:46:57.280 D/MobileDataStateTracker( 2789): supl: Received state=DISCONNECTED, old=DISCONNECTED, reason=roamingOff
10-18 09:46:57.280 D/MobileDataStateTracker( 2789): hipri: Broadcast received: android.intent.action.ANY_DATA_STATE apnType=hipri
10-18 09:46:57.280 D/MobileDataStateTracker( 2789): hipri: Received state=DISCONNECTED, old=DISCONNECTED, reason=roamingOff
10-18 09:46:57.280 D/DCT     ( 3026): isDataAllowed: not allowed due to - Attached= false - SIM not loaded
10-18 09:46:57.280 D/DCT     ( 3026): [ApnContext:supl] getApnSetting: apnSetting=null
10-18 09:46:57.280 D/DCT     ( 3026): isDataAllowed: not allowed due to - Attached= false - SIM not loaded
10-18 09:46:57.280 D/DCT     ( 3026): [ApnContext:hipri] getApnSetting: apnSetting=null
10-18 09:46:57.280 D/DCT     ( 3026): isDataAllowed: not allowed due to - Attached= false - SIM not loaded
10-18 09:46:57.280 D/DCT     ( 3026): [ApnContext:ims] getApnSetting: apnSetting=null
10-18 09:46:57.290 D/MobileDataStateTracker( 2789): ims: Broadcast received: android.intent.action.ANY_DATA_STATE apnType=ims
10-18 09:46:57.290 D/MobileDataStateTracker( 2789): ims: Received state=DISCONNECTED, old=DISCONNECTED, reason=roamingOff
10-18 09:46:57.290 D/DCT     ( 3026): isDataAllowed: not allowed due to - Attached= false - SIM not loaded
10-18 09:46:57.290 D/DCT     ( 3026): [ApnContext:default] getApnSetting: apnSetting=null
10-18 09:46:57.290 D/DCT     ( 3026): isDataAllowed: not allowed due to - Attached= false - SIM not loaded
10-18 09:46:57.290 D/DCT     ( 3026): [ApnContext:mms] getApnSetting: apnSetting=null
10-18 09:46:57.300 D/TelephonyDebugService( 3026): TelephonyDebugService()
10-18 09:46:57.300 D/MobileDataStateTracker( 2789): default: Broadcast received: android.intent.action.ANY_DATA_STATE apnType=default
10-18 09:46:57.300 D/MobileDataStateTracker( 2789): default: Received state=DISCONNECTED, old=DISCONNECTED, reason=roamingOff
10-18 09:46:57.300 D/MobileDataStateTracker( 2789): mms: Broadcast received: android.intent.action.ANY_DATA_STATE apnType=mms
10-18 09:46:57.300 D/MobileDataStateTracker( 2789): mms: Received state=DISCONNECTED, old=DISCONNECTED, reason=roamingOff
10-18 09:46:57.300 D/MobileDataStateTracker( 2789): cbs: Broadcast received: android.intent.action.ANY_DATA_STATE apnType=cbs
10-18 09:46:57.300 D/DCT     ( 3026): isDataAllowed: not allowed due to - Attached= false - SIM not loaded
10-18 09:46:57.300 D/DCT     ( 3026): [ApnContext:cbs] getApnSetting: apnSetting=null
10-18 09:46:57.300 D/DCT     ( 3026): trySetupData: X apnContext not 'ready' retValue=false
10-18 09:46:57.300 D/DCT     ( 3026): setupDataOnConnectableApns: apnContext {mApnType=fota mState=IDLE mWaitingApns={null} mWaitingApnsPermanentFailureCountDown=0 mApnSetting={null} mReason=radioTurnedOff mDataEnabled=false mDependencyMet=true}
10-18 09:46:57.300 D/DCT     ( 3026): setupDataOnConnectableApns: apnContext {mApnType=ims mState=IDLE mWaitingApns={null} mWaitingApnsPermanentFailureCountDown=0 mApnSetting={null} mReason=radioTurnedOff mDataEnabled=false mDependencyMet=true}
10-18 09:46:57.300 D/DCT     ( 3026): setupDataOnConnectableApns: apnContext {mApnType=cbs mState=IDLE mWaitingApns={null} mWaitingApnsPermanentFailureCountDown=0 mApnSetting={null} mReason=radioTurnedOff mDataEnabled=false mDependencyMet=true}
10-18 09:46:57.300 D/DebugService( 3026): DebugService DebugService:
10-18 09:46:57.310 D/MobileDataStateTracker( 2789): cbs: Received state=DISCONNECTED, old=DISCONNECTED, reason=roamingOff
10-18 09:46:57.320 D/SipService( 3026): SipService: started!
10-18 09:46:57.330 D/BluetoothManagerService( 2789): Message: 30
10-18 09:46:57.330 E/BluetoothHeadset( 3026): Could not bind to Bluetooth Headset Service with Intent { act=android.bluetooth.IBluetoothHeadset }
10-18 09:46:57.330 E/BluetoothPhoneService( 3026): Could not get a handle on Connection object for the call
10-18 09:46:57.330 D/SipService( 3026): start:
10-18 09:46:57.330 D/DCT     ( 3026): onReceive: action=android.net.wifi.WIFI_STATE_CHANGED
10-18 09:46:57.330 D/DCT     ( 3026): WIFI_STATE_CHANGED_ACTION: enabled=true mIsWifiConnected=false
10-18 09:46:57.330 I/notification_cancel( 2789): [com.android.phone,5,NULL,0,0,64]
10-18 09:46:57.330 I/notification_cancel( 2789): [com.android.phone,6,NULL,0,0,64]
10-18 09:46:57.360 I/PhoneApp( 3026): ==Headset phone created, binding local service.
10-18 09:46:57.360 I/notification_cancel( 2789): [com.android.phone,7,NULL,0,0,64]
10-18 09:46:57.360 I/notification_cancel( 2789): [com.android.phone,7,NULL,0,0,64]
10-18 09:46:57.360 I/notification_cancel( 2789): [com.android.phone,7,NULL,0,0,64]
10-18 09:46:57.360 I/notification_cancel( 2789): [com.android.phone,7,NULL,0,0,64]
10-18 09:46:57.360 I/notification_cancel( 2789): [com.android.phone,7,NULL,0,0,64]
10-18 09:46:57.360 I/notification_cancel( 2789): [com.android.phone,7,NULL,0,0,64]
10-18 09:46:57.360 I/notification_cancel( 2789): [com.android.phone,7,NULL,0,0,64]
10-18 09:46:57.360 I/notification_cancel( 2789): [com.android.phone,7,NULL,0,0,64]
10-18 09:46:57.360 I/notification_cancel( 2789): [com.android.phone,7,NULL,0,0,64]
10-18 09:46:57.360 I/notification_cancel( 2789): [com.android.phone,7,NULL,0,0,64]
10-18 09:46:57.360 I/notification_cancel( 2789): [com.android.phone,7,NULL,0,0,64]
10-18 09:46:57.370 I/notification_cancel( 2789): [com.android.phone,7,NULL,0,0,64]
10-18 09:46:57.370 I/notification_cancel( 2789): [com.android.phone,7,NULL,0,0,64]
10-18 09:46:57.370 I/notification_cancel( 2789): [com.android.phone,7,NULL,0,0,64]
10-18 09:46:57.370 I/notification_cancel( 2789): [com.android.phone,7,NULL,0,0,64]
10-18 09:46:57.370 I/notification_cancel( 2789): [com.android.phone,7,NULL,0,0,64]
10-18 09:46:57.370 I/notification_cancel( 2789): [com.android.phone,7,NULL,0,0,64]
10-18 09:46:57.370 I/notification_cancel( 2789): [com.android.phone,7,NULL,0,0,64]
10-18 09:46:57.370 I/notification_cancel( 2789): [com.android.phone,7,NULL,0,0,64]
10-18 09:46:57.370 I/notification_cancel( 2789): [com.android.phone,7,NULL,0,0,64]
10-18 09:46:57.370 I/notification_cancel( 2789): [com.android.phone,7,NULL,0,0,64]
10-18 09:46:57.370 I/notification_cancel( 2789): [com.android.phone,7,NULL,0,0,64]
10-18 09:46:57.370 I/notification_cancel( 2789): [com.android.phone,7,NULL,0,0,64]
10-18 09:46:57.370 I/notification_cancel( 2789): [com.android.phone,7,NULL,0,0,64]
10-18 09:46:57.370 I/notification_cancel( 2789): [com.android.phone,7,NULL,0,0,64]
10-18 09:46:57.370 I/notification_cancel( 2789): [com.android.phone,7,NULL,0,0,64]
10-18 09:46:57.370 I/notification_cancel( 2789): [com.android.phone,7,NULL,0,0,64]
10-18 09:46:57.380 D/libEGL  ( 3041): loaded /system/lib/egl/libGLESv2_VIVANTE.so
10-18 09:46:57.380 I/notification_cancel( 2789): [com.android.phone,7,NULL,0,0,64]
10-18 09:46:57.380 I/notification_cancel( 2789): [com.android.phone,7,NULL,0,0,64]
10-18 09:46:57.380 I/notification_cancel( 2789): [com.android.phone,7,NULL,0,0,64]
10-18 09:46:57.380 I/notification_cancel( 2789): [com.android.phone,7,NULL,0,0,64]
10-18 09:46:57.380 I/notification_cancel( 2789): [com.android.phone,7,NULL,0,0,64]
10-18 09:46:57.380 I/notification_cancel( 2789): [com.android.phone,7,NULL,0,0,64]
10-18 09:46:57.380 I/notification_cancel( 2789): [com.android.phone,7,NULL,0,0,64]
10-18 09:46:57.380 I/notification_cancel( 2789): [com.android.phone,7,NULL,0,0,64]
10-18 09:46:57.490 E/BufferQueue( 2333): [com.android.launcher/com.android.launcher2.Launcher] dequeueBuffer: can't dequeue multiple buffers without setting the buffer count
10-18 09:46:57.520 D/OpenGLRenderer( 3041): Enabling debug mode 0
10-18 09:46:57.530 I/Choreographer( 3041): Skipped 31 frames!  The application may be doing too much work on its main thread.
10-18 09:46:57.530 I/ActivityManager( 2789): Start proc com.wandoujia.phoenix2:aid for content provider com.wandoujia.phoenix2/com.lib.common.sharedata.PPShareDataContentProvider: pid=3155 uid=10041 gids={50041, 1028, 1015, 3003}
10-18 09:46:57.530 I/am_proc_start( 2789): [0,3155,10041,com.wandoujia.phoenix2:aid,content provider,com.wandoujia.phoenix2/com.lib.common.sharedata.PPShareDataContentProvider]
10-18 09:46:57.530 I/am_proc_bound( 2789): [0,3155,com.wandoujia.phoenix2:aid]
10-18 09:46:57.540 D/ActivityThread( 3155): handleBindApplication:com.wandoujia.phoenix2:aid
10-18 09:46:57.540 D/ActivityThread( 3155): setTargetHeapUtilization:0.75
10-18 09:46:57.540 D/ActivityThread( 3155): setTargetHeapMinFree:524288
10-18 09:46:57.590 D/dalvikvm( 3155): Trying to load lib /data/app-lib/com.wandoujia.phoenix2-1/libdalvikpatch.so 0x41d15520
10-18 09:46:57.590 D/dalvikvm( 3155): Added shared lib /data/app-lib/com.wandoujia.phoenix2-1/libdalvikpatch.so 0x41d15520
10-18 09:46:57.590 D/dalvikvm( 3155): No JNI_OnLoad found in /data/app-lib/com.wandoujia.phoenix2-1/libdalvikpatch.so 0x41d15520, skipping init
10-18 09:46:57.610 E/DALVIK_PATCH( 3155): vm:dalvik
10-18 09:46:57.610 E/DALVIK_PATCH( 3155): Find dvmGlobalsPtr successed!
10-18 09:46:57.610 D/DALVIK_PATCH( 3155): [4][0x8]Not readable! b
10-18 09:46:57.610 I/ActivityManager( 2789): Displayed com.android.launcher/com.android.launcher2.Launcher: +1s630ms
10-18 09:46:57.610 D/DALVIK_PATCH( 3155): [6][0x8]Not readable! b
10-18 09:46:57.610 D/DALVIK_PATCH( 3155): [10][0x18]Not readable! b
10-18 09:46:57.610 D/DALVIK_PATCH( 3155): [11][0x10]Not readable! b
10-18 09:46:57.610 D/DALVIK_PATCH( 3155): [14][0x14]Not readable! b
10-18 09:46:57.610 D/DALVIK_PATCH( 3155): [15][0x8]Not readable! b
10-18 09:46:57.610 D/DALVIK_PATCH( 3155): [16][0x10]Not readable! b
10-18 09:46:57.610 D/DALVIK_PATCH( 3155): [17][0xc]Not readable! b
10-18 09:46:57.610 D/DALVIK_PATCH( 3155): [19][0x0]Not readable! b
10-18 09:46:57.610 D/DALVIK_PATCH( 3155): [20][0xffffff6a]Not readable! b
10-18 09:46:57.610 D/DALVIK_PATCH( 3155): [21][0x0]Not readable! b
10-18 09:46:57.610 D/DALVIK_PATCH( 3155): [22][0x0]Not readable! b
10-18 09:46:57.610 D/DALVIK_PATCH( 3155): [23][0xfffffec6]Not readable! b
10-18 09:46:57.610 D/DALVIK_PATCH( 3155): [24][0x0]Not readable! b
10-18 09:46:57.610 D/DALVIK_PATCH( 3155): [26][0x3]Not readable! b
10-18 09:46:57.610 D/DALVIK_PATCH( 3155): [27][0x0]Not readable! b
10-18 09:46:57.610 D/DALVIK_PATCH( 3155): [29][0xee]Not readable! b
10-18 09:46:57.610 D/DALVIK_PATCH( 3155): [31][0x2]Not readable! b
10-18 09:46:57.610 D/DALVIK_PATCH( 3155): [32][0x200]Not readable! b
10-18 09:46:57.610 D/DALVIK_PATCH( 3155): [33][0xc800]Not readable! b
10-18 09:46:57.610 D/DALVIK_PATCH( 3155): [34][0x0]Not readable! b
10-18 09:46:57.610 D/DALVIK_PATCH( 3155): [36][0x3]Not readable! b
10-18 09:46:57.610 D/DALVIK_PATCH( 3155): [37][0x10]Not readable! b
10-18 09:46:57.610 D/DALVIK_PATCH( 3155): [38][0xc800]Not readable! b
10-18 09:46:57.610 D/DALVIK_PATCH( 3155): [39][0x0]Not readable! b
10-18 09:46:57.610 D/DALVIK_PATCH( 3155): [40][0x0]Not readable! b
10-18 09:46:57.610 D/DALVIK_PATCH( 3155): [43][0x10]Not readable! b
10-18 09:46:57.610 D/DALVIK_PATCH( 3155): [44][0x400]Not readable! b
10-18 09:46:57.610 D/DALVIK_PATCH( 3155): [45][0x0]Not readable! b
10-18 09:46:57.610 D/DALVIK_PATCH( 3155): [47][0x0]Not readable! b
10-18 09:46:57.610 D/DALVIK_PATCH( 3155): [48][0xffffff64]Not readable! b
10-18 09:46:57.610 D/DALVIK_PATCH( 3155): [56][0x1]Not readable! b
10-18 09:46:57.610 D/DALVIK_PATCH( 3155): [57][0xf]Not readable! b
10-18 09:46:57.610 E/DALVIK_PATCH( 3155): ***********************************************
10-18 09:46:57.610 E/DALVIK_PATCH( 3155): => LinearAllocHdr:[0x40088c20]
10-18 09:46:57.610 E/DALVIK_PATCH( 3155): => curOffset[3442044]
10-18 09:46:57.610 E/DALVIK_PATCH( 3155): => mapAddr[0x6da9e000]
10-18 09:46:57.610 E/DALVIK_PATCH( 3155): => mapLength[16777216]
10-18 09:46:57.610 E/DALVIK_PATCH( 3155): => firstOffset[4100]
10-18 09:46:57.610 E/DALVIK_PATCH( 3155): => mapAddr: [0x6da9e000]
10-18 09:46:57.610 E/DALVIK_PATCH( 3155): ***********************************************
10-18 09:46:57.610 E/DALVIK_PATCH( 3155): Search LinearAllocHdr cost: 3 ms!
10-18 09:46:57.610 E/DALVIK_PATCH( 3155): LinearAllocHdr.mapLength >= 16777216, don't patch dalvik!
10-18 09:46:57.610 D/dalvikvm( 3155): Trying to load lib /data/app-lib/com.wandoujia.phoenix2-1/libdalvikhack.so 0x41d15520
10-18 09:46:57.610 D/dalvikvm( 3155): Added shared lib /data/app-lib/com.wandoujia.phoenix2-1/libdalvikhack.so 0x41d15520
10-18 09:46:57.610 I/am_activity_launch_time( 2789): [0,1106693888,com.android.launcher/com.android.launcher2.Launcher,1630,1630]
10-18 09:46:57.650 D/dalvikvm( 3088): Trying to load lib /data/app-lib/com.wandoujia.phoenix2-1/libalicleaner.so 0x41d1e938
10-18 09:46:57.660 D/dalvikvm( 3088): Added shared lib /data/app-lib/com.wandoujia.phoenix2-1/libalicleaner.so 0x41d1e938
10-18 09:46:57.770 D/dalvikvm( 3088): Trying to load lib /data/data/com.wandoujia.phoenix2/app_SGLib/app_1539770102/libsgmainso-5.3.80.so 0x41e97b68
10-18 09:46:57.790 E/BufferQueue( 2333): [com.android.systemui.ImageWallpaper] dequeueBuffer: can't dequeue multiple buffers without setting the buffer count
10-18 09:46:57.890 D/dalvikvm( 3088): Added shared lib /data/data/com.wandoujia.phoenix2/app_SGLib/app_1539770102/libsgmainso-5.3.80.so 0x41e97b68
10-18 09:46:57.940 E/WXSDKEngine( 3088): WXEnvironment.sApplication is null
10-18 09:46:57.990 D/dalvikvm( 3088): Trying to load lib /data/app-lib/com.wandoujia.phoenix2-1/libweexcore.so 0x41d1e938
10-18 09:46:58.010 D/dalvikvm( 3088): Added shared lib /data/app-lib/com.wandoujia.phoenix2-1/libweexcore.so 0x41d1e938
10-18 09:46:58.020 D/WeexCore( 3088): begin JNI_OnLoad
10-18 09:46:58.030 E/WeexCore( 3088): failed find class WMBridge
10-18 09:46:58.030 W/System.err( 3088): java.lang.NoClassDefFoundError: com/taobao/windmill/bridge/WMLBridge
10-18 09:46:58.030 W/System.err( 3088): 	at java.lang.Runtime.nativeLoad(Native Method)
10-18 09:46:58.030 W/System.err( 3088): 	at java.lang.Runtime.doLoad(Runtime.java:421)
10-18 09:46:58.030 W/System.err( 3088): 	at java.lang.Runtime.loadLibrary(Runtime.java:362)
10-18 09:46:58.030 W/System.err( 3088): 	at java.lang.System.loadLibrary(System.java:526)
10-18 09:46:58.030 W/System.err( 3088): 	at com.taobao.weex.utils.WXSoInstallMgrSdk.initSo(ProGuard:136)
10-18 09:46:58.030 W/System.err( 3088): 	at com.taobao.weex.WXSDKEngine$1.run(ProGuard:218)
10-18 09:46:58.030 W/System.err( 3088): 	at com.taobao.weex.common.WXThread$SafeRunnable.run(ProGuard:48)
10-18 09:46:58.030 W/System.err( 3088): 	at android.os.Handler.handleCallback(Handler.java:733)
10-18 09:46:58.030 W/System.err( 3088): 	at android.os.Handler.dispatchMessage(Handler.java:95)
10-18 09:46:58.030 W/System.err( 3088): 	at android.os.Looper.loop(Looper.java:136)
10-18 09:46:58.030 W/System.err( 3088): 	at android.os.HandlerThread.run(HandlerThread.java:61)
10-18 09:46:58.030 W/System.err( 3088): Caused by: java.lang.ClassNotFoundException: Didn't find class "com.taobao.windmill.bridge.WMLBridge" on path: DexPathList[[zip file "/system/framework/android.test.runner.jar", zip file "/data/app/com.wandoujia.phoenix2-1.apk", zip file "/data/data/com.wandoujia.phoenix2/code_cache/secondary-dexes/com.wandoujia.phoenix2-1.apk.classes2.zip"],nativeLibraryDirectories=[/data/app-lib/com.wandoujia.phoenix2-1, /vendor/lib, /system/lib]]
10-18 09:46:58.060 W/System.err( 3088): 	at dalvik.system.BaseDexClassLoader.findClass(BaseDexClassLoader.java:56)
10-18 09:46:58.060 W/System.err( 3088): 	at java.lang.ClassLoader.loadClass(ClassLoader.java:497)
10-18 09:46:58.060 W/System.err( 3088): 	at java.lang.ClassLoader.loadClass(ClassLoader.java:457)
10-18 09:46:58.070 W/System.err( 3088): 	... 11 more
10-18 09:46:58.070 D/WeexCore( 3088): end JNI_OnLoad
10-18 09:46:58.070 I/dalvikvm( 3088): Odd: ExceptionDescribe called, but no exception pending
10-18 09:46:58.070 W/weex    ( 3088): app AvailMemory ---->>>1596
10-18 09:46:58.090 D/dalvikvm( 3155): Trying to load lib /data/app-lib/com.wandoujia.phoenix2-1/libalicleaner.so 0x41d15520
10-18 09:46:58.090 D/dalvikvm( 3155): Added shared lib /data/app-lib/com.wandoujia.phoenix2-1/libalicleaner.so 0x41d15520
10-18 09:46:58.110 E/weex    ( 3088): weexjss's Path is/data/app-lib/com.wandoujia.phoenix2-1/libweexjss.so
10-18 09:46:58.110 E/weex    ( 3088): findLibJssRealPath /data/app-lib/com.wandoujia.phoenix2-1/libweexjss.so
10-18 09:46:58.110 E/WeexCore( 3088): initFromParam is running 
10-18 09:46:58.110 E/weex    ( 3088): getUseSingleProcess is running false
10-18 09:46:58.110 E/WeexCore( 3088): g_use_single_process is false 
10-18 09:46:58.110 E/weex    ( 3088): getLibJssPath is running /data/app-lib/com.wandoujia.phoenix2-1/libweexjss.so
10-18 09:46:58.110 E/WeexCore( 3088): g_jssSoPath is /data/app-lib/com.wandoujia.phoenix2-1/libweexjss.so 
10-18 09:46:58.120 I/boot_progress_enable_screen( 2789): 24418
10-18 09:46:58.180 D/dalvikvm( 3155): Trying to load lib /data/user/0/com.wandoujia.phoenix2/app_SGLib/app_1539770102/libsgmainso-5.3.80.so 0x41e8ca18
10-18 09:46:58.180 D/dalvikvm( 3155): Added shared lib /data/user/0/com.wandoujia.phoenix2/app_SGLib/app_1539770102/libsgmainso-5.3.80.so 0x41e8ca18
10-18 09:46:58.180 E/WeexCore( 3088): Single process ? false
10-18 09:46:58.180 E/linzj_IPC( 3088): PCFutexPageQueue::IPCFutexPageQueue msg: 18
10-18 09:46:58.180 E/WeexCore( 3088): startupPie :1
10-18 09:46:58.260 I/wpa_supplicant( 2958): wlan0: Trying to associate with d4:c8:b0:19:ea:60 (SSID='\xe5\x85\xa8\xe7\xba\xbf\xe9\x80\x9a\xe4\xbf\xa1\xe6\x81\xaf\xe7\xa7\x91\xe6\x8a\x80\xe5\x85\xac\xe5\x8f\xb8' freq=2437 MHz)
10-18 09:46:58.300 D/dalvikvm( 3088): Trying to load lib /data/app-lib/com.wandoujia.phoenix2-1/libwdj_udid.so 0x41d1e938
10-18 09:46:58.300 D/dalvikvm( 3088): Added shared lib /data/app-lib/com.wandoujia.phoenix2-1/libwdj_udid.so 0x41d1e938
10-18 09:46:58.300 D/dalvikvm( 3088): No JNI_OnLoad found in /data/app-lib/com.wandoujia.phoenix2-1/libwdj_udid.so 0x41d1e938, skipping init
10-18 09:46:58.350 D/Tethering( 2789): sendTetherStateChangedBroadcast 1, 0, 0
10-18 09:46:58.350 I/wpa_supplicant( 2958): wlan0: Associated with d4:c8:b0:19:ea:60
10-18 09:46:58.350 I/wpa_supplicant( 2958): wlan0: WPA: Key negotiation completed with d4:c8:b0:19:ea:60 [PTK=CCMP GTK=TKIP]
10-18 09:46:58.350 I/wpa_supplicant( 2958): wlan0: CTRL-EVENT-CONNECTED - Connection to d4:c8:b0:19:ea:60 completed (auth) [id=0 id_str=]
10-18 09:46:58.350 W/SocketClient( 2331): write error (Broken pipe)
10-18 09:46:58.350 I/am_create_service( 2789): [0,1107284848,.RPPDStartService,10041,3155]
10-18 09:46:58.360 I/wpa_supplicant( 2958): wlan0: WPA: Group rekeying completed with d4:c8:b0:19:ea:60 [GTK=TKIP]
10-18 09:46:58.360 D/ConnectivityService( 2789): ConnectivityChange for WIFI: CONNECTING/OBTAINING_IPADDR
10-18 09:46:58.360 D/DCT     ( 3026): onReceive: action=android.net.wifi.STATE_CHANGE
10-18 09:46:58.360 D/DCT     ( 3026): onTrySetupData: reason=WIFI_STATE_CHANGED
10-18 09:46:58.360 D/DCT     ( 3026): setupDataOnConnectableApns: WIFI_STATE_CHANGED
10-18 09:46:58.360 D/DCT     ( 3026): setupDataOnConnectableApns: apnContext {mApnType=hipri mState=IDLE mWaitingApns={null} mWaitingApnsPermanentFailureCountDown=0 mApnSetting={null} mReason=radioTurnedOff mDataEnabled=false mDependencyMet=true}
10-18 09:46:58.360 D/DCT     ( 3026): setupDataOnConnectableApns: apnContext {mApnType=mms mState=IDLE mWaitingApns={null} mWaitingApnsPermanentFailureCountDown=0 mApnSetting={null} mReason=radioTurnedOff mDataEnabled=false mDependencyMet=true}
10-18 09:46:58.360 D/DCT     ( 3026): setupDataOnConnectableApns: apnContext {mApnType=supl mState=IDLE mWaitingApns={null} mWaitingApnsPermanentFailureCountDown=0 mApnSetting={null} mReason=radioTurnedOff mDataEnabled=false mDependencyMet=true}
10-18 09:46:58.360 I/connectivity_state_changed( 2789): [1,0,4]
10-18 09:46:58.370 D/MobileDataStateTracker( 2789): fota: Broadcast received: android.intent.action.ANY_DATA_STATE apnType=fota
10-18 09:46:58.370 D/MobileDataStateTracker( 2789): fota: Received state=DISCONNECTED, old=DISCONNECTED, reason=WIFI_STATE_CHANGED
10-18 09:46:58.370 D/MobileDataStateTracker( 2789): supl: Broadcast received: android.intent.action.ANY_DATA_STATE apnType=supl
10-18 09:46:58.370 D/DCT     ( 3026): setupDataOnConnectableApns: apnContext {mApnType=default mState=IDLE mWaitingApns={null} mWaitingApnsPermanentFailureCountDown=0 mApnSetting={null} mReason=roamingOff mDataEnabled=true mDependencyMet=true}
10-18 09:46:58.370 D/DCT     ( 3026): setupDataOnConnectableApns: isConnectable() call trySetupData
10-18 09:46:58.370 D/DCT     ( 3026): trySetupData for type:default due to WIFI_STATE_CHANGED apnContext={mApnType=default mState=IDLE mWaitingApns={null} mWaitingApnsPermanentFailureCountDown=0 mApnSetting={null} mReason=WIFI_STATE_CHANGED mDataEnabled=true mDependencyMet=true}
10-18 09:46:58.370 D/DCT     ( 3026): trySetupData with mIsPsRestricted=false
10-18 09:46:58.370 D/DCT     ( 3026): isDataAllowed: not allowed due to - Attached= false - SIM not loaded
10-18 09:46:58.370 D/DCT     ( 3026): isDataAllowed: not allowed due to - Attached= false - SIM not loaded
10-18 09:46:58.370 D/DCT     ( 3026): [ApnContext:fota] getApnSetting: apnSetting=null
10-18 09:46:58.370 D/DCT     ( 3026): isDataAllowed: not allowed due to - Attached= false - SIM not loaded
10-18 09:46:58.370 D/DCT     ( 3026): [ApnContext:supl] getApnSetting: apnSetting=null
10-18 09:46:58.370 D/DCT     ( 3026): isDataAllowed: not allowed due to - Attached= false - SIM not loaded
10-18 09:46:58.370 D/DCT     ( 3026): [ApnContext:hipri] getApnSetting: apnSetting=null
10-18 09:46:58.380 D/MobileDataStateTracker( 2789): supl: Received state=DISCONNECTED, old=DISCONNECTED, reason=WIFI_STATE_CHANGED
10-18 09:46:58.380 D/MobileDataStateTracker( 2789): hipri: Broadcast received: android.intent.action.ANY_DATA_STATE apnType=hipri
10-18 09:46:58.380 D/MobileDataStateTracker( 2789): hipri: Received state=DISCONNECTED, old=DISCONNECTED, reason=WIFI_STATE_CHANGED
10-18 09:46:58.380 D/MobileDataStateTracker( 2789): ims: Broadcast received: android.intent.action.ANY_DATA_STATE apnType=ims
10-18 09:46:58.380 D/MobileDataStateTracker( 2789): ims: Received state=DISCONNECTED, old=DISCONNECTED, reason=WIFI_STATE_CHANGED
10-18 09:46:58.380 D/MobileDataStateTracker( 2789): default: Broadcast received: android.intent.action.ANY_DATA_STATE apnType=default
10-18 09:46:58.380 D/MobileDataStateTracker( 2789): default: Received state=DISCONNECTED, old=DISCONNECTED, reason=WIFI_STATE_CHANGED
10-18 09:46:58.380 D/MobileDataStateTracker( 2789): mms: Broadcast received: android.intent.action.ANY_DATA_STATE apnType=mms
10-18 09:46:58.380 D/DCT     ( 3026): isDataAllowed: not allowed due to - Attached= false - SIM not loaded
10-18 09:46:58.380 D/DCT     ( 3026): [ApnContext:ims] getApnSetting: apnSetting=null
10-18 09:46:58.380 D/DCT     ( 3026): isDataAllowed: not allowed due to - Attached= false - SIM not loaded
10-18 09:46:58.380 D/DCT     ( 3026): [ApnContext:default] getApnSetting: apnSetting=null
10-18 09:46:58.380 D/DCT     ( 3026): isDataAllowed: not allowed due to - Attached= false - SIM not loaded
10-18 09:46:58.380 D/DCT     ( 3026): [ApnContext:mms] getApnSetting: apnSetting=null
10-18 09:46:58.390 I/jsengine( 3223): mainstartup
10-18 09:46:58.390 E/jsengine( 3223): WeexRuntime is running and mode is multiProcess
10-18 09:46:58.390 D/MobileDataStateTracker( 2789): mms: Received state=DISCONNECTED, old=DISCONNECTED, reason=WIFI_STATE_CHANGED
10-18 09:46:58.390 D/MobileDataStateTracker( 2789): cbs: Broadcast received: android.intent.action.ANY_DATA_STATE apnType=cbs
10-18 09:46:58.390 D/MobileDataStateTracker( 2789): cbs: Received state=DISCONNECTED, old=DISCONNECTED, reason=WIFI_STATE_CHANGED
10-18 09:46:58.390 D/DCT     ( 3026): isDataAllowed: not allowed due to - Attached= false - SIM not loaded
10-18 09:46:58.390 D/DCT     ( 3026): [ApnContext:cbs] getApnSetting: apnSetting=null
10-18 09:46:58.390 D/DCT     ( 3026): trySetupData: X apnContext not 'ready' retValue=false
10-18 09:46:58.390 D/DCT     ( 3026): setupDataOnConnectableApns: apnContext {mApnType=fota mState=IDLE mWaitingApns={null} mWaitingApnsPermanentFailureCountDown=0 mApnSetting={null} mReason=radioTurnedOff mDataEnabled=false mDependencyMet=true}
10-18 09:46:58.390 D/DCT     ( 3026): setupDataOnConnectableApns: apnContext {mApnType=ims mState=IDLE mWaitingApns={null} mWaitingApnsPermanentFailureCountDown=0 mApnSetting={null} mReason=radioTurnedOff mDataEnabled=false mDependencyMet=true}
10-18 09:46:58.390 D/DCT     ( 3026): setupDataOnConnectableApns: apnContext {mApnType=cbs mState=IDLE mWaitingApns={null} mWaitingApnsPermanentFailureCountDown=0 mApnSetting={null} mReason=radioTurnedOff mDataEnabled=false mDependencyMet=true}
10-18 09:46:58.390 D/DCT     ( 3026): NETWORK_STATE_CHANGED_ACTION: mIsWifiConnected=false
10-18 09:46:58.400 I/notification_cancel( 2789): [com.android.phone,7,NULL,0,0,64]
10-18 09:46:58.400 I/notification_cancel( 2789): [com.android.phone,7,NULL,0,0,64]
10-18 09:46:58.400 I/notification_cancel( 2789): [com.android.phone,7,NULL,0,0,64]
10-18 09:46:58.420 I/notification_cancel( 2789): [com.android.phone,7,NULL,0,0,64]
10-18 09:46:58.420 I/notification_cancel( 2789): [com.android.phone,7,NULL,0,0,64]
10-18 09:46:58.420 I/notification_cancel( 2789): [com.android.phone,7,NULL,0,0,64]
10-18 09:46:58.420 I/notification_cancel( 2789): [com.android.phone,7,NULL,0,0,64]
10-18 09:46:58.430 I/netstats_mobile_sample( 2789): [0,0,0,0,0,0,0,0,0,0,0,0,-1]
10-18 09:46:58.430 I/netstats_wifi_sample( 2789): [0,0,0,0,0,0,0,0,0,0,0,0,-1]
10-18 09:46:58.440 E/linzj_IPC( 3088): IPCFutexPageQueue::unlock id: 0 m_tid: 3201 current_tid: 3201 pageStart: -2147480447 
10-18 09:46:58.440 E/WifiStateMachine( 2789): Unexpected BatchedScanResults :OK
10-18 09:46:58.460 E/jsengine( 3223): initICUEnv patch:/system/usr/icu/icudt51l.dat
10-18 09:46:58.490 I/VNC     ( 3255): Initializing framebuffer device...
10-18 09:46:58.490 I/VNC     ( 3255): line_lenght=7680 xres=1920, yres=1080, xresv=1920, yresv=3456, xoffs=0, yoffs=0, bpp=32
10-18 09:46:58.490 I/VNC     ( 3255): Initializing virtual keyboard and touch device...
10-18 09:46:58.530 E/EventHub( 2789): could not get driver version for /dev/input/mouse1, Not a typewriter
10-18 09:46:58.530 I/VNC     ( 3255): Initializing VNC server:
10-18 09:46:58.530 I/VNC     ( 3255): 	width:  1920
10-18 09:46:58.530 I/VNC     ( 3255): 	height: 1080
10-18 09:46:58.530 I/VNC     ( 3255): 	bpp:    32
10-18 09:46:58.530 I/VNC     ( 3255): 	port:   5901
10-18 09:46:58.530 I/VNC     ( 3255): Initializing server...
10-18 09:46:58.530 I/VNC     ( 3255): I'm on update_screen_32
10-18 09:46:58.530 I/am_create_service( 2789): [0,1106269312,.PPFakeService,10041,3088]
10-18 09:46:58.540 D/dalvikvm( 3155): Trying to load lib /data/app-lib/com.wandoujia.phoenix2-1/libwdj_udid.so 0x41d15520
10-18 09:46:58.540 D/dalvikvm( 3155): Added shared lib /data/app-lib/com.wandoujia.phoenix2-1/libwdj_udid.so 0x41d15520
10-18 09:46:58.540 D/dalvikvm( 3155): No JNI_OnLoad found in /data/app-lib/com.wandoujia.phoenix2-1/libwdj_udid.so 0x41d15520, skipping init
10-18 09:46:58.550 I/am_create_service( 2789): [0,1104641696,.PPRemoteIntentService,10041,3155]
10-18 09:46:58.660 W/wpa_supplicant( 2958): wlan0: WPA: EAPOL-Key Replay Counter did not increase - dropping packet
10-18 09:46:58.660 W/dalvikvm( 3088): No implementation found for native Lcom/common/had/Foem;.testssk:()Z
10-18 09:46:58.690 I/EventHub( 2789): New device: id=5, fd=179, path='/dev/input/event4', name='qwerty', classes=0x27, configuration='/system/usr/idc/qwerty.idc', keyLayout='/system/usr/keylayout/qwerty.kl', keyCharacterMap='/system/usr/keychars/qwerty.kcm', builtinKeyboard=true, usingSuspendBlockIoctl=true, usingClockIoctl=false
10-18 09:46:58.690 I/InputReader( 2789): Device reconfigured: id=0, name='qwerty', size 1920x1080, orientation 1, mode 1, display id 0
10-18 09:46:58.690 I/InputReader( 2789): Device added: id=0, name='qwerty', sources=0x00005303
10-18 09:46:58.690 I/ActivityManager( 2789): Config changes=60 {1.0 ?mcc?mnc zh_CN ldltr sw1080dp w1080dp h1847dp 160dpi xlrg long port finger -keyb/v/h dpad/v s.6}
10-18 09:46:58.690 I/configuration_changed( 2789): 96
10-18 09:46:58.850 I/backup_data_changed( 2789): android
10-18 09:46:58.850 I/backup_data_changed( 2789): android
10-18 09:46:58.860 I/am_destroy_service( 2789): [0,1104641696,3155]
10-18 09:46:58.900 I/am_create_service( 2789): [0,1106348272,.RPPDCBMainService,10041,3088]
10-18 09:46:58.910 I/am_create_service( 2789): [0,1106351992,.RPPDCBRemoteService,10041,3155]
10-18 09:46:58.940 W/BackupManagerService( 2789): dataChanged but no participant pkg='com.android.providers.settings' uid=10041
10-18 09:46:58.960 W/wpa_supplicant( 2958): wlan0: WPA: EAPOL-Key Replay Counter did not increase - dropping packet
10-18 09:46:58.980 I/am_create_service( 2789): [0,1104903408,.JunkScannerService,10041,3088]
10-18 09:46:59.010 D/BluetoothAdapter( 2959): 1104280512: getState() :  mService = null. Returning STATE_OFF
10-18 09:46:59.040 W/WindowManager( 2789): Window freeze timeout expired.
10-18 09:46:59.040 W/WindowManager( 2789): Force clearing orientation change: Window{41e70080 u0 com.android.systemui.ImageWallpaper}
10-18 09:46:59.040 D/SipBroadcastReceiver( 3026): onReceive: start auto registration
10-18 09:46:59.050 I/ActivityManager( 2789): Delay finish: com.android.phone/.SipBroadcastReceiver
10-18 09:46:59.210 I/Choreographer( 2865): Skipped 163 frames!  The application may be doing too much work on its main thread.
10-18 09:46:59.210 I/SurfaceFlinger( 2333): Boot is finished (15503 ms)
10-18 09:46:59.290 I/am_destroy_service( 2789): [0,1104903408,3088]
10-18 09:46:59.350 I/sf_frame_dur( 2333): [BootAnimation,0,6,163,0,1,0,0]
10-18 09:46:59.460 W/BackupManagerService( 2789): dataChanged but no participant pkg='com.android.providers.settings' uid=10041
10-18 09:46:59.480 E/linzj_IPC( 3088): IPCFutexPageQueue::unlock id: 1 m_tid: 3201 current_tid: 3201 pageStart: -2147480447 
10-18 09:46:59.490 D/PhoneStatusBar( 2865): mSettingsPanelGravity = 8388661
10-18 09:46:59.500 D/CellBroadcastHandler( 3026): mWakeLock released
10-18 09:46:59.500 D/GsmCellBroadcastHandler( 3026): mWakeLock released
10-18 09:46:59.540 D/CdmaServiceCategoryProgramHandler( 3026): mWakeLock released
10-18 09:46:59.670 D/WifiStateMachine( 2789): VerifyingLinkState enter
10-18 09:46:59.670 D/DCT     ( 3026): onReceive: action=android.net.wifi.STATE_CHANGE
10-18 09:46:59.670 D/DCT     ( 3026): onTrySetupData: reason=WIFI_STATE_CHANGED
10-18 09:46:59.670 D/DCT     ( 3026): setupDataOnConnectableApns: WIFI_STATE_CHANGED
10-18 09:46:59.670 D/DCT     ( 3026): setupDataOnConnectableApns: apnContext {mApnType=hipri mState=IDLE mWaitingApns={null} mWaitingApnsPermanentFailureCountDown=0 mApnSetting={null} mReason=radioTurnedOff mDataEnabled=false mDependencyMet=true}
10-18 09:46:59.670 D/DCT     ( 3026): setupDataOnConnectableApns: apnContext {mApnType=mms mState=IDLE mWaitingApns={null} mWaitingApnsPermanentFailureCountDown=0 mApnSetting={null} mReason=radioTurnedOff mDataEnabled=false mDependencyMet=true}
10-18 09:46:59.670 D/DCT     ( 3026): setupDataOnConnectableApns: apnContext {mApnType=supl mState=IDLE mWaitingApns={null} mWaitingApnsPermanentFailureCountDown=0 mApnSetting={null} mReason=radioTurnedOff mDataEnabled=false mDependencyMet=true}
10-18 09:46:59.670 D/DCT     ( 3026): setupDataOnConnectableApns: apnContext {mApnType=default mState=IDLE mWaitingApns={null} mWaitingApnsPermanentFailureCountDown=0 mApnSetting={null} mReason=WIFI_STATE_CHANGED mDataEnabled=true mDependencyMet=true}
10-18 09:46:59.670 D/DCT     ( 3026): setupDataOnConnectableApns: isConnectable() call trySetupData
10-18 09:46:59.670 D/DCT     ( 3026): trySetupData for type:default due to WIFI_STATE_CHANGED apnContext={mApnType=default mState=IDLE mWaitingApns={null} mWaitingApnsPermanentFailureCountDown=0 mApnSetting={null} mReason=WIFI_STATE_CHANGED mDataEnabled=true mDependencyMet=true}
10-18 09:46:59.670 D/DCT     ( 3026): trySetupData with mIsPsRestricted=false
10-18 09:46:59.680 D/WifiStateMachine( 2789): VerifyingLinkState GOOD_LINK_DETECTED: transition to captive portal check
10-18 09:46:59.680 D/WifiStateMachine( 2789): CaptivePortalCheckState enter
10-18 09:46:59.680 D/DCT     ( 3026): isDataAllowed: not allowed due to - Attached= false - SIM not loaded
10-18 09:46:59.680 D/DCT     ( 3026): isDataAllowed: not allowed due to - Attached= false - SIM not loaded
10-18 09:46:59.680 D/DCT     ( 3026): [ApnContext:fota] getApnSetting: apnSetting=null
10-18 09:46:59.690 D/WifiStateMachine( 2789): CaptivePortalCheckState CMD_CAPTIVE_CHECK_COMPLETE
10-18 09:46:59.690 D/ConnectivityService( 2789): ConnectivityChange for WIFI: CONNECTING/CAPTIVE_PORTAL_CHECK
