10-18 09:47:20.370 I/ActivityManager( 2789): Start proc com.android.deskclock for broadcast com.android.deskclock/.AlarmInitReceiver: pid=3895 uid=10019 gids={50019, 1028}
10-18 09:47:20.370 I/am_proc_start( 2789): [0,3895,10019,com.android.deskclock,broadcast,com.android.deskclock/.AlarmInitReceiver]
10-18 09:47:20.380 I/am_proc_bound( 2789): [0,3895,com.android.deskclock]
10-18 09:47:20.390 D/ActivityThread( 3895): handleBindApplication:com.android.deskclock
10-18 09:47:20.390 D/ActivityThread( 3895): setTargetHeapUtilization:0.75
10-18 09:47:20.390 D/ActivityThread( 3895): setTargetHeapMinFree:524288
10-18 09:47:20.430 V/AlarmClock( 3895): AlarmInitReceiver android.intent.action.BOOT_COMPLETED
10-18 09:47:20.460 V/AlarmClock( 3895): AlarmInitReceiver - Reset timers and clear stopwatch data
10-18 09:47:20.480 I/AlarmClock( 3895): Displaying next alarm time: ''
10-18 09:47:20.490 V/AlarmClock( 3895): AlarmInitReceiver finished
10-18 09:47:20.490 I/LauncherIconVisibilityManager( 3012): Boot has been completed
10-18 09:47:20.490 I/LauncherIconVisibilityManager( 3012): Activity has already been disabled: ComponentInfo{com.android.inputmethod.latin/com.android.inputmethod.latin.setup.SetupActivity}
10-18 09:47:20.500 I/am_create_service( 2789): [0,1108508400,.TaobaoIntentService,10041,3088]
10-18 09:47:20.510 I/ActivityManager( 2789): Delay finish: com.wandoujia.phoenix2/com.taobao.accs.EventReceiver
10-18 09:47:20.510 I/ActivityManager( 2789): Resuming delayed broadcast
10-18 09:47:20.510 I/am_destroy_service( 2789): [0,1108508400,3088]
10-18 09:47:20.550 D/BluetoothAdapter( 2959): 1104280512: getState() :  mService = null. Returning STATE_OFF
10-18 09:47:20.570 I/am_create_service( 2789): [0,1105500448,.DownloadService,10003,3000]
10-18 09:47:20.580 D/ConnectivityService( 2789): getMobileDataEnabled returning true
10-18 09:47:20.590 I/notification_cancel_all( 2789): [com.android.providers.downloads,0,0,64]
10-18 09:47:20.590 I/am_create_service( 2789): [0,1108255176,.TaobaoIntentService,10041,3088]
10-18 09:47:20.610 E/memtrack( 3825): Couldn't load memtrack module (No such file or directory)
10-18 09:47:20.610 E/android.os.Debug( 3825): failed to load memtrack module: -2
10-18 09:47:20.620 D/dalvikvm( 3914): Late-enabling CheckJNI
10-18 09:47:20.630 I/ActivityManager( 2789): Start proc com.uplink.selfstore for broadcast com.uplink.selfstore/cn.jpush.android.service.PushReceiver: pid=3914 uid=10043 gids={50043, 3003, 1028, 1015}
10-18 09:47:20.630 I/am_proc_start( 2789): [0,3914,10043,com.uplink.selfstore,broadcast,com.uplink.selfstore/cn.jpush.android.service.PushReceiver]
10-18 09:47:20.630 I/am_destroy_service( 2789): [0,1108255176,3088]
10-18 09:47:20.650 I/am_proc_bound( 2789): [0,3914,com.uplink.selfstore]
10-18 09:47:20.660 D/ActivityThread( 3914): handleBindApplication:com.uplink.selfstore
10-18 09:47:20.660 D/ActivityThread( 3914): setTargetHeapUtilization:0.75
10-18 09:47:20.660 D/ActivityThread( 3914): setTargetHeapMinFree:524288
10-18 09:47:20.670 W/asset   ( 3914): Asset path /data/app/com.uplink.selfstore-1.apk is neither a directory nor file (type=1).
10-18 09:47:20.670 W/asset   ( 3914): Asset path /data/app/com.uplink.selfstore-1.apk is neither a directory nor file (type=1).
10-18 09:47:20.670 I/am_destroy_service( 2789): [0,1105500448,3000]
10-18 09:47:20.680 D/AndroidRuntime( 3914): Shutting down VM
10-18 09:47:20.680 W/dalvikvm( 3914): threadid=1: thread exiting with uncaught exception (group=0x41a4dba8)
10-18 09:47:20.680 W/asset   ( 2789): Asset path /data/app/com.uplink.selfstore-1.apk is neither a directory nor file (type=1).
10-18 09:47:20.680 W/PackageManager( 2789): Failure retrieving resources forcom.uplink.selfstore
10-18 09:47:20.680 E/AndroidRuntime( 3914): FATAL EXCEPTION: main
10-18 09:47:20.680 E/AndroidRuntime( 3914): Process: com.uplink.selfstore, PID: 3914
10-18 09:47:20.680 E/AndroidRuntime( 3914): java.lang.RuntimeException: Unable to instantiate application com.uplink.selfstore.own.AppContext: java.lang.ClassNotFoundException: Didn't find class "com.uplink.selfstore.own.AppContext" on path: DexPathList[[],nativeLibraryDirectories=[/vendor/lib, /system/lib]]
10-18 09:47:20.680 E/AndroidRuntime( 3914): 	at android.app.LoadedApk.makeApplication(LoadedApk.java:516)
10-18 09:47:20.680 E/AndroidRuntime( 3914): 	at android.app.ActivityThread.handleBindApplication(ActivityThread.java:4411)
10-18 09:47:20.680 E/AndroidRuntime( 3914): 	at android.app.ActivityThread.access$1500(ActivityThread.java:138)
10-18 09:47:20.680 E/AndroidRuntime( 3914): 	at android.app.ActivityThread$H.handleMessage(ActivityThread.java:1259)
10-18 09:47:20.680 E/AndroidRuntime( 3914): 	at android.os.Handler.dispatchMessage(Handler.java:102)
10-18 09:47:20.680 E/AndroidRuntime( 3914): 	at android.os.Looper.loop(Looper.java:136)
10-18 09:47:20.680 E/AndroidRuntime( 3914): 	at android.app.ActivityThread.main(ActivityThread.java:5111)
10-18 09:47:20.680 E/AndroidRuntime( 3914): 	at java.lang.reflect.Method.invokeNative(Native Method)
10-18 09:47:20.680 E/AndroidRuntime( 3914): 	at java.lang.reflect.Method.invoke(Method.java:515)
10-18 09:47:20.680 E/AndroidRuntime( 3914): 	at com.android.internal.os.ZygoteInit$MethodAndArgsCaller.run(ZygoteInit.java:779)
10-18 09:47:20.680 E/AndroidRuntime( 3914): 	at com.android.internal.os.ZygoteInit.main(ZygoteInit.java:595)
10-18 09:47:20.680 E/AndroidRuntime( 3914): 	at dalvik.system.NativeStart.main(Native Method)
10-18 09:47:20.680 E/AndroidRuntime( 3914): Caused by: java.lang.ClassNotFoundException: Didn't find class "com.uplink.selfstore.own.AppContext" on path: DexPathList[[],nativeLibraryDirectories=[/vendor/lib, /system/lib]]
10-18 09:47:20.680 E/AndroidRuntime( 3914): 	at dalvik.system.BaseDexClassLoader.findClass(BaseDexClassLoader.java:56)
10-18 09:47:20.680 E/AndroidRuntime( 3914): 	at java.lang.ClassLoader.loadClass(ClassLoader.java:497)
10-18 09:47:20.680 E/AndroidRuntime( 3914): 	at java.lang.ClassLoader.loadClass(ClassLoader.java:457)
10-18 09:47:20.680 E/AndroidRuntime( 3914): 	at android.app.Instrumentation.newApplication(Instrumentation.java:975)
10-18 09:47:20.680 E/AndroidRuntime( 3914): 	at android.app.LoadedApk.makeApplication(LoadedApk.java:511)
10-18 09:47:20.680 E/AndroidRuntime( 3914): 	... 11 more
10-18 09:47:20.680 I/am_crash( 2789): [3914,0,com.uplink.selfstore,13155910,java.lang.ClassNotFoundException,Didn't find class "com.uplink.selfstore.own.AppContext" on path: DexPathList[[],nativeLibraryDirectories=[/vendor/lib, /system/lib]],BaseDexClassLoader.java,56]
10-18 09:47:20.680 I/am_destroy_service( 2789): [0,1108104520,3000]
10-18 09:47:20.680 I/am_broadcast_discard_app( 2789): [0,1106334704,android.net.conn.CONNECTIVITY_CHANGE,4,ResolveInfo{41e26038 com.uplink.selfstore/cn.jpush.android.service.PushReceiver m=0x108000}]
10-18 09:47:20.730 D/AndroidRuntime( 3825): Calling main entry com.android.commands.am.Am
10-18 09:47:20.760 I/ActivityManager( 2789): START u0 {act=android.intent.action.MAIN cat=[android.intent.category.LAUNCHER] flg=0x10000000 cmp=com.uplink.selfstore/.activity.InitDataActivity} from pid 3825
10-18 09:47:20.760 I/wm_stack_created( 2789): [1,0,6,100]
10-18 09:47:20.760 I/am_create_task( 2789): [0,2]
10-18 09:47:20.760 I/am_create_activity( 2789): [0,1105304032,2,com.uplink.selfstore/.activity.InitDataActivity,android.intent.action.MAIN,NULL,NULL,268435456]
10-18 09:47:20.760 I/wm_task_created( 2789): [2,1]
10-18 09:47:20.760 I/wm_task_moved( 2789): [2,1,1]
10-18 09:47:20.760 I/wm_home_stack_moved( 2789): 0
10-18 09:47:20.770 D/PermissionCache( 2333): checking android.permission.READ_FRAME_BUFFER for uid=1000 => granted (165 us)
10-18 09:47:20.840 I/am_pause_activity( 2789): [0,1106693888,com.android.launcher/com.android.launcher2.Launcher]
10-18 09:47:20.840 I/am_on_paused_called( 3041): [0,com.android.launcher2.Launcher]
10-18 09:47:20.880 D/AndroidRuntime( 3825): Shutting down VM
10-18 09:47:20.880 D/dalvikvm( 3825): Debugger has detached; object registry had 1 entries
10-18 09:47:20.880 I/am_restart_activity( 2789): [0,1105304032,2,com.uplink.selfstore/.activity.InitDataActivity]
10-18 09:47:20.900 I/CalendarProvider2( 3800): Sending notification intent: Intent { act=android.intent.action.PROVIDER_CHANGED dat=content://com.android.calendar }
10-18 09:47:20.900 W/ContentResolver( 3800): Failed to get type for: content://com.android.calendar (Unknown URL content://com.android.calendar)
10-18 09:47:20.900 I/am_destroy_service( 2789): [0,1108110336,3800]
10-18 09:47:21.070 I/sf_frame_dur( 2333): [com.android.launcher/com.android.launcher2.Launcher,0,0,3,1,1,2,2]
10-18 09:47:22.210 V/AlarmClock( 3895): AlarmInitReceiver android.intent.action.TIME_SET
10-18 09:47:22.230 I/AlarmClock( 3895): Displaying next alarm time: ''
10-18 09:47:22.230 V/AlarmClock( 3895): AlarmInitReceiver finished
10-18 09:47:22.260 I/ActivityManager( 2789): Start proc com.android.musicfx for broadcast com.android.musicfx/.Compatibility$Receiver: pid=3942 uid=10007 gids={50007, 3003, 3002}
10-18 09:47:22.260 I/am_proc_start( 2789): [0,3942,10007,com.android.musicfx,broadcast,com.android.musicfx/.Compatibility$Receiver]
10-18 09:47:22.270 I/am_proc_bound( 2789): [0,3942,com.android.musicfx]
10-18 09:47:22.280 D/ActivityThread( 3942): handleBindApplication:com.android.musicfx
10-18 09:47:22.280 D/ActivityThread( 3942): setTargetHeapUtilization:0.75
10-18 09:47:22.280 D/ActivityThread( 3942): setTargetHeapMinFree:524288
10-18 09:47:22.300 I/am_create_service( 2789): [0,1107330752,.Compatibility$Service,10007,3942]
10-18 09:47:22.310 I/ActivityManager( 2789): Start proc com.android.gallery3d for broadcast com.android.gallery3d/.app.PackagesMonitor: pid=3955 uid=10022 gids={50022, 3003, 1028, 1015}
10-18 09:47:22.310 I/am_proc_start( 2789): [0,3955,10022,com.android.gallery3d,broadcast,com.android.gallery3d/.app.PackagesMonitor]
10-18 09:47:22.330 I/am_destroy_service( 2789): [0,1107330752,3942]
10-18 09:47:22.330 I/am_proc_bound( 2789): [0,3955,com.android.gallery3d]
10-18 09:47:22.340 D/ActivityThread( 3955): handleBindApplication:com.android.gallery3d
10-18 09:47:22.340 D/ActivityThread( 3955): setTargetHeapUtilization:0.75
10-18 09:47:22.340 D/ActivityThread( 3955): setTargetHeapMinFree:524288
10-18 09:47:22.430 I/am_create_service( 2789): [0,1107107216,.PackagesMonitor$AsyncService,10022,3955]
10-18 09:47:22.440 I/ActivityManager( 2789): Start proc com.android.keychain for broadcast com.android.keychain/.KeyChainBroadcastReceiver: pid=3970 uid=1000 gids={41000, 1028, 1015, 3002, 3001, 3003}
10-18 09:47:22.440 I/am_proc_start( 2789): [0,3970,1000,com.android.keychain,broadcast,com.android.keychain/.KeyChainBroadcastReceiver]
10-18 09:47:22.450 I/am_proc_bound( 2789): [0,3970,com.android.keychain]
10-18 09:47:22.450 I/am_destroy_service( 2789): [0,1107107216,3955]
10-18 09:47:22.460 D/ActivityThread( 3970): handleBindApplication:com.android.keychain
10-18 09:47:22.460 D/ActivityThread( 3970): setTargetHeapUtilization:0.75
10-18 09:47:22.460 D/ActivityThread( 3970): setTargetHeapMinFree:524288
10-18 09:47:22.490 W/ContextImpl( 3970): Calling a method in the system process without a qualified user: android.app.ContextImpl.startService:1485 android.content.ContextWrapper.startService:494 android.content.ContextWrapper.startService:494 com.android.keychain.KeyChainBroadcastReceiver.onReceive:12 android.app.ActivityThread.handleReceiver:2422 
10-18 09:47:22.490 I/am_create_service( 2789): [0,1106688632,.KeyChainService,1000,3970]
10-18 09:47:22.490 I/am_create_service( 2789): [0,1106638392,.TaobaoIntentService,10041,3088]
10-18 09:47:22.500 I/am_destroy_service( 2789): [0,1106638392,3088]
10-18 09:47:22.520 I/am_destroy_service( 2789): [0,1106688632,3970]
10-18 09:47:22.660 D/CaptivePortalTracker( 2789): Probably not a portal: exception java.net.SocketTimeoutException: failed to connect to /74.125.204.100 (port 80) after 10000ms
10-18 09:47:22.660 D/CaptivePortalTracker( 2789): Don't send network conditions - lacking user consent.
10-18 09:47:22.660 D/CaptivePortalTracker( 2789): Not captive network NetworkInfo: type: WIFI[], state: CONNECTED/CONNECTED, reason: (unspecified), extra: "全线通信息科技公司", roaming: false, failover: false, isAvailable: true, isConnectedToProvisioningNetwork: false
10-18 09:47:22.660 D/CaptivePortalTracker( 2789): notifyPortalCheckCompleted: captive=false ni=NetworkInfo: type: WIFI[], state: CONNECTED/CONNECTED, reason: (unspecified), extra: "全线通信息科技公司", roaming: false, failover: false, isAvailable: true, isConnectedToProvisioningNetwork: false
10-18 09:47:22.660 D/ConnectivityService( 2789): captivePortalCheckCompleted: ni=NetworkInfo: type: WIFI[], state: CONNECTED/CONNECTED, reason: (unspecified), extra: "全线通信息科技公司", roaming: false, failover: false, isAvailable: true, isConnectedToProvisioningNetwork: false captive=false
10-18 09:47:29.540 I/am_destroy_service( 2789): [0,1108183824,3443]
10-18 09:47:30.840 E/WindowManager( 2789): Starting window AppWindowToken{4211d1a8 token=Token{41f18fe0 ActivityRecord{41e199e0 u0 com.uplink.selfstore/.activity.InitDataActivity t2}}} timed out
10-18 09:47:30.850 W/ActivityManager( 2789): Launch timeout has expired, giving up wake lock!
10-18 09:47:31.740 I/am_create_service( 2789): [0,1106599344,.OOMADJNotificationService,10041,3088]
10-18 09:47:31.740 I/am_create_service( 2789): [0,1106514264,.ForegroundAssistServiceForMainThread,10041,3088]
10-18 09:47:31.770 I/notification_enqueue( 2789): [com.wandoujia.phoenix2,3088,NULL,0,Notification(pri=-2 contentView=com.wandoujia.phoenix2/0x1090064 vibrate=null sound=null defaults=0x0 flags=0x40 kind=[null])]
10-18 09:47:31.790 I/notification_enqueue( 2789): [com.wandoujia.phoenix2,3088,NULL,0,Notification(pri=-2 contentView=com.wandoujia.phoenix2/0x1090064 vibrate=null sound=null defaults=0x0 flags=0x40 kind=[null])]
10-18 09:47:31.790 I/notification_cancel( 2789): [com.wandoujia.phoenix2,3088,NULL,0,0,0]
10-18 09:47:31.790 I/am_destroy_service( 2789): [0,1106514264,3088]
