10-18 09:47:02.520 D/dalvikvm( 3459): No JNI_OnLoad found in /data/app-lib/com.wandoujia.phoenix2-1/libwdj_udid.so 0x41d17050, skipping init
10-18 09:47:02.750 D/Tethering( 2789): MasterInitialState.processMessage what=3
10-18 09:47:02.750 D/ConnectivityService( 2789): sendStickyBroadcast: action=android.net.conn.CONNECTIVITY_CHANGE
10-18 09:47:02.760 D/        ( 2789): Setting time of day to sec=1539827222
10-18 09:47:02.670 D/GpsLocationProvider( 2789): NTP server returned: 1539827219930 (Thu Oct 18 09:46:59 GMT+08:00 2018) reference: 26359 certainty: 132 system time offset: -2750
10-18 09:47:02.670 E/GpsXtraDownloader( 2789): No XTRA servers were specified in the GPS configuration
10-18 09:47:02.680 D/AndroidRuntime( 3516): 
10-18 09:47:02.680 D/AndroidRuntime( 3516): >>>>>> AndroidRuntime START com.android.internal.os.RuntimeInit <<<<<<
10-18 09:47:02.680 D/AndroidRuntime( 3516): CheckJNI is OFF
10-18 09:47:02.680 I/AndroidRuntime( 3516): JNI options: '-Xjniopts:warnonly'
10-18 09:47:02.730 D/dalvikvm( 3516): Trying to load lib libjavacore.so 0x0
10-18 09:47:02.750 D/dalvikvm( 3516): Added shared lib libjavacore.so 0x0
10-18 09:47:02.760 D/dalvikvm( 3516): Trying to load lib libnativehelper.so 0x0
10-18 09:47:02.760 D/dalvikvm( 3516): Added shared lib libnativehelper.so 0x0
10-18 09:47:02.760 D/dalvikvm( 3516): No JNI_OnLoad found in libnativehelper.so 0x0, skipping init
10-18 09:47:02.760 D/CaptivePortalTracker( 2789): NoActiveNetworkState{ when=0 what=1 obj=NetworkInfo: type: WIFI[], state: CONNECTED/CONNECTED, reason: (unspecified), extra: "全线通信息科技公司", roaming: false, failover: false, isAvailable: true, isConnectedToProvisioningNetwork: false target=com.android.internal.util.StateMachine$SmHandler }
10-18 09:47:02.820 D/dalvikvm( 3516): Note: class Landroid/app/ActivityManagerNative; has 179 unimplemented (abstract) methods
10-18 09:47:02.990 W/BackupManagerService( 2789): dataChanged but no participant pkg='com.android.providers.settings' uid=10041
10-18 09:47:03.120 E/memtrack( 3516): Couldn't load memtrack module (No such file or directory)
10-18 09:47:03.120 E/android.os.Debug( 3516): failed to load memtrack module: -2
10-18 09:47:03.160 D/dalvikvm( 3155): GetMethodID: not returning static method Landroid/telephony/TelephonyManager;.getPhoneType (I)I
10-18 09:47:03.160 D/dalvikvm( 3155): GetMethodID: not returning static method Landroid/os/Build;.getRadioVersion ()Ljava/lang/String;
10-18 09:47:03.250 D/AndroidRuntime( 3516): Calling main entry com.android.commands.pm.Pm
10-18 09:47:03.300 D/AndroidRuntime( 3516): Shutting down VM
10-18 09:47:03.300 D/jdwp    ( 3516): Got wake-up signal, bailing out of select
10-18 09:47:03.300 D/dalvikvm( 3516): Debugger has detached; object registry had 1 entries
10-18 09:47:03.310 W/BackupManagerService( 2789): dataChanged but no participant pkg='com.android.providers.settings' uid=10041
10-18 09:47:03.850 I/dalvikvm( 3088): DexOpt: unable to optimize static field ref 0x27ec at 0x15 in Lcom/taobao/tlog/adapter/AdapterForTLog;.getLogLevel
10-18 09:47:03.860 I/dalvikvm( 3088): DexOpt: unable to optimize static field ref 0x27ec at 0x1c in Lcom/taobao/tlog/adapter/AdapterForTLog;.getLogLevel
10-18 09:47:03.940 I/dalvikvm( 3088): DexOpt: unable to optimize static field ref 0x0506 at 0x04 in Lcom/taobao/accs/antibrush/CookieMgr;.checkSetup
10-18 09:47:03.940 I/dalvikvm( 3088): DexOpt: unable to optimize static field ref 0x0506 at 0x08 in Lcom/taobao/accs/antibrush/CookieMgr;.checkSetup
10-18 09:47:04.100 D/dalvikvm( 3088): DexOpt: unable to opt direct call 0x3dbc at 0x84 in Lanet/channel/a/b;.a
10-18 09:47:04.110 D/dalvikvm( 3088): Trying to load lib /data/app-lib/com.wandoujia.phoenix2-1/libtnet-3.1.9.so 0x41d1e938
10-18 09:47:04.120 D/dalvikvm( 3088): Added shared lib /data/app-lib/com.wandoujia.phoenix2-1/libtnet-3.1.9.so 0x41d1e938
10-18 09:47:04.160 D/dalvikvm( 3088): DexOpt: unable to opt direct call 0x6515 at 0x0b in Lcom/taobao/accs/utl/UTMini;.commitEvent
10-18 09:47:04.160 D/dalvikvm( 3088): DexOpt: unable to opt direct call 0x6515 at 0x0e in Lcom/taobao/accs/utl/UTMini;.commitEvent
10-18 09:47:04.170 D/dalvikvm( 3088): DexOpt: unable to opt direct call 0x6515 at 0x11 in Lcom/taobao/accs/utl/UTMini;.commitEvent
10-18 09:47:04.170 D/dalvikvm( 3088): DexOpt: unable to opt direct call 0x6515 at 0x11 in Lcom/taobao/accs/utl/UTMini;.commitEvent
10-18 09:47:04.170 I/dalvikvm( 3088): Failed resolving Lcom/taobao/accs/utl/UTMini$1; interface 4644 'Lcom/ut/mini/IUTApplication;'
10-18 09:47:04.170 W/dalvikvm( 3088): Link of class 'Lcom/taobao/accs/utl/UTMini$1;' failed
10-18 09:47:04.170 I/dalvikvm( 3459): DexOpt: unable to optimize static field ref 0x27ec at 0x15 in Lcom/taobao/tlog/adapter/AdapterForTLog;.getLogLevel
10-18 09:47:04.170 I/dalvikvm( 3459): DexOpt: unable to optimize static field ref 0x27ec at 0x1c in Lcom/taobao/tlog/adapter/AdapterForTLog;.getLogLevel
10-18 09:47:04.170 I/dalvikvm( 3088): Failed resolving Lcom/taobao/accs/utl/UTMini$1; interface 4644 'Lcom/ut/mini/IUTApplication;'
10-18 09:47:04.170 W/dalvikvm( 3088): Link of class 'Lcom/taobao/accs/utl/UTMini$1;' failed
10-18 09:47:04.170 D/dalvikvm( 3088): DexOpt: unable to opt direct call 0x49d2 at 0x07 in Lcom/taobao/accs/utl/UTMini;.start
10-18 09:47:04.170 I/am_create_service( 2789): [0,1104698584,.ChannelService,10041,3459]
10-18 09:47:04.180 I/RILJ    ( 3026): Connected to 'rild' socket
10-18 09:47:04.180 I/RILC    ( 2339): libril: new connection
10-18 09:47:04.180 I/RILC    ( 2339): RIL Daemon version: V100R005B003D30SP00C03-demo
10-18 09:47:04.180 D/RILJ    ( 3026): [UNSL]< UNSOL_RIL_CONNECTED {6}
10-18 09:47:04.180 D/RILJ    ( 3026): [3649]> RADIO_POWER off
10-18 09:47:04.180 D/RILJ    ( 3026): [3650]> REQUEST_SET_PREFERRED_NETWORK_TYPE : 9
10-18 09:47:04.180 D/use-Rlog/RLOG-RIL( 2339): onRequests: RADIO_POWER, sState:3
10-18 09:47:04.180 D/use-Rlog/RLOG-RIL( 2339): AT> AT+CFUN=0
10-18 09:47:04.180 D/RILJ    ( 3026): [3651]> RIL_REQUEST_CDMA_SET_SUBSCRIPTION_SOURCE : 1
10-18 09:47:04.180 D/RILJ    ( 3026): setCellInfoListRate: 2147483647
10-18 09:47:04.180 D/RILJ    ( 3026): [3652]> RIL_REQUEST_SET_CELL_INFO_LIST_RATE
10-18 09:47:04.180 D/Dcc     ( 3026): DccDefaultState: msg.what=EVENT_RIL_CONNECTED mRilVersion=6
10-18 09:47:04.180 D/RILJ    ( 3026): [UNSL]< UNSOL_RESPONSE_RADIO_STATE_CHANGED RADIO_ON
10-18 09:47:04.180 D/RILJ    ( 3026): [3653]> OPERATOR
10-18 09:47:04.180 D/RILJ    ( 3026): [3654]> SCREEN_STATE: true
10-18 09:47:04.180 D/RILJ    ( 3026): [3655]> DATA_REGISTRATION_STATE
10-18 09:47:04.180 D/RILJ    ( 3026): [3656]> VOICE_REGISTRATION_STATE
10-18 09:47:04.190 D/RILJ    ( 3026): [3657]> QUERY_NETWORK_SELECTION_MODE
10-18 09:47:04.190 D/DCT     ( 3026): handleMessage msg={ when=-3ms what=270337 obj=android.os.AsyncResult@41dfdbb8 target=com.android.internal.telephony.dataconnection.DcTracker }
10-18 09:47:04.190 D/DCT     ( 3026): onRadioAvailable
10-18 09:47:04.190 D/DCT     ( 3026): overall state is IDLE
10-18 09:47:04.190 D/RILJ    ( 3026): [3658]> BASEBAND_VERSION
10-18 09:47:04.190 D/RILJ    ( 3026): [3659]> GET_IMEI
10-18 09:47:04.190 D/RILJ    ( 3026): [3660]> GET_IMEISV
10-18 09:47:04.190 D/UiccController( 3026): Received EVENT_ICC_STATUS_CHANGED, calling getIccCardStatus
10-18 09:47:04.190 D/RILJ    ( 3026): [3661]> GET_SIM_STATUS
10-18 09:47:04.190 D/RILJ    ( 3026): [3662]> GET_CURRENT_CALLS
10-18 09:47:04.190 D/RILJ    ( 3026): [3663]> RIL_REQUEST_IMS_REGISTRATION_STATE
10-18 09:47:04.190 D/RILJ    ( 3026): [3664]> RIL_REQUEST_VOICE_RADIO_TECH
10-18 09:47:04.190 D/RILJ    ( 3026): [3665]> RIL_REQUEST_CDMA_GET_SUBSCRIPTION_SOURCE
10-18 09:47:04.200 D/dalvikvm( 3459): DexOpt: unable to opt direct call 0x3dbc at 0x84 in Lanet/channel/a/b;.a
10-18 09:47:04.210 I/dalvikvm( 3459): DexOpt: unable to optimize static field ref 0x0506 at 0x04 in Lcom/taobao/accs/antibrush/CookieMgr;.checkSetup
10-18 09:47:04.220 I/dalvikvm( 3459): DexOpt: unable to optimize static field ref 0x0506 at 0x08 in Lcom/taobao/accs/antibrush/CookieMgr;.checkSetup
10-18 09:47:04.240 W/ActivityManager( 2789): Unable to start service Intent { pkg=com.wandoujia.phoenix2 cmp=com.wandoujia.phoenix2/com.taobao.accs.ChannelService$KernelService } U=0: not found
10-18 09:47:04.240 W/ActivityManager( 2789): Unable to start service Intent { act=org.rome.android.IPP_CALL pkg=com.eg.android.AlipayGphone cmp=com.eg.android.AlipayGphone/org.rome.android.ipp.binder.IppService (has extras) } U=0: not found
10-18 09:47:04.260 D/dalvikvm( 3459): DexOpt: unable to opt direct call 0x6515 at 0x0b in Lcom/taobao/accs/utl/UTMini;.commitEvent
10-18 09:47:04.260 D/dalvikvm( 3459): DexOpt: unable to opt direct call 0x6515 at 0x0e in Lcom/taobao/accs/utl/UTMini;.commitEvent
10-18 09:47:04.270 D/dalvikvm( 3459): DexOpt: unable to opt direct call 0x6515 at 0x11 in Lcom/taobao/accs/utl/UTMini;.commitEvent
10-18 09:47:04.270 D/dalvikvm( 3088): GetMethodID: not returning static method Landroid/telephony/TelephonyManager;.getPhoneType (I)I
10-18 09:47:04.270 D/dalvikvm( 3088): GetMethodID: not returning static method Landroid/os/Build;.getRadioVersion ()Ljava/lang/String;
10-18 09:47:04.270 D/dalvikvm( 3459): DexOpt: unable to opt direct call 0x6515 at 0x11 in Lcom/taobao/accs/utl/UTMini;.commitEvent
10-18 09:47:04.270 I/dalvikvm( 3459): Failed resolving Lcom/taobao/accs/utl/UTMini$1; interface 4644 'Lcom/ut/mini/IUTApplication;'
10-18 09:47:04.270 W/dalvikvm( 3459): Link of class 'Lcom/taobao/accs/utl/UTMini$1;' failed
10-18 09:47:04.280 I/dalvikvm( 3459): Failed resolving Lcom/taobao/accs/utl/UTMini$1; interface 4644 'Lcom/ut/mini/IUTApplication;'
10-18 09:47:04.280 W/dalvikvm( 3459): Link of class 'Lcom/taobao/accs/utl/UTMini$1;' failed
10-18 09:47:04.280 D/dalvikvm( 3459): DexOpt: unable to opt direct call 0x49d2 at 0x07 in Lcom/taobao/accs/utl/UTMini;.start
10-18 09:47:04.310 D/use-Rlog/RLOG-RIL( 2339): AT< OK
10-18 09:47:04.310 D/use-Rlog/RLOG-RIL( 2339): oldState 3, sState 3, newState0
10-18 09:47:04.310 D/use-Rlog/RLOG-RIL( 2339): SetRadioState: sState=0
10-18 09:47:04.310 D/use-Rlog/RLOG-RIL( 2339): onRequest: RADIO_POWER, Local implementation,  AT cmd sent
10-18 09:47:04.310 D/use-Rlog/RLOG-RIL( 2339): onRequests: SET_PREFERRED_NETWORK_TYPE, sState:0
10-18 09:47:04.310 D/use-Rlog/RLOG-RIL( 2339): onRequests: CDMA_SET_SUBSCRIPTION_SOURCE, sState:0
10-18 09:47:04.310 D/use-Rlog/RLOG-RIL( 2339): onRequests: SET_UNSOL_CELL_INFO_LIST_RATE, sState:0
10-18 09:47:04.310 D/RILJ    ( 3026): [UNSL]< UNSOL_RESPONSE_RADIO_STATE_CHANGED RADIO_OFF
10-18 09:47:04.310 D/use-Rlog/RLOG-RIL( 2339): onRequests: OPERATOR, sState:0
10-18 09:47:04.310 D/use-Rlog/RLOG-RIL( 2339): onRequests: DATA_REGISTRATION_STATE, sState:0
10-18 09:47:04.310 D/use-Rlog/RLOG-RIL( 2339): onRequests: VOICE_REGISTRATION_STATE, sState:0
10-18 09:47:04.310 D/use-Rlog/RLOG-RIL( 2339): onRequests: QUERY_NETWORK_SELECTION_MODE, sState:0
10-18 09:47:04.310 D/use-Rlog/RLOG-RIL( 2339): onRequests: BASEBAND_VERSION, sState:0
10-18 09:47:04.310 D/use-Rlog/RLOG-RIL( 2339): AT> AT+CGMR
10-18 09:47:04.310 D/RILJ    ( 3026): [3649]< RADIO_POWER 
10-18 09:47:04.310 D/RilRequest( 3026): [3650]< REQUEST_SET_PREFERRED_NETWORK_TYPE error: com.android.internal.telephony.CommandException: RADIO_NOT_AVAILABLE ret=
10-18 09:47:04.310 D/RilRequest( 3026): [3651]< RIL_REQUEST_CDMA_SET_SUBSCRIPTION_SOURCE error: com.android.internal.telephony.CommandException: RADIO_NOT_AVAILABLE ret=
10-18 09:47:04.310 D/RilRequest( 3026): [3652]< RIL_REQUEST_SET_CELL_INFO_LIST_RATE error: com.android.internal.telephony.CommandException: RADIO_NOT_AVAILABLE ret=
10-18 09:47:04.310 D/RilRequest( 3026): [3653]< OPERATOR error: com.android.internal.telephony.CommandException: RADIO_NOT_AVAILABLE ret=
10-18 09:47:04.310 D/RilRequest( 3026): [3655]< DATA_REGISTRATION_STATE error: com.android.internal.telephony.CommandException: RADIO_NOT_AVAILABLE ret=
10-18 09:47:04.310 D/RilRequest( 3026): [3656]< VOICE_REGISTRATION_STATE error: com.android.internal.telephony.CommandException: RADIO_NOT_AVAILABLE ret=
10-18 09:47:04.310 D/RilRequest( 3026): [3657]< QUERY_NETWORK_SELECTION_MODE error: com.android.internal.telephony.CommandException: RADIO_NOT_AVAILABLE ret=
10-18 09:47:04.310 D/RILJ    ( 3026): [3666]> RADIO_POWER on
10-18 09:47:04.310 D/PHONE   ( 3026): [ServiceState] setNullState=3
10-18 09:47:04.310 D/GsmSST  ( 3026): [GsmSST] Poll ServiceState done:  oldSS=[1 1 home null null null  Unknown Unknown CSS not supported -1 -1 RoamInd=-1 DefRoamInd=-1 EmergOnly=false] newSS=[3 3 home null null null  Unknown Unknown CSS not supported -1 -1 RoamInd=-1 DefRoamInd=-1 EmergOnly=false] oldMaxDataCalls=1 mNewMaxDataCalls=1 oldReasonDataDenied=-1 mNewReasonDataDenied=-1
10-18 09:47:04.310 D/use-Rlog/RLOG-RIL( 2339): AT< EC20CEFAR02A11M4G
10-18 09:47:04.310 D/PHONE   ( 3026): [ServiceState] setNullState=1
10-18 09:47:04.310 D/use-Rlog/RLOG-RIL( 2339): HwRilUnsolicited: Unexpected service type:8
10-18 09:47:04.310 D/use-Rlog/RLOG-RIL( 2339): AT< OK
10-18 09:47:04.310 D/GsmSST  ( 3026): [GsmSST] updateSpnDisplay: radio is off w/ showPlmn=false plmn=null
10-18 09:47:04.310 D/use-Rlog/RLOG-RIL( 2339): onRequest: BASEBAND_VERSION, Local implementation,  AT cmd sent
10-18 09:47:04.310 D/use-Rlog/RLOG-RIL( 2339): onRequests: GET_IMEI, sState:0
10-18 09:47:04.310 D/use-Rlog/RLOG-RIL( 2339): AT> AT+CGSN
10-18 09:47:04.310 D/GsmSST  ( 3026): [GsmSST] updateSpnDisplay: changed sending intent rule=0 showPlmn='false' plmn='null' showSpn='false' spn=''
10-18 09:47:04.310 D/RilRequest( 3026): [3658]< BASEBAND_VERSION error: com.android.internal.telephony.CommandException: GENERIC_FAILURE ret=
10-18 09:47:04.310 D/use-Rlog/RLOG-RIL( 2339): AT< ***************
10-18 09:47:04.310 D/use-Rlog/RLOG-RIL( 2339): AT< OK
10-18 09:47:04.310 D/use-Rlog/RLOG-RIL( 2339): onRequest: GET_IMEI, Local implementation,  AT cmd sent
10-18 09:47:04.310 D/use-Rlog/RLOG-RIL( 2339): onRequests: GET_IMEISV, sState:0
10-18 09:47:04.310 D/use-Rlog/RLOG-RIL( 2339): AT> AT^IMEISV?
10-18 09:47:04.310 D/RILJ    ( 3026): [3659]< GET_IMEI 
10-18 09:47:04.310 D/use-Rlog/RLOG-RIL( 2339): AT< ERROR
10-18 09:47:04.310 I/gsm_service_state_change( 3026): [1,1,3,3]
10-18 09:47:04.320 D/use-Rlog/RLOG-RIL( 2339): onRequest: GET_IMEISV, Local implementation,  AT cmd sent
10-18 09:47:04.320 D/use-Rlog/RLOG-RIL( 2339): onRequests: SCREEN_STATE, sState:0
10-18 09:47:04.320 D/use-Rlog/RLOG-RIL( 2339): AT> AT^NDISSTATQRY?
10-18 09:47:04.320 D/RilRequest( 3026): [3660]< GET_IMEISV error: com.android.internal.telephony.CommandException: GENERIC_FAILURE ret=
10-18 09:47:04.320 D/GsmSST  ( 3026): [GsmSST] operatorNumeric is null
10-18 09:47:04.320 D/use-Rlog/RLOG-RIL( 2339): AT< ERROR
10-18 09:47:04.320 D/use-Rlog/RLOG-RIL( 2339): AT> AT+CGACT?
10-18 09:47:04.320 D/use-Rlog/RLOG-RIL( 2339): AT< ERROR
10-18 09:47:04.320 D/use-Rlog/RLOG-RIL( 2339): AT> AT^CURC=1
10-18 09:47:04.320 D/RILJ    ( 3026): responseDataCallList ver=6 num=0
10-18 09:47:04.320 D/RILJ    ( 3026): [UNSL]< UNSOL_DATA_CALL_LIST_CHANGED []
10-18 09:47:04.320 D/Dcc     ( 3026): onDataStateChanged: dcsList=[] mDcListActiveByCid={}
10-18 09:47:04.320 D/Dcc     ( 3026): onDataStateChanged: dcsToRetry=[]
10-18 09:47:04.320 D/use-Rlog/RLOG-RIL( 2339): AT< ERROR
10-18 09:47:04.320 D/use-Rlog/RLOG-RIL( 2339): AT> AT+CREG=2
10-18 09:47:04.320 D/Dcc     ( 3026): onDataStateChanged: dcsToRetry=[] apnsToCleanup=[]
10-18 09:47:04.320 D/GsmSST  ( 3026): [GsmSST] notifyDataRegStateRilRadioTechnologyChanged: drs=3 rat=0
10-18 09:47:04.320 D/Dcc     ( 3026): onDataStateChanged: X
10-18 09:47:04.320 D/use-Rlog/RLOG-RIL( 2339): AT< OK
10-18 09:47:04.320 D/use-Rlog/RLOG-RIL( 2339): AT> AT+CGREG=2
10-18 09:47:04.320 D/DCT     ( 3026): get all active apn types
10-18 09:47:04.330 D/MobileDataStateTracker( 2789): fota: Broadcast received: android.intent.action.ANY_DATA_STATE apnType=fota
10-18 09:47:04.330 D/DCT     ( 3026): handleMessage msg={ when=-18ms what=270342 obj=android.os.AsyncResult@41e003a0 target=com.android.internal.telephony.dataconnection.DcTracker }
10-18 09:47:04.330 D/DCT     ( 3026): onRadioOffOrNotAvailable: is off and clean up all connections
10-18 09:47:04.330 D/DCT     ( 3026): cleanUpAllConnections: tearDown=false reason=radioTurnedOff
10-18 09:47:04.330 D/DCT     ( 3026): cleanUpConnection: E tearDown=false reason=radioTurnedOff apnContext={mApnType=fota mState=IDLE mWaitingApns={null} mWaitingApnsPermanentFailureCountDown=0 mApnSetting={null} mReason=radioTurnedOff mDataEnabled=false mDependencyMet=true}
10-18 09:47:04.330 D/use-Rlog/RLOG-RIL( 2339): AT< OK
10-18 09:47:04.330 D/use-Rlog/RLOG-RIL( 2339): AT> AT+CIREG=1
10-18 09:47:04.330 D/use-Rlog/RLOG-RIL( 2339): AT< ERROR
10-18 09:47:04.330 D/use-Rlog/RLOG-RIL( 2339): onRequests: GET_SIM_STATUS, sState:0
10-18 09:47:04.330 D/use-Rlog/RLOG-RIL( 2339): isUSIMCARD  0
10-18 09:47:04.330 D/use-Rlog/RLOG-RIL( 2339): sim status is 1
10-18 09:47:04.330 D/use-Rlog/RLOG-RIL( 2339): AT> AT^CARDMODE
10-18 09:47:04.330 D/RILJ    ( 3026): [3654]< SCREEN_STATE 
10-18 09:47:04.330 D/RILJ    ( 3026): [UNSL]< UNSOL_RESPONSE_VOICE_NETWORK_STATE_CHANGED
10-18 09:47:04.330 D/RILJ    ( 3026): [UNSL]< UNSOL_RESPONSE_IMS_NETWORK_STATE_CHANGED
10-18 09:47:04.330 D/use-Rlog/RLOG-RIL( 2339): AT< ^CARDMODE: 255
10-18 09:47:04.330 D/use-Rlog/RLOG-RIL( 2339): AT< OK
10-18 09:47:04.330 D/use-Rlog/RLOG-RIL( 2339): sim card type is  ^CARDMODE: 255
10-18 09:47:04.330 D/use-Rlog/RLOG-RIL( 2339): parameter is status:255
10-18 09:47:04.330 D/use-Rlog/RLOG-RIL( 2339): sim type is 255
10-18 09:47:04.330 D/use-Rlog/RLOG-RIL( 2339): -->>Here is added, update the radio state in get_sim_status
10-18 09:47:04.330 D/use-Rlog/RLOG-RIL( 2339): onRequests: GET_CURRENT_CALLS, sState:0
10-18 09:47:04.330 D/use-Rlog/RLOG-RIL( 2339): onRequests: IMS_REGISTRATION_STATE, sState:0
10-18 09:47:04.330 D/RILC    ( 2339): decodeVoiceRadioTechnology: Invoked with incorrect RadioState
10-18 09:47:04.330 E/RILC    ( 2339): RIL_onRequestComplete: invalid RIL_Token
10-18 09:47:04.330 D/RILC    ( 2339): decodeCdmaSubscriptionSource: Invoked with incorrect RadioState
10-18 09:47:04.330 E/RILC    ( 2339): RIL_onRequestComplete: invalid RIL_Token
10-18 09:47:04.330 D/use-Rlog/RLOG-RIL( 2339): onRequests: RADIO_POWER, sState:0
10-18 09:47:04.330 D/use-Rlog/RLOG-RIL( 2339): AT> AT+CFUN=1
10-18 09:47:04.330 E/IccCardApplicationStatus( 3026): AppTypeFromRILInt: bad RIL_AppType: 255 use APPTYPE_UNKNOWN
10-18 09:47:04.330 D/RILJ    ( 3026): [3661]< GET_SIM_STATUS IccCardState {CARDSTATE_PRESENT,PINSTATE_UNKNOWN,num_apps=1,gsm_id=0{APPTYPE_UNKNOWN,APPSTATE_DETECTED},cdma_id=8,ims_id=8}
10-18 09:47:04.330 D/RilRequest( 3026): [3662]< GET_CURRENT_CALLS error: com.android.internal.telephony.CommandException: RADIO_NOT_AVAILABLE ret=
10-18 09:47:04.330 D/RilRequest( 3026): [3663]< RIL_REQUEST_IMS_REGISTRATION_STATE error: com.android.internal.telephony.CommandException: RADIO_NOT_AVAILABLE ret=
10-18 09:47:04.330 D/RilRequest( 3026): [3664]< RIL_REQUEST_VOICE_RADIO_TECH error: com.android.internal.telephony.CommandException: RADIO_NOT_AVAILABLE ret=
10-18 09:47:04.330 D/RilRequest( 3026): [3665]< RIL_REQUEST_CDMA_GET_SUBSCRIPTION_SOURCE error: com.android.internal.telephony.CommandException: RADIO_NOT_AVAILABLE ret=
10-18 09:47:04.330 D/DCT     ( 3026): isDataAllowed: not allowed due to - Attached= false - SIM not loaded
10-18 09:47:04.330 D/DCT     ( 3026): [ApnContext:fota] getApnSetting: apnSetting=null
10-18 09:47:04.340 D/MobileDataStateTracker( 2789): fota: Received state=DISCONNECTED, old=DISCONNECTED, reason=radioTurnedOff
10-18 09:47:04.340 D/MobileDataStateTracker( 2789): supl: Broadcast received: android.intent.action.ANY_DATA_STATE apnType=supl
10-18 09:47:04.340 D/MobileDataStateTracker( 2789): supl: Received state=DISCONNECTED, old=DISCONNECTED, reason=radioTurnedOff
10-18 09:47:04.340 D/MobileDataStateTracker( 2789): hipri: Broadcast received: android.intent.action.ANY_DATA_STATE apnType=hipri
10-18 09:47:04.340 D/DCT     ( 3026): cleanUpConnection: X tearDown=false reason=radioTurnedOff apnContext={mApnType=fota mState=IDLE mWaitingApns={null} mWaitingApnsPermanentFailureCountDown=0 mApnSetting={null} mReason=radioTurnedOff mDataEnabled=false mDependencyMet=true} dcac=null
10-18 09:47:04.340 D/DCT     ( 3026): cleanUpConnection: E tearDown=false reason=radioTurnedOff apnContext={mApnType=supl mState=IDLE mWaitingApns={null} mWaitingApnsPermanentFailureCountDown=0 mApnSetting={null} mReason=radioTurnedOff mDataEnabled=false mDependencyMet=true}
10-18 09:47:04.340 D/DCT     ( 3026): isDataAllowed: not allowed due to - Attached= false - SIM not loaded
10-18 09:47:04.340 D/DCT     ( 3026): [ApnContext:supl] getApnSetting: apnSetting=null
10-18 09:47:04.340 D/DCT     ( 3026): cleanUpConnection: X tearDown=false reason=radioTurnedOff apnContext={mApnType=supl mState=IDLE mWaitingApns={null} mWaitingApnsPermanentFailureCountDown=0 mApnSetting={null} mReason=radioTurnedOff mDataEnabled=false mDependencyMet=true} dcac=null
10-18 09:47:04.340 D/DCT     ( 3026): cleanUpConnection: E tearDown=false reason=radioTurnedOff apnContext={mApnType=hipri mState=IDLE mWaitingApns={null} mWaitingApnsPermanentFailureCountDown=0 mApnSetting={null} mReason=radioTurnedOff mDataEnabled=false mDependencyMet=true}
10-18 09:47:04.340 D/DCT     ( 3026): isDataAllowed: not allowed due to - Attached= false - SIM not loaded
10-18 09:47:04.340 D/DCT     ( 3026): [ApnContext:hipri] getApnSetting: apnSetting=null
10-18 09:47:04.340 D/DCT     ( 3026): cleanUpConnection: X tearDown=false reason=radioTurnedOff apnContext={mApnType=hipri mState=IDLE mWaitingApns={null} mWaitingApnsPermanentFailureCountDown=0 mApnSetting={null} mReason=radioTurnedOff mDataEnabled=false mDependencyMet=true} dcac=null
10-18 09:47:04.340 D/DCT     ( 3026): cleanUpConnection: E tearDown=false reason=radioTurnedOff apnContext={mApnType=ims mState=IDLE mWaitingApns={null} mWaitingApnsPermanentFailureCountDown=0 mApnSetting={null} mReason=radioTurnedOff mDataEnabled=false mDependencyMet=true}
10-18 09:47:04.340 D/DCT     ( 3026): isDataAllowed: not allowed due to - Attached= false - SIM not loaded
10-18 09:47:04.340 D/DCT     ( 3026): [ApnContext:ims] getApnSetting: apnSetting=null
10-18 09:47:04.350 D/MobileDataStateTracker( 2789): hipri: Received state=DISCONNECTED, old=DISCONNECTED, reason=radioTurnedOff
10-18 09:47:04.350 D/MobileDataStateTracker( 2789): ims: Broadcast received: android.intent.action.ANY_DATA_STATE apnType=ims
10-18 09:47:04.350 D/DCT     ( 3026): cleanUpConnection: X tearDown=false reason=radioTurnedOff apnContext={mApnType=ims mState=IDLE mWaitingApns={null} mWaitingApnsPermanentFailureCountDown=0 mApnSetting={null} mReason=radioTurnedOff mDataEnabled=false mDependencyMet=true} dcac=null
10-18 09:47:04.350 D/DCT     ( 3026): cleanUpConnection: E tearDown=false reason=radioTurnedOff apnContext={mApnType=default mState=IDLE mWaitingApns={null} mWaitingApnsPermanentFailureCountDown=0 mApnSetting={null} mReason=radioTurnedOff mDataEnabled=true mDependencyMet=true}
10-18 09:47:04.350 D/DCT     ( 3026): isDataAllowed: not allowed due to - Attached= false - SIM not loaded
10-18 09:47:04.350 D/DCT     ( 3026): [ApnContext:default] getApnSetting: apnSetting=null
10-18 09:47:04.350 D/DCT     ( 3026): cleanUpConnection: X tearDown=false reason=radioTurnedOff apnContext={mApnType=default mState=IDLE mWaitingApns={null} mWaitingApnsPermanentFailureCountDown=0 mApnSetting={null} mReason=radioTurnedOff mDataEnabled=true mDependencyMet=true} dcac=null
10-18 09:47:04.350 D/DCT     ( 3026): cleanUpConnection: E tearDown=false reason=radioTurnedOff apnContext={mApnType=mms mState=IDLE mWaitingApns={null} mWaitingApnsPermanentFailureCountDown=0 mApnSetting={null} mReason=radioTurnedOff mDataEnabled=false mDependencyMet=true}
10-18 09:47:04.360 D/MobileDataStateTracker( 2789): ims: Received state=DISCONNECTED, old=DISCONNECTED, reason=radioTurnedOff
10-18 09:47:04.360 D/MobileDataStateTracker( 2789): default: Broadcast received: android.intent.action.ANY_DATA_STATE apnType=default
10-18 09:47:04.360 D/MobileDataStateTracker( 2789): default: Received state=DISCONNECTED, old=DISCONNECTED, reason=radioTurnedOff
10-18 09:47:04.370 D/MobileDataStateTracker( 2789): mms: Broadcast received: android.intent.action.ANY_DATA_STATE apnType=mms
10-18 09:47:04.370 D/MobileDataStateTracker( 2789): mms: Received state=DISCONNECTED, old=DISCONNECTED, reason=radioTurnedOff
10-18 09:47:04.370 D/DCT     ( 3026): isDataAllowed: not allowed due to - Attached= false - SIM not loaded
10-18 09:47:04.370 D/DCT     ( 3026): [ApnContext:mms] getApnSetting: apnSetting=null
10-18 09:47:04.370 D/DCT     ( 3026): cleanUpConnection: X tearDown=false reason=radioTurnedOff apnContext={mApnType=mms mState=IDLE mWaitingApns={null} mWaitingApnsPermanentFailureCountDown=0 mApnSetting={null} mReason=radioTurnedOff mDataEnabled=false mDependencyMet=true} dcac=null
10-18 09:47:04.370 D/DCT     ( 3026): cleanUpConnection: E tearDown=false reason=radioTurnedOff apnContext={mApnType=cbs mState=IDLE mWaitingApns={null} mWaitingApnsPermanentFailureCountDown=0 mApnSetting={null} mReason=radioTurnedOff mDataEnabled=false mDependencyMet=true}
10-18 09:47:04.370 D/DCT     ( 3026): isDataAllowed: not allowed due to - Attached= false - SIM not loaded
10-18 09:47:04.370 D/DCT     ( 3026): [ApnContext:cbs] getApnSetting: apnSetting=null
10-18 09:47:04.380 D/MobileDataStateTracker( 2789): cbs: Broadcast received: android.intent.action.ANY_DATA_STATE apnType=cbs
10-18 09:47:04.380 D/MobileDataStateTracker( 2789): cbs: Received state=DISCONNECTED, old=DISCONNECTED, reason=radioTurnedOff
10-18 09:47:04.380 D/DCT     ( 3026): cleanUpConnection: X tearDown=false reason=radioTurnedOff apnContext={mApnType=cbs mState=IDLE mWaitingApns={null} mWaitingApnsPermanentFailureCountDown=0 mApnSetting={null} mReason=radioTurnedOff mDataEnabled=false mDependencyMet=true} dcac=null
10-18 09:47:04.380 D/DCT     ( 3026): stopNetStatPoll
10-18 09:47:04.380 D/DCT     ( 3026): stopDataStallAlarm: current tag=22687 mDataStallAlarmIntent=null
10-18 09:47:04.380 D/DCT     ( 3026): isDataAllowed: not allowed due to - Attached= false - SIM not loaded
10-18 09:47:04.380 D/DCT     ( 3026): [ApnContext:fota] getApnSetting: apnSetting=null
10-18 09:47:04.410 D/MobileDataStateTracker( 2789): fota: Broadcast received: android.intent.action.ANY_DATA_STATE apnType=fota
10-18 09:47:04.410 D/MobileDataStateTracker( 2789): fota: Received state=DISCONNECTED, old=DISCONNECTED, reason=radioTurnedOff
10-18 09:47:04.410 D/DCT     ( 3026): isDataAllowed: not allowed due to - Attached= false - SIM not loaded
10-18 09:47:04.410 D/DCT     ( 3026): [ApnContext:supl] getApnSetting: apnSetting=null
10-18 09:47:04.410 I/am_create_service( 2789): [0,1108110624,.MsgDistributeService,10041,3088]
10-18 09:47:04.420 D/MobileDataStateTracker( 2789): supl: Broadcast received: android.intent.action.ANY_DATA_STATE apnType=supl
10-18 09:47:04.420 D/MobileDataStateTracker( 2789): supl: Received state=DISCONNECTED, old=DISCONNECTED, reason=radioTurnedOff
10-18 09:47:04.420 D/MobileDataStateTracker( 2789): hipri: Broadcast received: android.intent.action.ANY_DATA_STATE apnType=hipri
10-18 09:47:04.420 D/DCT     ( 3026): isDataAllowed: not allowed due to - Attached= false - SIM not loaded
10-18 09:47:04.420 D/DCT     ( 3026): [ApnContext:hipri] getApnSetting: apnSetting=null
10-18 09:47:04.420 D/DCT     ( 3026): isDataAllowed: not allowed due to - Attached= false - SIM not loaded
10-18 09:47:04.420 D/DCT     ( 3026): [ApnContext:ims] getApnSetting: apnSetting=null
10-18 09:47:04.430 D/dalvikvm( 3459): Trying to load lib /data/data/com.wandoujia.phoenix2/app_SGLib/app_1539770102/libsgsecuritybodyso-5.3.41.so 0x42194a08
10-18 09:47:04.430 D/dalvikvm( 3459): Added shared lib /data/data/com.wandoujia.phoenix2/app_SGLib/app_1539770102/libsgsecuritybodyso-5.3.41.so 0x42194a08
10-18 09:47:04.430 D/MobileDataStateTracker( 2789): hipri: Received state=DISCONNECTED, old=DISCONNECTED, reason=radioTurnedOff
10-18 09:47:04.430 D/MobileDataStateTracker( 2789): ims: Broadcast received: android.intent.action.ANY_DATA_STATE apnType=ims
10-18 09:47:04.430 D/MobileDataStateTracker( 2789): ims: Received state=DISCONNECTED, old=DISCONNECTED, reason=radioTurnedOff
10-18 09:47:04.430 D/MobileDataStateTracker( 2789): default: Broadcast received: android.intent.action.ANY_DATA_STATE apnType=default
10-18 09:47:04.430 D/MobileDataStateTracker( 2789): default: Received state=DISCONNECTED, old=DISCONNECTED, reason=radioTurnedOff
10-18 09:47:04.430 D/DCT     ( 3026): isDataAllowed: not allowed due to - Attached= false - SIM not loaded
10-18 09:47:04.430 D/DCT     ( 3026): [ApnContext:default] getApnSetting: apnSetting=null
10-18 09:47:04.430 D/DCT     ( 3026): isDataAllowed: not allowed due to - Attached= false - SIM not loaded
10-18 09:47:04.430 D/DCT     ( 3026): [ApnContext:mms] getApnSetting: apnSetting=null
10-18 09:47:04.430 D/DCT     ( 3026): isDataAllowed: not allowed due to - Attached= false - SIM not loaded
10-18 09:47:04.430 D/DCT     ( 3026): [ApnContext:cbs] getApnSetting: apnSetting=null
10-18 09:47:04.440 D/MobileDataStateTracker( 2789): mms: Broadcast received: android.intent.action.ANY_DATA_STATE apnType=mms
10-18 09:47:04.440 D/MobileDataStateTracker( 2789): mms: Received state=DISCONNECTED, old=DISCONNECTED, reason=radioTurnedOff
10-18 09:47:04.440 D/MobileDataStateTracker( 2789): cbs: Broadcast received: android.intent.action.ANY_DATA_STATE apnType=cbs
10-18 09:47:04.440 D/MobileDataStateTracker( 2789): cbs: Received state=DISCONNECTED, old=DISCONNECTED, reason=radioTurnedOff
10-18 09:47:04.440 D/DCT     ( 3026): handleMessage msg={ when=-119ms what=270340 obj=android.os.AsyncResult@41e068c0 target=com.android.internal.telephony.dataconnection.DcTracker }
10-18 09:47:04.440 D/DCT     ( 3026): onDataStateChanged(ar): E
10-18 09:47:04.440 D/DCT     ( 3026): onDataStateChanged(ar): DataCallResponse size=0
10-18 09:47:04.440 D/DCT     ( 3026): onDataStateChanged: Data Activity updated to NONE. isAnyDataCallActive = false isAnyDataCallDormant = false
10-18 09:47:04.440 D/DCT     ( 3026): onDataStateChanged(ar): X
10-18 09:47:04.440 D/PHONE   ( 3026): [ServiceState] setNullState=3
10-18 09:47:04.440 D/GsmSST  ( 3026): [GsmSST] Poll ServiceState done:  oldSS=[3 3 home null null null  Unknown Unknown CSS not supported -1 -1 RoamInd=-1 DefRoamInd=-1 EmergOnly=false] newSS=[3 3 home null null null  Unknown Unknown CSS not supported -1 -1 RoamInd=-1 DefRoamInd=-1 EmergOnly=false] oldMaxDataCalls=1 mNewMaxDataCalls=1 oldReasonDataDenied=-1 mNewReasonDataDenied=-1
10-18 09:47:04.440 D/PHONE   ( 3026): [ServiceState] setNullState=1
10-18 09:47:04.440 D/RILJ    ( 3026): [3667]> RIL_REQUEST_IMS_REGISTRATION_STATE
10-18 09:47:04.440 D/UiccController( 3026): Received EVENT_GET_ICC_STATUS_DONE
10-18 09:47:04.440 D/UiccCard( 3026): Creating
10-18 09:47:04.440 D/UiccCard( 3026): 1 applications
10-18 09:47:04.440 D/UiccCardApplication( 3026): Creating UiccApp: {APPTYPE_UNKNOWN,APPSTATE_DETECTED}
10-18 09:47:04.440 E/UiccCard( 3026): App index 0 is invalid since it's not APPTYPE_SIM and not APPTYPE_USIM
10-18 09:47:04.440 E/UiccCard( 3026): App index 8 is invalid since there are no applications
10-18 09:47:04.440 E/UiccCard( 3026): App index 8 is invalid since there are no applications
10-18 09:47:04.440 D/UiccCard( 3026): update: radioState=RADIO_OFF mLastRadioState=RADIO_UNAVAILABLE
10-18 09:47:04.440 D/UiccController( 3026): Notifying IccChangedRegistrants
10-18 09:47:04.440 E/RIL_ImsSms( 3026): IMS State query failed with exp com.android.internal.telephony.CommandException: RADIO_NOT_AVAILABLE
10-18 09:47:04.440 E/PhoneProxy( 3026): [PhoneProxy] EVENT_REQUEST_VOICE_RADIO_TECH_DONE: exception=com.android.internal.telephony.CommandException: RADIO_NOT_AVAILABLE
10-18 09:47:04.440 D/CdmaSSM ( 3026): CDMA_SUBSCRIPTION_SOURCE event = 2
10-18 09:47:04.440 W/CdmaSSM ( 3026): Unable to get CDMA Subscription Source, Exception: com.android.internal.telephony.CommandException: RADIO_NOT_AVAILABLE, result: null
10-18 09:47:04.450 D/DCT     ( 3026): handleMessage msg={ when=-5ms what=270369 obj=android.os.AsyncResult@41e224e0 target=com.android.internal.telephony.dataconnection.DcTracker }
10-18 09:47:04.450 D/IccCardProxy( 3026): Icc changed. Reregestering.
10-18 09:47:04.450 D/IccCardProxy( 3026): Broadcasting intent ACTION_SIM_STATE_CHANGED UNKNOWN reason null
10-18 09:47:04.450 I/notification_cancel( 2789): [com.android.phone,7,NULL,0,0,64]
10-18 09:47:04.450 I/notification_cancel( 2789): [com.android.phone,7,NULL,0,0,64]
10-18 09:47:04.450 I/notification_cancel( 2789): [com.android.phone,7,NULL,0,0,64]
10-18 09:47:04.450 I/notification_cancel( 2789): [com.android.phone,7,NULL,0,0,64]
10-18 09:47:04.450 I/notification_cancel( 2789): [com.android.phone,7,NULL,0,0,64]
10-18 09:47:04.450 I/notification_cancel( 2789): [com.android.phone,7,NULL,0,0,64]
10-18 09:47:04.450 I/notification_cancel( 2789): [com.android.phone,7,NULL,0,0,64]
10-18 09:47:04.460 I/notification_cancel( 2789): [com.android.phone,7,NULL,0,0,64]
10-18 09:47:04.460 I/notification_cancel( 2789): [com.android.phone,7,NULL,0,0,64]
10-18 09:47:04.460 I/notification_cancel( 2789): [com.android.phone,7,NULL,0,0,64]
10-18 09:47:04.460 I/notification_cancel( 2789): [com.android.phone,7,NULL,0,0,64]
10-18 09:47:04.460 I/notification_cancel( 2789): [com.android.phone,7,NULL,0,0,64]
10-18 09:47:04.460 I/notification_cancel( 2789): [com.android.phone,7,NULL,0,0,64]
10-18 09:47:04.460 I/notification_cancel( 2789): [com.android.phone,7,NULL,0,0,64]
10-18 09:47:04.530 D/dalvikvm( 3459): Trying to load lib /data/app-lib/com.wandoujia.phoenix2-1/libtnet-3.1.9.so 0x41d17050
10-18 09:47:04.530 D/dalvikvm( 3459): Added shared lib /data/app-lib/com.wandoujia.phoenix2-1/libtnet-3.1.9.so 0x41d17050
10-18 09:47:04.740 D/RILJ    ( 3026): NOTE: mWakeLockCount is 2at time of clearing
10-18 09:47:04.740 D/RILJ    ( 3026): WAKE_LOCK_TIMEOUT  mRequestList=2
10-18 09:47:04.740 D/RILJ    ( 3026): 0: [18] RADIO_POWER
10-18 09:47:04.740 D/RILJ    ( 3026): 1: [19] RIL_REQUEST_IMS_REGISTRATION_STATE
10-18 09:47:04.830 I/am_create_service( 2789): [0,1108110336,.PPAlarmIntentService,10041,3088]
10-18 09:47:04.850 D/dalvikvm( 3088): Trying to load lib /data/data/com.wandoujia.phoenix2/lib/libcrashsdk.so 0x41d1e938
10-18 09:47:04.850 D/dalvikvm( 3088): Added shared lib /data/data/com.wandoujia.phoenix2/lib/libcrashsdk.so 0x41d1e938
10-18 09:47:04.850 I/am_create_service( 2789): [0,1108107216,.PPRemoteIntentService,10041,3155]
10-18 09:47:04.860 I/crashsdk( 3088): libcrashsdk.so loaded
10-18 09:47:04.860 I/am_destroy_service( 2789): [0,1108107216,3155]
10-18 09:47:04.870 I/am_create_service( 2789): [0,1108106952,.PPJSCallUpIntentService,10041,3155]
10-18 09:47:04.980 I/notification_enqueue( 2789): [com.wandoujia.phoenix2,5,NULL,0,Notification(pri=2 contentView=com.wandoujia.phoenix2/0x7f030213 vibrate=null sound=null defaults=0x0 flags=0x12 kind=[null])]
10-18 09:47:05.140 I/am_destroy_service( 2789): [0,1108110336,3088]
10-18 09:47:05.270 I/am_destroy_service( 2789): [0,1105271224,3088]
10-18 09:47:07.380 D/use-Rlog/RLOG-RIL( 2339): AT< OK
10-18 09:47:07.380 D/use-Rlog/RLOG-RIL( 2339): oldState 0, sState 0, newState2
10-18 09:47:07.380 D/use-Rlog/RLOG-RIL( 2339): SetRadioState: sState=2
10-18 09:47:07.380 D/use-Rlog/RLOG-RIL( 2339): ***poll_sim_state***
10-18 09:47:07.380 D/use-Rlog/RLOG-RIL( 2339): AT> AT+CPIN?
10-18 09:47:07.380 D/RILJ    ( 3026): [UNSL]< UNSOL_VOICE_RADIO_TECH_CHANGED {3}
10-18 09:47:07.380 D/RILJ    ( 3026): [UNSL]< UNSOL_RESPONSE_SIM_STATUS_CHANGED
10-18 09:47:07.380 D/PhoneProxy( 3026): [PhoneProxy] EVENT_VOICE_RADIO_TECH_CHANGED: newVoiceTech=3
10-18 09:47:07.380 D/PhoneProxy( 3026): [PhoneProxy] phoneObjectUpdater: newVoiceRadioTech=3
10-18 09:47:07.380 D/RILJ    ( 3026): [UNSL]< UNSOL_RESPONSE_RADIO_STATE_CHANGED RADIO_ON
10-18 09:47:07.380 D/TelephonyManager( 3026): getLteOnCdmaMode=0 curVal=-1 product_type='' lteOnCdmaProductType=''
10-18 09:47:07.380 D/PhoneProxy( 3026): [PhoneProxy] phoneObjectUpdater: No change ignore, newVoiceRadioTech=3 mActivePhone=GSM
10-18 09:47:07.380 D/UiccController( 3026): Received EVENT_ICC_STATUS_CHANGED, calling getIccCardStatus
10-18 09:47:07.380 D/RILJ    ( 3026): [3668]> GET_SIM_STATUS
10-18 09:47:07.380 D/RILJ    ( 3026): [3669]> OPERATOR
10-18 09:47:07.380 D/RILJ    ( 3026): [3670]> DATA_REGISTRATION_STATE
10-18 09:47:07.380 D/RILJ    ( 3026): [3671]> VOICE_REGISTRATION_STATE
10-18 09:47:07.380 D/use-Rlog/RLOG-RIL( 2339): AT< +CME ERROR: 13
10-18 09:47:07.380 D/use-Rlog/RLOG-RIL( 2339): sim status is 0
10-18 09:47:07.380 D/use-Rlog/RLOG-RIL( 2339): oldState 2, sState 2, newState3
10-18 09:47:07.380 D/use-Rlog/RLOG-RIL( 2339): SetRadioState: sState=3
10-18 09:47:07.380 D/use-Rlog/RLOG-RIL( 2339): onRequests: IMS_REGISTRATION_STATE, sState:3
10-18 09:47:07.380 D/RILJ    ( 3026): [UNSL]< UNSOL_RESPONSE_SIM_STATUS_CHANGED
10-18 09:47:07.380 D/use-Rlog/RLOG-RIL( 2339): AT> AT^HIMSF?
10-18 09:47:07.380 D/RILJ    ( 3026): [UNSL]< UNSOL_RESPONSE_RADIO_STATE_CHANGED RADIO_ON
10-18 09:47:07.380 D/RILJ    ( 3026): [3666]< RADIO_POWER 
10-18 09:47:07.380 D/RILJ    ( 3026): [3672]> QUERY_NETWORK_SELECTION_MODE
10-18 09:47:07.380 D/UiccController( 3026): Received EVENT_ICC_STATUS_CHANGED, calling getIccCardStatus
10-18 09:47:07.380 D/RILJ    ( 3026): [3673]> GET_SIM_STATUS
10-18 09:47:07.380 D/RILJ    ( 3026): [3674]> GET_CURRENT_CALLS
10-18 09:47:07.380 D/use-Rlog/RLOG-RIL( 2339): AT< ERROR
10-18 09:47:07.380 D/use-Rlog/RLOG-RIL( 2339): RequestIMSRegistration does not register in IMS!
10-18 09:47:07.380 D/use-Rlog/RLOG-RIL( 2339): onRequest: IMS_REGISTRATION_STATE, Local implementation,  AT cmd sent
10-18 09:47:07.380 D/use-Rlog/RLOG-RIL( 2339): onRequests: GET_SIM_STATUS, sState:3
10-18 09:47:07.380 D/use-Rlog/RLOG-RIL( 2339): isUSIMCARD  0
10-18 09:47:07.380 D/use-Rlog/RLOG-RIL( 2339): AT> AT+CPIN?
10-18 09:47:07.380 D/RILJ    ( 3026): [3667]< RIL_REQUEST_IMS_REGISTRATION_STATE {0, 1}
10-18 09:47:07.380 D/RILJ    ( 3026): [3675]> RIL_REQUEST_IMS_REGISTRATION_STATE
10-18 09:47:07.380 D/RILJ    ( 3026): [3676]> RIL_REQUEST_VOICE_RADIO_TECH
10-18 09:47:07.380 D/RILJ    ( 3026): [3677]> RIL_REQUEST_CDMA_GET_SUBSCRIPTION_SOURCE
10-18 09:47:07.380 D/UiccController( 3026): Received EVENT_ICC_STATUS_CHANGED, calling getIccCardStatus
10-18 09:47:07.380 D/RILJ    ( 3026): [3678]> GET_SIM_STATUS
10-18 09:47:07.380 D/use-Rlog/RLOG-RIL( 2339): AT< +CME ERROR: 13
10-18 09:47:07.380 D/use-Rlog/RLOG-RIL( 2339): sim status is 0
10-18 09:47:07.380 D/use-Rlog/RLOG-RIL( 2339): AT> AT^CARDMODE
10-18 09:47:07.390 D/RIL_ImsSms( 3026): IMS is NOT registered!
10-18 09:47:07.390 D/use-Rlog/RLOG-RIL( 2339): AT< ^CARDMODE: 255
10-18 09:47:07.390 D/use-Rlog/RLOG-RIL( 2339): AT< OK
10-18 09:47:07.390 D/use-Rlog/RLOG-RIL( 2339): sim card type is  ^CARDMODE: 255
10-18 09:47:07.390 D/use-Rlog/RLOG-RIL( 2339): parameter is status:255
10-18 09:47:07.390 D/use-Rlog/RLOG-RIL( 2339): sim type is 255
10-18 09:47:07.390 D/use-Rlog/RLOG-RIL( 2339): -->>Here is added, update the radio state in get_sim_status
10-18 09:47:07.390 D/use-Rlog/RLOG-RIL( 2339): onRequest: GET_SIM_STATUS, Local implementation,  AT cmd sent
10-18 09:47:07.390 D/use-Rlog/RLOG-RIL( 2339): onRequests: OPERATOR, sState:3
10-18 09:47:07.390 D/use-Rlog/RLOG-RIL( 2339): AT> AT+COPS=3,0;+COPS?;+COPS=3,1;+COPS?;+COPS=3,2;+COPS?
10-18 09:47:07.390 D/RILJ    ( 3026): [3668]< GET_SIM_STATUS IccCardState {CARDSTATE_ABSENT,PINSTATE_UNKNOWN,num_apps=0,gsm_id=8,cdma_id=8,ims_id=8}
10-18 09:47:07.390 D/UiccController( 3026): Received EVENT_GET_ICC_STATUS_DONE
10-18 09:47:07.390 D/UiccCard( 3026): 0 applications
10-18 09:47:07.390 D/UiccCardApplication( 3026): APPTYPE_UNKNOWN being Disposed
10-18 09:47:07.390 E/UiccCard( 3026): App index 8 is invalid since there are no applications
10-18 09:47:07.390 E/UiccCard( 3026): App index 8 is invalid since there are no applications
10-18 09:47:07.390 E/UiccCard( 3026): App index 8 is invalid since there are no applications
10-18 09:47:07.390 D/UiccCard( 3026): update: radioState=RADIO_ON mLastRadioState=RADIO_OFF
10-18 09:47:07.390 D/UiccController( 3026): Notifying IccChangedRegistrants
10-18 09:47:07.390 D/DCT     ( 3026): handleMessage msg={ when=0 what=270369 obj=android.os.AsyncResult@41e2a878 target=com.android.internal.telephony.dataconnection.DcTracker }
10-18 09:47:07.390 D/IccCardProxy( 3026): Broadcasting intent ACTION_SIM_STATE_CHANGED ABSENT reason null
10-18 09:47:07.390 D/use-Rlog/RLOG-RIL( 2339): AT< +COPS: 0
10-18 09:47:07.390 D/use-Rlog/RLOG-RIL( 2339): AT< +COPS: 0
10-18 09:47:07.390 D/use-Rlog/RLOG-RIL( 2339): AT< +COPS: 0
10-18 09:47:07.390 D/use-Rlog/RLOG-RIL( 2339): AT< OK
10-18 09:47:07.390 D/use-Rlog/RLOG-RIL( 2339): this is RequestOperator's success
10-18 09:47:07.390 D/use-Rlog/RLOG-RIL( 2339): onRequest: OPERATOR, Local implementation,  AT cmd sent
10-18 09:47:07.390 D/use-Rlog/RLOG-RIL( 2339): onRequests: DATA_REGISTRATION_STATE, sState:3
10-18 09:47:07.390 D/use-Rlog/RLOG-RIL( 2339): AT> AT+CGREG?
10-18 09:47:07.390 D/RILJ    ( 3026): [3669]< OPERATOR {null, null, null}
10-18 09:47:07.390 D/use-Rlog/RLOG-RIL( 2339): AT< +CGREG: 2,2
10-18 09:47:07.390 D/use-Rlog/RLOG-RIL( 2339): AT< OK
10-18 09:47:07.390 D/use-Rlog/RLOG-RIL( 2339): RequestDataRegistrationState----------------
10-18 09:47:07.390 D/use-Rlog/RLOG-RIL( 2339): AT> AT^SYSINFOEX
10-18 09:47:07.390 D/use-Rlog/RLOG-RIL( 2339): AT< ERROR
10-18 09:47:07.390 D/use-Rlog/RLOG-RIL( 2339): AT> AT^SYSINFO
10-18 09:47:07.400 D/use-Rlog/RLOG-RIL( 2339): AT< ^SYSINFO: 1,0,1,9,255
10-18 09:47:07.400 D/use-Rlog/RLOG-RIL( 2339): AT< OK
10-18 09:47:07.400 D/use-Rlog/RLOG-RIL( 2339): sysinfo_p_response->finalResponse=OK
10-18 09:47:07.400 D/use-Rlog/RLOG-RIL( 2339): sysinfo_p_response->p_intermediates->line=^SYSINFO: 1,0,1,9,255
10-18 09:47:07.400 D/use-Rlog/RLOG-RIL( 2339): RequestDataRegistrationState:case 2:at_tok_nexthexint erro !
10-18 09:47:07.400 D/use-Rlog/RLOG-RIL( 2339): sysinfo:^SYSINFO: 1,0,1,9,255
10-18 09:47:07.400 D/use-Rlog/RLOG-RIL( 2339): at_tok_nextint lock_state error
10-18 09:47:07.400 D/use-Rlog/RLOG-RIL( 2339): reserved. always NULL
10-18 09:47:07.400 D/use-Rlog/RLOG-RIL( 2339): at_tok_nextint sys_submode error
10-18 09:47:07.400 D/use-Rlog/RLOG-RIL( 2339): *************************************************************GetSubmodeBySysinfo
10-18 09:47:07.400 D/use-Rlog/RLOG-RIL( 2339): srv_status=1,srv_domain=0,raom_status=1,sys_mode=9,sim_state=255,lock_state=0,sys_submode
10-18 09:47:07.400 D/use-Rlog/RLOG-RIL( 2339): radio_tech->radiotech=14
10-18 09:47:07.400 D/use-Rlog/RLOG-RIL( 2339): *************************************************************
10-18 09:47:07.400 D/use-Rlog/RLOG-RIL( 2339): AT> AT+CGREG=2
10-18 09:47:07.400 D/use-Rlog/RLOG-RIL( 2339): AT< OK
10-18 09:47:07.400 D/use-Rlog/RLOG-RIL( 2339): AT> AT+CGATT=0
10-18 09:47:07.400 D/use-Rlog/RLOG-RIL( 2339): AT< ERROR
10-18 09:47:07.400 D/use-Rlog/RLOG-RIL( 2339): AT> AT+CGATT=1
10-18 09:47:07.400 D/use-Rlog/RLOG-RIL( 2339): AT< ERROR
10-18 09:47:07.400 D/use-Rlog/RLOG-RIL( 2339): *********data registration state : 2 LAC : 2  CID : 0  available radio : 14 
10-18 09:47:07.400 D/use-Rlog/RLOG-RIL( 2339): onRequest: DATA_REGISTRATION_STATE, Local implementation,  AT cmd sent
10-18 09:47:07.400 D/use-Rlog/RLOG-RIL( 2339): onRequests: VOICE_REGISTRATION_STATE, sState:3
10-18 09:47:07.400 D/use-Rlog/RLOG-RIL( 2339): AT> AT+CREG?
10-18 09:47:07.400 D/RILJ    ( 3026): [3670]< DATA_REGISTRATION_STATE {2, 2, 0, 14}
10-18 09:47:07.400 D/PHONE   ( 3026): [ServiceState] setDataRegState=1
10-18 09:47:07.400 D/PHONE   ( 3026): [ServiceState] setDataRadioTechnology=14
10-18 09:47:07.400 D/GsmSST  ( 3026): [GsmSST] handlPollStateResultMessage: GsmSST setDataRegState=1 regState=2 dataRadioTechnology=14
10-18 09:47:07.400 D/use-Rlog/RLOG-RIL( 2339): AT< +CREG: 2,2
10-18 09:47:07.400 D/use-Rlog/RLOG-RIL( 2339): AT< OK
10-18 09:47:07.400 D/use-Rlog/RLOG-RIL( 2339): RequestVoiceRegistration----------------
10-18 09:47:07.400 D/use-Rlog/RLOG-RIL( 2339): AT> AT^SYSINFOEX
10-18 09:47:07.400 D/use-Rlog/RLOG-RIL( 2339): AT< ERROR
10-18 09:47:07.400 D/use-Rlog/RLOG-RIL( 2339): AT> AT^SYSINFO
10-18 09:47:07.400 D/use-Rlog/RLOG-RIL( 2339): AT< ^SYSINFO: 1,0,1,9,255
10-18 09:47:07.400 D/use-Rlog/RLOG-RIL( 2339): AT< OK
10-18 09:47:07.400 D/use-Rlog/RLOG-RIL( 2339): sysinfo_p_response->finalResponse=OK
10-18 09:47:07.400 D/use-Rlog/RLOG-RIL( 2339): sysinfo_p_response->p_intermediates->line=^SYSINFO: 1,0,1,9,255
10-18 09:47:07.400 D/use-Rlog/RLOG-RIL( 2339): ---creg_p_response->p_intermediates->line=+CREG: 2,2
10-18 09:47:07.400 D/use-Rlog/RLOG-RIL( 2339): sysinfo:^SYSINFO: 1,0,1,9,255
10-18 09:47:07.400 D/use-Rlog/RLOG-RIL( 2339): at_tok_nextint lock_state error
10-18 09:47:07.400 D/use-Rlog/RLOG-RIL( 2339): reserved. always NULL
10-18 09:47:07.400 D/use-Rlog/RLOG-RIL( 2339): at_tok_nextint sys_submode error
10-18 09:47:07.400 D/use-Rlog/RLOG-RIL( 2339): *************************************************************GetSubmodeBySysinfo
10-18 09:47:07.400 D/use-Rlog/RLOG-RIL( 2339): srv_status=1,srv_domain=0,raom_status=1,sys_mode=9,sim_state=255,lock_state=0,sys_submode
10-18 09:47:07.400 D/use-Rlog/RLOG-RIL( 2339): radio_tech->radiotech=14
10-18 09:47:07.400 D/use-Rlog/RLOG-RIL( 2339): *************************************************************
10-18 09:47:07.400 D/use-Rlog/RLOG-RIL( 2339): 111*********voice registration state : 2 LAC : 2  CID : 0  available radio : 14 
10-18 09:47:07.400 D/use-Rlog/RLOG-RIL( 2339): onRequest: VOICE_REGISTRATION_STATE, Local implementation,  AT cmd sent
10-18 09:47:07.400 D/use-Rlog/RLOG-RIL( 2339): onRequests: QUERY_NETWORK_SELECTION_MODE, sState:3
10-18 09:47:07.400 D/use-Rlog/RLOG-RIL( 2339): AT> AT+COPS?
10-18 09:47:07.400 D/RILJ    ( 3026): [3671]< VOICE_REGISTRATION_STATE {2, 2, 0, 14}
10-18 09:47:07.410 D/PHONE   ( 3026): [ServiceState] setVoiceRegState=1
10-18 09:47:07.410 E/PHONE   ( 3026): [ServiceState] setState deprecated use setVoiceRegState()
10-18 09:47:07.410 D/use-Rlog/RLOG-RIL( 2339): AT< +COPS: 0
10-18 09:47:07.410 D/use-Rlog/RLOG-RIL( 2339): AT< OK
10-18 09:47:07.410 D/use-Rlog/RLOG-RIL( 2339): GetQueryNetworkSelectionMode response = 0
10-18 09:47:07.410 D/use-Rlog/RLOG-RIL( 2339): RequestQueryNetworkSelectionMode response = 0
10-18 09:47:07.410 D/use-Rlog/RLOG-RIL( 2339): onRequest: QUERY_NETWORK_SELECTION_MODE, Local implementation,  AT cmd sent
10-18 09:47:07.410 D/use-Rlog/RLOG-RIL( 2339): onRequests: GET_SIM_STATUS, sState:3
10-18 09:47:07.410 D/use-Rlog/RLOG-RIL( 2339): isUSIMCARD  0
10-18 09:47:07.410 D/use-Rlog/RLOG-RIL( 2339): AT> AT+CPIN?
10-18 09:47:07.410 D/RILJ    ( 3026): [3672]< QUERY_NETWORK_SELECTION_MODE {0}
10-18 09:47:07.410 D/GsmSST  ( 3026): [GsmSST] Poll ServiceState done:  oldSS=[3 3 home null null null  Unknown Unknown CSS not supported -1 -1 RoamInd=-1 DefRoamInd=-1 EmergOnly=false] newSS=[1 1 home null null null  LTE LTE CSS not supported -1 -1 RoamInd=-1 DefRoamInd=-1 EmergOnly=false] oldMaxDataCalls=1 mNewMaxDataCalls=1 oldReasonDataDenied=-1 mNewReasonDataDenied=-1
10-18 09:47:07.410 D/GsmSST  ( 3026): [GsmSST] RAT switched Unknown -> LTE at cell 0
10-18 09:47:07.410 D/PHONE   ( 3026): [ServiceState] setNullState=1
10-18 09:47:07.410 D/PhoneProxy( 3026): [PhoneProxy] updatePhoneObject: radioTechnology=14
10-18 09:47:07.410 D/GsmSST  ( 3026): [GsmSST] updateSpnDisplay: radio is on but out of service, set plmn='无服务。'
10-18 09:47:07.410 D/GsmSST  ( 3026): [GsmSST] updateSpnDisplay: changed sending intent rule=0 showPlmn='true' plmn='无服务。' showSpn='false' spn=''
10-18 09:47:07.410 D/use-Rlog/RLOG-RIL( 2339): AT< +CME ERROR: 13
10-18 09:47:07.410 D/use-Rlog/RLOG-RIL( 2339): sim status is 0
10-18 09:47:07.410 D/use-Rlog/RLOG-RIL( 2339): AT> AT^CARDMODE
10-18 09:47:07.410 D/GsmSST  ( 3026): [GsmSST] operatorNumeric is null
10-18 09:47:07.410 D/use-Rlog/RLOG-RIL( 2339): AT< ^CARDMODE: 255
10-18 09:47:07.410 D/use-Rlog/RLOG-RIL( 2339): AT< OK
10-18 09:47:07.410 D/use-Rlog/RLOG-RIL( 2339): sim card type is  ^CARDMODE: 255
10-18 09:47:07.410 D/use-Rlog/RLOG-RIL( 2339): parameter is status:255
10-18 09:47:07.410 D/use-Rlog/RLOG-RIL( 2339): sim type is 255
10-18 09:47:07.410 D/use-Rlog/RLOG-RIL( 2339): -->>Here is added, update the radio state in get_sim_status
10-18 09:47:07.410 D/use-Rlog/RLOG-RIL( 2339): onRequest: GET_SIM_STATUS, Local implementation,  AT cmd sent
10-18 09:47:07.410 D/use-Rlog/RLOG-RIL( 2339): onRequests: GET_CURRENT_CALLS, sState:3
10-18 09:47:07.410 D/use-Rlog/RLOG-RIL( 2339): AT> AT+CLCC
10-18 09:47:07.410 D/RILJ    ( 3026): [3673]< GET_SIM_STATUS IccCardState {CARDSTATE_ABSENT,PINSTATE_UNKNOWN,num_apps=0,gsm_id=8,cdma_id=8,ims_id=8}
10-18 09:47:07.410 D/GsmSST  ( 3026): [GsmSST] notifyDataRegStateRilRadioTechnologyChanged: drs=1 rat=14
10-18 09:47:07.410 D/DCT     ( 3026): get all active apn types
10-18 09:47:07.410 D/GsmSST  ( 3026): [GsmSST] getCellLocation(): X good mCellLoc=[2,0,-1]
10-18 09:47:07.410 D/PhoneProxy( 3026): [PhoneProxy] phoneObjectUpdater: newVoiceRadioTech=14
10-18 09:47:07.410 D/PhoneProxy( 3026): [PhoneProxy] phoneObjectUpdater: volteReplacementRat=0
10-18 09:47:07.410 D/TelephonyManager( 3026): getLteOnCdmaMode=0 curVal=-1 product_type='' lteOnCdmaProductType=''
10-18 09:47:07.410 D/PhoneProxy( 3026): [PhoneProxy] phoneObjectUpdater: No change ignore, newVoiceRadioTech=14 mActivePhone=GSM
10-18 09:47:07.410 D/UiccController( 3026): Received EVENT_GET_ICC_STATUS_DONE
10-18 09:47:07.410 D/UiccCard( 3026): 0 applications
10-18 09:47:07.410 E/UiccCard( 3026): App index 8 is invalid since there are no applications
10-18 09:47:07.410 E/UiccCard( 3026): App index 8 is invalid since there are no applications
10-18 09:47:07.410 E/UiccCard( 3026): App index 8 is invalid since there are no applications
10-18 09:47:07.410 D/UiccCard( 3026): update: radioState=RADIO_ON mLastRadioState=RADIO_ON
