--------- beginning of /dev/log/main
10-18 09:46:44.630 I/v_hwc   ( 2333): Default primary display
10-18 09:46:44.630 I/v_hwc   ( 2333): xres         = 1920 px
10-18 09:46:44.630 I/v_hwc   ( 2333): yres         = 1080 px
10-18 09:46:44.630 I/v_hwc   ( 2333): xdpi         = 70.7 dpi
10-18 09:46:44.630 I/v_hwc   ( 2333): ydpi         = 63.8 dpi
10-18 09:46:44.630 I/v_hwc   ( 2333): refresh rate = 60.0 Hz
10-18 09:46:44.630 E/v_hwc   ( 2333): open /dev/graphics/fb2 failed
10-18 09:46:44.630 I/v_hwc   ( 2333): Virtual display @2 initialized.
10-18 09:46:44.630 E/        ( 2333): g2d_open: fail with status -7
10-18 09:46:44.630 I/v_hwc   ( 2333): Vivante HWComposer v2.4
10-18 09:46:44.630 I/v_hwc   ( 2333): Device:               0x40f1d3f8
10-18 09:46:44.630 I/v_hwc   ( 2333): Separated 2D:         YES
10-18 09:46:44.630 I/v_hwc   ( 2333): 2D PE20:              YES
10-18 09:46:44.630 I/v_hwc   ( 2333): Multi-source blit:    NO
10-18 09:46:44.630 I/v_hwc   ( 2333): Multi-source blit Ex: NO
10-18 09:46:44.630 I/v_hwc   ( 2333): OPF/YUV blit/Tiling : NO
10-18 09:46:44.630 I/v_hwc   ( 2333): Filter stretch      : YES
10-18 09:46:44.630 I/FslHwcomposer( 2333): using viv hwc!
10-18 09:46:44.630 I/FslHwcomposer( 2333): fb0 is hdmi
10-18 09:46:44.630 I/FslHwcomposer( 2333):  device
10-18 09:46:44.630 I/FslHwcomposer( 2333): fb0 device plugin
10-18 09:46:44.630 I/FslHwcomposer( 2333): fb1 is overlay device
10-18 09:46:44.630 W/FslHwcomposer( 2333): open /sys/class/graphics/fb2 failed
10-18 09:46:44.630 W/FslHwcomposer( 2333): open /sys/class/graphics/fb3 failed
10-18 09:46:44.630 W/FslHwcomposer( 2333): open /sys/class/graphics/fb4 failed
10-18 09:46:44.630 W/FslHwcomposer( 2333): open /sys/class/graphics/fb5 failed
10-18 09:46:44.630 I/FslHwcomposer( 2333): hwcomposer: open framebuffer fb0
10-18 09:46:44.630 I/FslHwcomposer( 2333): hwc_device_open,411
10-18 09:46:44.630 I/SurfaceFlinger( 2333): Using composer version 1.3
10-18 09:46:44.630 W/SurfaceFlinger( 2333): no suitable EGLConfig found, trying a simpler query
10-18 09:46:44.630 I/SurfaceFlinger( 2333): EGL informations:
10-18 09:46:44.630 I/SurfaceFlinger( 2333): vendor    : Android
10-18 09:46:44.630 I/SurfaceFlinger( 2333): version   : 1.4 Android META-EGL
10-18 09:46:44.630 I/SurfaceFlinger( 2333): extensions: EGL_KHR_get_all_proc_addresses EGL_ANDROID_presentation_time EGL_KHR_image EGL_KHR_image_base EGL_KHR_image_pixmap EGL_KHR_lock_surface EGL_KHR_gl_texture_2D_image EGL_KHR_gl_texture_cubemap_image EGL_KHR_gl_renderbuffer_image EGL_KHR_reusable_sync EGL_KHR_fence_sync EGL_ANDROID_image_native_buffer EGL_ANDROID_recordable 
10-18 09:46:44.630 I/SurfaceFlinger( 2333): Client API: OpenGL_ES
10-18 09:46:44.630 I/SurfaceFlinger( 2333): EGLSurface: 8-8-8-8, config=0x40dbec60
10-18 09:46:44.630 I/SurfaceFlinger( 2333): OpenGL ES informations:
10-18 09:46:44.630 I/SurfaceFlinger( 2333): vendor    : Vivante Corporation
10-18 09:46:44.630 I/SurfaceFlinger( 2333): renderer  : Vivante GC2000
10-18 09:46:44.630 I/SurfaceFlinger( 2333): version   : OpenGL ES 2.0
10-18 09:46:44.630 I/SurfaceFlinger( 2333): extensions: GL_EXT_debug_marker GL_OES_compressed_ETC1_RGB8_texture GL_OES_compressed_paletted_texture GL_OES_EGL_image GL_OES_depth24 GL_OES_fbo_render_mipmap GL_OES_fragment_precision_high GL_OES_rgb8_rgba8 GL_OES_stencil1 GL_OES_stencil4 GL_OES_texture_npot GL_OES_vertex_half_float GL_OES_depth_texture GL_OES_packed_depth_stencil GL_OES_standard_derivatives GL_OES_get_program_binary GL_EXT_texture_format_BGRA8888 GL_IMG_read_format GL_EXT_blend_minmax GL_EXT_read_format_bgra GL_EXT_multi_draw_arrays GL_APPLE_texture_format_BGRA8888 GL_APPLE_texture_max_level GL_ARM_rgba8 GL_EXT_frag_depth GL_VIV_shader_binary GL_VIV_direct_texture GL_OES_mapbuffer GL_OES_EGL_image_external GL_EXT_discard_framebuffer GL_EXT_multisampled_render_to_texture GL_VIV_clamp_to_border GL_OES_vertex_type_10_10_10_2 GL_EXT_texture_type_2_10_10_10_REV GL_EXT_texture_filter_anisotropic GL_OES_element_index_uint
10-18 09:46:44.630 I/SurfaceFlinger( 2333): GL_MAX_TEXTURE_SIZE = 8192
10-18 09:46:44.630 I/SurfaceFlinger( 2333): GL_MAX_VIEWPORT_DIMS = 8192
10-18 09:46:44.630 E/SurfaceFlinger( 2333): HWComposer: framebufferTarget is null
10-18 09:46:44.630 E/SurfaceFlinger( 2333): HWComposer: framebufferTarget is null
10-18 09:46:44.630 E/SurfaceFlinger( 2333): HWComposer: framebufferTarget is null
10-18 09:46:44.630 E/SurfaceFlinger( 2333): HWComposer: framebufferTarget is null
10-18 09:46:44.640 D/SurfaceFlinger( 2333): Screen acquired, type=0 flinger=0x40f1a450
10-18 09:46:44.800 D/libEGL  ( 2548): loaded /system/lib/egl/libEGL_VIVANTE.so
10-18 09:46:44.830 D/libEGL  ( 2548): loaded /system/lib/egl/libGLESv1_CM_VIVANTE.so
10-18 09:46:44.880 D/libEGL  ( 2548): loaded /system/lib/egl/libGLESv2_VIVANTE.so
10-18 09:46:44.950 D/AndroidRuntime( 2334): 
10-18 09:46:44.950 D/AndroidRuntime( 2334): >>>>>> AndroidRuntime START com.android.internal.os.ZygoteInit <<<<<<
10-18 09:46:44.950 E/BufferQueue( 2333): [BootAnimation] dequeueBuffer: can't dequeue multiple buffers without setting the buffer count
--------- beginning of /dev/log/events
10-18 09:46:44.950 I/boot_progress_start( 2334): 11240
10-18 09:46:44.970 D/AndroidRuntime( 2334): CheckJNI is OFF
10-18 09:46:44.970 I/AndroidRuntime( 2334): JNI options: '-Xjniopts:warnonly'
10-18 09:46:45.090 I/v_hwc   ( 2333): Display(0x4004f008) detected: format=306 1920x1080
10-18 09:46:45.090 I/v_hwc   ( 2333): Display buffer(0x40099eb8) detected: physical=0x6d800000
10-18 09:46:45.120 I/v_hwc   ( 2333): Display buffer(0x4010a580) detected: physical=0x6e070000
10-18 09:46:45.190 I/v_hwc   ( 2333): Display buffer(0x401515c8) detected: physical=0x6e8e0000
10-18 09:46:45.560 W/audio_hw_primary( 2336): in rate 44100, channels 1 format 0
10-18 09:46:45.560 W/audio_hw_primary( 2336): card 1, id imxhdmisoc ,driver imx-hdmi-soc, name imx-hdmi-soc
10-18 09:46:45.560 W/audio_hw_primary( 2336): out rate 44100
10-18 09:46:45.560 W/audio_hw_primary( 2336): in rate 0, channels 0 format 0
10-18 09:46:45.560 I/AudioFlinger( 2336): loadHwModule() Loaded primary audio interface from Freescale i.MX Audio HW HAL (audio) handle 1
10-18 09:46:45.560 W/audio_hw_primary( 2336): open output stream devices 2, format 1, channels 3, sample_rate 44100, flag 2
10-18 09:46:45.560 W/audio_hw_primary( 2336): adev_open_output_stream() normal buffer
10-18 09:46:45.560 W/audio_hw_primary( 2336): opened out stream...1101002888
10-18 09:46:45.560 I/AudioFlinger( 2336): HAL output buffer size 192 frames, normal mix buffer size 768 frames
10-18 09:46:45.600 I/AudioMixer( 2336): found effect "Multichannel Downmix To Stereo" from The Android Open Source Project
10-18 09:46:45.600 E/MonoPipe( 2336): Failed to fetch local time frequency when constructing a MonoPipe (res = -32).  getNextWriteTimestamp calls will be non-functional
10-18 09:46:45.650 V/NatController( 2331): runCmd(/system/bin/iptables -F natctrl_FORWARD) res=0
10-18 09:46:45.660 V/NatController( 2331): runCmd(/system/bin/iptables -A natctrl_FORWARD -j DROP) res=0
10-18 09:46:45.660 D/dalvikvm( 2334): Trying to load lib libjavacore.so 0x0
10-18 09:46:45.670 D/dalvikvm( 2334): Added shared lib libjavacore.so 0x0
10-18 09:46:45.670 V/NatController( 2331): runCmd(/system/bin/iptables -t nat -F natctrl_nat_POSTROUTING) res=0
10-18 09:46:45.720 D/dalvikvm( 2334): Trying to load lib libnativehelper.so 0x0
10-18 09:46:45.720 D/dalvikvm( 2334): Added shared lib libnativehelper.so 0x0
10-18 09:46:45.720 D/dalvikvm( 2334): No JNI_OnLoad found in libnativehelper.so 0x0, skipping init
10-18 09:46:45.730 V/NatController( 2331): runCmd(/system/bin/ip rule flush) res=0
10-18 09:46:45.740 V/NatController( 2331): runCmd(/system/bin/ip -6 rule flush) res=0
10-18 09:46:45.740 V/NatController( 2331): runCmd(/system/bin/ip rule add from all lookup default prio 32767) res=0
10-18 09:46:45.740 V/NatController( 2331): runCmd(/system/bin/ip rule add from all lookup main prio 32766) res=0
10-18 09:46:45.760 V/NatController( 2331): runCmd(/system/bin/ip -6 rule add from all lookup default prio 32767) res=0
10-18 09:46:45.760 V/NatController( 2331): runCmd(/system/bin/ip -6 rule add from all lookup main prio 32766) res=0
10-18 09:46:45.760 V/NatController( 2331): runCmd(/system/bin/ip route flush cache) res=0
10-18 09:46:45.780 V/NatController( 2331): runCmd(/system/bin/iptables -F natctrl_tether_counters) res=1
10-18 09:46:45.780 V/NatController( 2331): runCmd(/system/bin/iptables -X natctrl_tether_counters) res=1
10-18 09:46:45.790 V/NatController( 2331): runCmd(/system/bin/iptables -N natctrl_tether_counters) res=0
10-18 09:46:45.940 D/dalvikvm( 2334): Note: class Landroid/app/ActivityManagerNative; has 179 unimplemented (abstract) methods
10-18 09:46:46.150 E/memtrack( 2334): Couldn't load memtrack module (No such file or directory)
10-18 09:46:46.150 E/android.os.Debug( 2334): failed to load memtrack module: -2
10-18 09:46:46.240 I/SamplingProfilerIntegration( 2334): Profiling disabled.
10-18 09:46:46.240 I/boot_progress_preload_start( 2334): 12533
10-18 09:46:46.270 I/Zygote  ( 2334): Preloading classes...
10-18 09:46:46.400 D/MDnsDS  ( 2331): MDnsSdListener::Hander starting up
10-18 09:46:46.400 D/MDnsDS  ( 2331): MDnsSdListener starting to monitor
10-18 09:46:46.400 D/MDnsDS  ( 2331): Going to poll with pollCount 1
10-18 09:46:47.430 D/TextLayoutCache( 2334): Using debug level = 0 - Debug Enabled = 0
10-18 09:46:47.490 I/dalvikvm( 2334): threadid=1: recursive native library load attempt (/system/lib/libmedia_jni.so)
10-18 09:46:47.490 D/MtpDeviceJNI( 2334): register_android_mtp_MtpDevice
10-18 09:46:47.490 I/dalvikvm( 2334): threadid=1: recursive native library load attempt (/system/lib/libmedia_jni.so)
10-18 09:46:47.490 I/dalvikvm( 2334): threadid=1: recursive native library load attempt (/system/lib/libmedia_jni.so)
10-18 09:46:47.490 I/dalvikvm( 2334): threadid=1: recursive native library load attempt (/system/lib/libmedia_jni.so)
--------- beginning of /dev/log/radio
10-18 09:46:47.690 D/TelephonyManager( 2334): No /proc/cmdline exception=java.io.FileNotFoundException: /proc/cmdline: open failed: EACCES (Permission denied)
10-18 09:46:47.690 D/TelephonyManager( 2334): /proc/cmdline=
10-18 09:46:47.700 E/EmojiFactory_jni( 2334): Failed to load libemoji.so: dlopen failed: library "libemoji.so" not found
10-18 09:46:47.950 I/LibraryLoader( 2334): loading: webviewchromium
10-18 09:46:48.380 I/LibraryLoader( 2334): loaded: webviewchromium
10-18 09:46:48.520 D/use-Rlog/RLOG-RILD( 2339): Couldn't find 3G modem, retrying...
10-18 09:46:48.980 W/Zygote  ( 2334): Class not found for preloading: java.lang.UnsafeByteSequence
10-18 09:46:49.170 I/System  ( 2334): Loaded time zone names for "" in 101ms (95ms in ICU)
10-18 09:46:49.220 I/System  ( 2334): Loaded time zone names for "en_US" in 51ms (46ms in ICU)
10-18 09:46:49.290 I/System  ( 2334): Loaded time zone names for "zh_CN" in 70ms (62ms in ICU)
10-18 09:46:49.440 I/Zygote  ( 2334): ...preloaded 2777 classes in 3172ms.
10-18 09:46:49.520 D/use-Rlog/RLOG-RILD( 2339): Couldn't find 3G modem, retrying...
10-18 09:46:49.850 I/Zygote  ( 2334): Preloading resources...
10-18 09:46:50.520 D/use-Rlog/RLOG-RILD( 2339): Couldn't find 3G modem, retrying...
10-18 09:46:50.840 I/Zygote  ( 2334): ...preloaded 274 resources in 986ms.
10-18 09:46:50.850 I/Zygote  ( 2334): ...preloaded 31 resources in 7ms.
10-18 09:46:50.850 I/boot_progress_preload_end( 2334): 17141
10-18 09:46:50.910 I/dalvikvm( 2334): System server process 2789 has been created
10-18 09:46:50.910 I/Zygote  ( 2334): Accepting command socket connections
10-18 09:46:50.970 D/SensorService( 2789): nuSensorService starting...
--------- beginning of /dev/log/system
10-18 09:46:50.970 I/SystemServer( 2789): Entered the Android system server!
10-18 09:46:50.980 E/        ( 2789): Couldn't find 'FreescaleAccelerometer' input device
10-18 09:46:50.980 E/        ( 2789): Couldn't  open /dev/mma8x5x (No such file or directory)
10-18 09:46:50.980 E/        ( 2789): Can`t find the Acc sensor!
10-18 09:46:50.980 E/        ( 2789): Couldn't find 'eCompass' input device
10-18 09:46:50.980 E/        ( 2789): Can`t find the mag sensor!
10-18 09:46:50.980 E/        ( 2789): Couldn't find 'isl29023 light sensor' input device
10-18 09:46:50.980 D/        ( 2789): AccelSensor enable 0 , handle 0 ,mEnabled 0
10-18 09:46:50.980 D/        ( 2789): AccelSensor enable 0 , handle 1 ,mEnabled 0
10-18 09:46:50.980 D/        ( 2789): MagSensor mEnabled 0, OrientaionSensor mEnabled 0
10-18 09:46:50.980 D/        ( 2789): AccelSensor enable 0 , handle 2 ,mEnabled 0
10-18 09:46:50.980 D/        ( 2789): MagSensor mEnabled 0, OrientaionSensor mEnabled 0
10-18 09:46:50.980 I/SensorService( 2789): Freescale 3-axis Accelerometer
10-18 09:46:50.980 I/SensorService( 2789): Freescale 3-axis Magnetic field sensor
10-18 09:46:50.980 I/SensorService( 2789): Freescale Orientation sensor
10-18 09:46:50.980 I/SensorService( 2789): ISL29023 Light sensor
10-18 09:46:50.980 D/SensorService( 2789): Max socket buffer size 131071
10-18 09:46:50.980 D/SensorService( 2789): nuSensorService thread starting...
10-18 09:46:50.980 I/installd( 2337): new connection
10-18 09:46:50.980 E/SWITCHPROFILE( 2789): setprop: sys.interactive = active 
10-18 09:46:50.980 I/SystemServer( 2789): Waiting for installd to be ready.
10-18 09:46:50.980 I/Installer( 2789): connecting...
10-18 09:46:50.980 I/SystemServer( 2789): Power Manager
10-18 09:46:50.980 I/SystemServer( 2789): Activity Manager
10-18 09:46:50.980 I/boot_progress_system_run( 2789): 17274
10-18 09:46:50.990 I/ActivityManager( 2789): Memory class: 192
10-18 09:46:51.040 W/UsageStats( 2789): Usage stats version changed; dropping
10-18 09:46:51.110 I/Tempsensor JNI( 2789): Tempsensor JNI: initializing......
10-18 09:46:51.110 I/IntentFirewall( 2789): Read new rules (A:0 B:0 S:0)
10-18 09:46:51.110 I/SystemServer( 2789): Tempsensor Manager
10-18 09:46:51.110 I/com.android.server.TempsensorService( 2789): Go to get Tempsensor Stub...
10-18 09:46:51.120 I/Tempsensor JNI( 2789): Tempsensor JNI: tempsensor Stub found.
10-18 09:46:51.120 I/Tempsensor Stub( 2789): Tempsensor Stub: open /dev/tempsensor successfully.
10-18 09:46:51.120 I/Tempsensor JNI( 2789): Tempsensor JNI: tempsensor device is open.
10-18 09:46:51.120 I/SystemServer( 2789): Display Manager
10-18 09:46:51.120 I/SystemServer( 2789): Telephony Registry
10-18 09:46:51.120 I/SystemServer( 2789): Scheduling Policy
10-18 09:46:51.120 I/DisplayManagerService( 2789): Display device added: DisplayDeviceInfo{"内置屏幕": 1080 x 1920, 60.000004 fps, density 160, 213.0 x 213.0 dpi, touch INTERNAL, rotation 0, type BUILT_IN, FLAG_DEFAULT_DISPLAY, FLAG_ROTATES_WITH_CONTENT, FLAG_SECURE, FLAG_SUPPORTS_PROTECTED_BUFFERS}
10-18 09:46:51.120 I/SystemServer( 2789): Package Manager
10-18 09:46:51.130 I/boot_progress_pms_start( 2789): 17420
10-18 09:46:51.180 D/SELinuxMMAC( 2789): Couldn't find install policy /data/security/mac_permissions.xml
10-18 09:46:51.180 D/SELinuxMMAC( 2789): Using install policy file /system/etc/security/mac_permissions.xml
10-18 09:46:51.370 I/boot_progress_pms_system_scan_start( 2789): 17668
10-18 09:46:51.520 D/use-Rlog/RLOG-RILD( 2339): Couldn't find 3G modem, retrying...
10-18 09:46:51.600 I/AudioFlinger( 2336): Using module 1 has the primary audio interface
10-18 09:46:51.600 I/AudioFlinger( 2336): AudioFlinger's thread 0x40e46008 ready to run
10-18 09:46:51.600 W/audio_hw_primary( 2336): out_set_parameters routing=2, ret 1, out 1101002888
10-18 09:46:51.600 W/Binder  ( 2789): Caught a RuntimeException from the binder stub implementation.
10-18 09:46:51.600 W/Binder  ( 2789): java.lang.NullPointerException
10-18 09:46:51.600 W/Binder  ( 2789): 	at com.android.server.power.PowerManagerService.updateWakeLockWorkSource(PowerManagerService.java:770)
10-18 09:46:51.600 W/Binder  ( 2789): 	at com.android.server.power.PowerManagerService.updateWakeLockUids(PowerManagerService.java:761)
10-18 09:46:51.600 W/Binder  ( 2789): 	at android.os.IPowerManager$Stub.onTransact(IPowerManager.java:103)
10-18 09:46:51.600 W/Binder  ( 2789): 	at android.os.Binder.execTransact(Binder.java:404)
10-18 09:46:51.600 W/Binder  ( 2789): 	at dalvik.system.NativeStart.run(Native Method)
10-18 09:46:51.610 I/audio_a2dp_hw( 2336): adev_open:  adev_open in A2dp_hw module
10-18 09:46:51.610 I/AudioFlinger( 2336): loadHwModule() Loaded a2dp audio interface from A2DP Audio HW HAL (audio) handle 3
10-18 09:46:51.610 I/r_submix( 2336): adev_open(name=audio_hw_if)
10-18 09:46:51.610 I/r_submix( 2336): adev_init_check()
10-18 09:46:51.610 I/AudioFlinger( 2336): loadHwModule() Loaded r_submix audio interface from Wifi Display audio HAL (audio) handle 4
10-18 09:46:51.610 I/AudioFlinger( 2336): loadHwModule() Loaded usb audio interface from USB audio HW HAL (audio) handle 5
10-18 09:46:51.610 I/AudioPolicyService( 2336): Loaded audio policy from LEGACY Audio Policy HAL (audio_policy)
10-18 09:46:52.220 W/ResourceType( 2789): Failure getting entry for 0x7f04000f (t=3 e=15) in package 0 (error -75)
10-18 09:46:52.220 W/ResourceType( 2789): Failure getting entry for 0x7f04000f (t=3 e=15) in package 0 (error -75)
10-18 09:46:52.420 W/PackageParser( 2789): Unknown element under <application>: permission at /system/app/Gallery2.apk Binary XML file line #257
10-18 09:46:52.420 W/PackageParser( 2789): Unknown element under <application>: permission at /system/app/Gallery2.apk Binary XML file line #260
10-18 09:46:52.520 D/use-Rlog/RLOG-RILD( 2339): Couldn't find 3G modem, retrying...
10-18 09:46:52.680 D/PackageManager( 2789): No files in app dir /vendor/app
10-18 09:46:52.680 I/boot_progress_pms_data_scan_start( 2789): 18975
10-18 09:46:52.780 W/PackageParser( 2789): No actions in intent filter at /data/app/com.wandoujia.phoenix2-1.apk Binary XML file line #194
10-18 09:46:53.210 W/PackageManager( 2789): Package com.android.gallery3d desires unavailable shared library com.google.android.media.effects; ignoring!
10-18 09:46:53.210 I/PackageManager( 2789): Time to scan packages: 1.833 seconds
10-18 09:46:53.210 W/PackageManager( 2789): Unknown permission com.android.smspush.WAPPUSH_MANAGER_BIND in package com.android.phone
10-18 09:46:53.210 W/PackageManager( 2789): Unknown permission com.google.android.googleapps.permission.GOOGLE_AUTH in package com.android.providers.calendar
10-18 09:46:53.210 W/PackageManager( 2789): Unknown permission com.google.android.googleapps.permission.GOOGLE_AUTH.cl in package com.android.providers.calendar
10-18 09:46:53.210 W/PackageManager( 2789): Not granting permission android.permission.ACCESS_DOWNLOAD_MANAGER to package com.android.browser (protectionLevel=18 flags=0x9be45)
10-18 09:46:53.210 W/PackageManager( 2789): Not granting permission android.permission.SEND_DOWNLOAD_COMPLETED_INTENTS to package com.android.browser (protectionLevel=2 flags=0x9be45)
10-18 09:46:53.210 W/PackageManager( 2789): Not granting permission android.permission.BIND_WALLPAPER to package com.android.camera2 (protectionLevel=18 flags=0x58bc45)
10-18 09:46:53.210 W/PackageManager( 2789): Unknown permission android.permission.INSTALL_DRM in package com.android.mms
10-18 09:46:53.210 W/PackageManager( 2789): Unknown permission android.permission.RECEIVE_USER_PRESENT in package com.uplink.selfstore
10-18 09:46:53.210 W/PackageManager( 2789): Not granting permission android.permission.CHANGE_CONFIGURATION to package com.uplink.selfstore (protectionLevel=50 flags=0x48be46)
10-18 09:46:53.210 W/PackageManager( 2789): Not granting permission android.permission.MOUNT_UNMOUNT_FILESYSTEMS to package com.uplink.selfstore (protectionLevel=18 flags=0x48be46)
10-18 09:46:53.210 W/PackageManager( 2789): Not granting permission android.permission.READ_LOGS to package com.uplink.selfstore (protectionLevel=50 flags=0x48be46)
10-18 09:46:53.210 W/PackageManager( 2789): Unknown permission com.google.android.googleapps.permission.GOOGLE_AUTH in package com.android.settings
10-18 09:46:53.210 W/PackageManager( 2789): Not granting permission android.permission.WRITE_MEDIA_STORAGE to package com.android.gallery3d (protectionLevel=18 flags=0x58bc45)
10-18 09:46:53.210 W/PackageManager( 2789): Unknown permission android.permission.READ_SETTINGS in package com.wandoujia.phoenix2
10-18 09:46:53.210 W/PackageManager( 2789): Not granting permission android.permission.MOUNT_UNMOUNT_FILESYSTEMS to package com.wandoujia.phoenix2 (protectionLevel=18 flags=0x83e44)
10-18 09:46:53.210 W/PackageManager( 2789): Unknown permission android.permission.ACCESS_SUPPERUSER in package com.wandoujia.phoenix2
10-18 09:46:53.210 W/PackageManager( 2789): Unknown permission com.android.launcher3.permission.READ_SETTINGS in package com.wandoujia.phoenix2
10-18 09:46:53.210 W/PackageManager( 2789): Unknown permission com.android.launcher3.permission.WRITE_SETTINGS in package com.wandoujia.phoenix2
10-18 09:46:53.210 W/PackageManager( 2789): Unknown permission com.meizu.flyme.launcher.permission.READ_SETTINGS in package com.wandoujia.phoenix2
10-18 09:46:53.210 W/PackageManager( 2789): Unknown permission com.meizu.flyme.launcher.permission.WRITE_SETTINGS in package com.wandoujia.phoenix2
10-18 09:46:53.210 W/PackageManager( 2789): Unknown permission org.adw.launcher.permission.READ_SETTINGS in package com.wandoujia.phoenix2
10-18 09:46:53.210 W/PackageManager( 2789): Unknown permission org.adw.launcher.permission.WRITE_SETTINGS in package com.wandoujia.phoenix2
10-18 09:46:53.210 W/PackageManager( 2789): Unknown permission com.qihoo360.launcher.permission.READ_SETTINGS in package com.wandoujia.phoenix2
10-18 09:46:53.210 W/PackageManager( 2789): Unknown permission com.qihoo360.launcher.permission.WRITE_SETTINGS in package com.wandoujia.phoenix2
10-18 09:46:53.210 W/PackageManager( 2789): Unknown permission com.lge.launcher.permission.READ_SETTINGS in package com.wandoujia.phoenix2
10-18 09:46:53.210 W/PackageManager( 2789): Unknown permission com.lge.launcher.permission.WRITE_SETTINGS in package com.wandoujia.phoenix2
10-18 09:46:53.210 W/PackageManager( 2789): Unknown permission net.qihoo.launcher.permission.READ_SETTINGS in package com.wandoujia.phoenix2
10-18 09:46:53.210 W/PackageManager( 2789): Unknown permission net.qihoo.launcher.permission.WRITE_SETTINGS in package com.wandoujia.phoenix2
10-18 09:46:53.210 W/PackageManager( 2789): Unknown permission org.adwfreak.launcher.permission.READ_SETTINGS in package com.wandoujia.phoenix2
10-18 09:46:53.210 W/PackageManager( 2789): Unknown permission org.adwfreak.launcher.permission.WRITE_SETTINGS in package com.wandoujia.phoenix2
10-18 09:46:53.210 W/PackageManager( 2789): Unknown permission com.huawei.launcher3.permission.READ_SETTINGS in package com.wandoujia.phoenix2
10-18 09:46:53.210 W/PackageManager( 2789): Unknown permission com.huawei.launcher3.permission.WRITE_SETTINGS in package com.wandoujia.phoenix2
10-18 09:46:53.210 W/PackageManager( 2789): Unknown permission com.fede.launcher.permission.READ_SETTINGS in package com.wandoujia.phoenix2
10-18 09:46:53.210 W/PackageManager( 2789): Unknown permission com.fede.launcher.permission.WRITE_SETTINGS in package com.wandoujia.phoenix2
10-18 09:46:53.210 W/PackageManager( 2789): Unknown permission com.sec.android.app.twlauncher.settings.READ_SETTINGS in package com.wandoujia.phoenix2
10-18 09:46:53.210 W/PackageManager( 2789): Unknown permission com.sec.android.app.twlauncher.settings.WRITE_SETTINGS in package com.wandoujia.phoenix2
10-18 09:46:53.210 W/PackageManager( 2789): Unknown permission com.anddoes.launcher.permission.READ_SETTINGS in package com.wandoujia.phoenix2
10-18 09:46:53.210 W/PackageManager( 2789): Unknown permission com.anddoes.launcher.permission.WRITE_SETTINGS in package com.wandoujia.phoenix2
10-18 09:46:53.210 W/PackageManager( 2789): Unknown permission com.lenovo.launcher.permission.READ_SETTINGS in package com.wandoujia.phoenix2
10-18 09:46:53.210 W/PackageManager( 2789): Unknown permission com.lenovo.launcher.permission.WRITE_SETTINGS in package com.wandoujia.phoenix2
10-18 09:46:53.210 W/PackageManager( 2789): Unknown permission com.google.android.launcher.permission.READ_SETTINGS in package com.wandoujia.phoenix2
10-18 09:46:53.210 W/PackageManager( 2789): Unknown permission com.google.android.launcher.permission.WRITE_SETTINGS in package com.wandoujia.phoenix2
10-18 09:46:53.210 W/PackageManager( 2789): Unknown permission com.oppo.launcher.permission.WRITE_SETTINGS in package com.wandoujia.phoenix2
10-18 09:46:53.210 W/PackageManager( 2789): Unknown permission com.oppo.launcher.permission.READ_SETTINGS in package com.wandoujia.phoenix2
10-18 09:46:53.210 W/PackageManager( 2789): Unknown permission com.yulong.android.launcher3.permission.WRITE_SETTINGS in package com.wandoujia.phoenix2
10-18 09:46:53.210 W/PackageManager( 2789): Unknown permission com.yulong.android.launcher3.permission.READ_SETTINGS in package com.wandoujia.phoenix2
10-18 09:46:53.210 W/PackageManager( 2789): Unknown permission com.huawei.android.launcher.permission.READ_SETTINGS in package com.wandoujia.phoenix2
10-18 09:46:53.210 W/PackageManager( 2789): Unknown permission com.huawei.android.launcher.permission.WRITE_SETTINGS in package com.wandoujia.phoenix2
10-18 09:46:53.210 W/PackageManager( 2789): Unknown permission com.htc.launcher.permission.READ_SETTINGS in package com.wandoujia.phoenix2
10-18 09:46:53.210 W/PackageManager( 2789): Unknown permission com.htc.launcher.permission.WRITE_SETTINGS in package com.wandoujia.phoenix2
10-18 09:46:53.210 I/boot_progress_pms_scan_end( 2789): 19501
10-18 09:46:53.220 W/PackageManager( 2789): Unknown permission com.bbk.launcher2.permission.READ_SETTINGS in package com.wandoujia.phoenix2
10-18 09:46:53.220 W/PackageManager( 2789): Unknown permission com.bbk.launcher2.permission.WRITE_SETTINGS in package com.wandoujia.phoenix2
10-18 09:46:53.220 W/PackageManager( 2789): Unknown permission android.permission.BROADCAST_PACKAGE_ADDED in package com.wandoujia.phoenix2
10-18 09:46:53.220 W/PackageManager( 2789): Unknown permission android.permission.BROADCAST_PACKAGE_CHANGED in package com.wandoujia.phoenix2
10-18 09:46:53.220 W/PackageManager( 2789): Unknown permission android.permission.BROADCAST_PACKAGE_INSTALL in package com.wandoujia.phoenix2
10-18 09:46:53.220 W/PackageManager( 2789): Unknown permission android.permission.BROADCAST_PACKAGE_REPLACED in package com.wandoujia.phoenix2
10-18 09:46:53.220 W/PackageManager( 2789): Not granting permission android.permission.BIND_ACCESSIBILITY_SERVICE to package com.wandoujia.phoenix2 (protectionLevel=2 flags=0x83e44)
10-18 09:46:53.220 W/PackageManager( 2789): Not granting permission android.permission.PACKAGE_USAGE_STATS to package com.wandoujia.phoenix2 (protectionLevel=18 flags=0x83e44)
10-18 09:46:53.220 W/PackageManager( 2789): Unknown permission android.permission.ACCESS_MTK_MMHW in package com.wandoujia.phoenix2
10-18 09:46:53.220 W/PackageManager( 2789): Not granting permission android.permission.DELETE_PACKAGES to package com.svox.pico (protectionLevel=18 flags=0x8be45)
10-18 09:46:53.220 W/PackageManager( 2789): Not granting permission android.permission.DEVICE_POWER to package com.android.deskclock (protectionLevel=2 flags=0x48be45)
10-18 09:46:53.220 W/PackageManager( 2789): Unknown permission android.permission.WRITE_OWNER_DATA in package com.qualcomm.factory
10-18 09:46:53.280 I/boot_progress_pms_ready( 2789): 19574
10-18 09:46:53.330 I/SystemServer( 2789): Entropy Mixer
10-18 09:46:53.330 I/EntropyMixer( 2789): Writing entropy...
10-18 09:46:53.340 I/SystemServer( 2789): User Service
10-18 09:46:53.340 I/SystemServer( 2789): Account Manager
10-18 09:46:53.350 I/SystemServer( 2789): Content Manager
10-18 09:46:53.350 I/SystemServer( 2789): System Content Providers
10-18 09:46:53.410 I/SystemServer( 2789): Lights Service
10-18 09:46:53.420 I/lights  ( 2789): max backlight file is /sys/class/backlight/pwm-backlight.0/max_brightness
10-18 09:46:53.420 I/lights  ( 2789): backlight brightness file is /sys/class/backlight/pwm-backlight.0/brightness
10-18 09:46:53.420 I/SystemServer( 2789): Battery Service
10-18 09:46:53.420 I/SystemServer( 2789): Vibrator Service
10-18 09:46:53.420 I/SystemServer( 2789): Consumer IR Service
10-18 09:46:53.420 I/battery_status( 2789): [1,1,1,0,]
10-18 09:46:53.440 I/libsuspend( 2789): Selected early suspend
10-18 09:46:53.440 I/libsuspend( 2789): Starting early suspend unblocker thread
10-18 09:46:53.440 I/SWITCHPROFILE( 2789): Switchprofile thread received GOV_INTERACTIVE from Power HAL
10-18 09:46:53.440 D/PermissionCache( 2333): checking android.permission.ACCESS_SURFACE_FLINGER for uid=1000 => granted (554 us)
10-18 09:46:53.450 D/SurfaceFlinger( 2333): Screen acquired, type=0 flinger=0x40f1a450
10-18 09:46:53.450 D/SurfaceFlinger( 2333):  screen was previously acquired
10-18 09:46:53.450 D/AlarmManagerService( 2789): Kernel timezone updated to -480 minutes west of GMT
10-18 09:46:53.450 E/SWITCHPROFILE( 2789): setprop: sys.interactive = active 
10-18 09:46:53.450 I/SystemServer( 2789): Alarm Manager
10-18 09:46:53.450 I/SystemServer( 2789): Init Watchdog
10-18 09:46:53.450 I/SystemServer( 2789): Input Manager
10-18 09:46:53.450 I/InputManager( 2789): Initializing input manager, mUseDevInputEventForAudioJack=false
10-18 09:46:53.460 I/SystemServer( 2789): Window Manager
10-18 09:46:53.460 I/WindowManager( 2789): No existing display settings /data/system/display_settings.xml; starting empty
10-18 09:46:53.480 I/screen_toggled( 2789): 1
10-18 09:46:53.490 D/        ( 2789): AccelSensor enable 1 , handle 0 ,mEnabled 1
10-18 09:46:53.490 E/SensorService( 2789): Error activating sensor 0 (Operation not permitted)
10-18 09:46:53.490 E/EventHub( 2789): could not get driver version for /dev/input/mice, Not a typewriter
10-18 09:46:53.490 D/BluetoothManagerService( 2789): Loading stored name and address
10-18 09:46:53.490 D/BluetoothManagerService( 2789): Stored bluetooth Name=null,Address=null
10-18 09:46:53.490 I/WindowManager( 2789): No keyguard interface!
10-18 09:46:53.490 I/InputManager( 2789): Starting input manager
10-18 09:46:53.490 I/SystemServer( 2789): Bluetooth Manager Service
10-18 09:46:53.490 I/SystemServer( 2789): Input Method Service
10-18 09:46:53.490 W/InputMethodManagerService( 2789): Couldn't create dir.: /data/system/inputmethod
10-18 09:46:53.490 I/wm_stack_created( 2789): [0,-1,6,100]
10-18 09:46:53.510 I/SystemServer( 2789): Accessibility Manager
10-18 09:46:53.520 I/ActivityManager( 2789): Config changes=1df8 {1.0 ?mcc?mnc zh_CN ldltr sw1080dp w1080dp h1920dp 160dpi xlrg long port ?uimode ?night -touch -keyb/v/h -nav/h s.2}
10-18 09:46:53.520 I/ActivityManager( 2789): Config changes=400 {1.0 ?mcc?mnc zh_CN ldltr sw1080dp w1080dp h1847dp 160dpi xlrg long port ?uimode ?night -touch -keyb/v/h -nav/h s.3}
10-18 09:46:53.520 D/use-Rlog/RLOG-RILD( 2339): Couldn't find 3G modem, retrying...
10-18 09:46:53.520 I/configuration_changed( 2789): 7672
10-18 09:46:53.520 I/configuration_changed( 2789): 1024
10-18 09:46:53.530 I/SystemServer( 2789): Mount Service
10-18 09:46:53.530 D/MountService( 2789): got storage path: null description: 内存设备 primary: true removable: false emulated: true mtpReserve: 100 allowMassStorage: false maxFileSize: 0
10-18 09:46:53.530 D/MountService( 2789): addVolumeLocked() StorageVolume:
10-18 09:46:53.530 D/MountService( 2789):     mStorageId=65537 mPath=/storage/emulated/0 mDescriptionId=17040667 
10-18 09:46:53.530 D/MountService( 2789):     mPrimary=true mRemovable=false mEmulated=true mMtpReserveSpace=100 
10-18 09:46:53.530 D/MountService( 2789):     mAllowMassStorage=false mMaxFileSize=0 mOwner=UserHandle{0} mUuid=null 
10-18 09:46:53.530 D/MountService( 2789):     mUserLabel=null mState=null 
10-18 09:46:53.530 D/MountService( 2789): got storage path: /storage/extsd description: SD 卡 primary: false removable: true emulated: false mtpReserve: 0 allowMassStorage: false maxFileSize: 0
10-18 09:46:53.530 D/MountService( 2789): addVolumeLocked() StorageVolume:
10-18 09:46:53.530 D/MountService( 2789):     mStorageId=0 mPath=/storage/extsd mDescriptionId=17040668 mPrimary=false 
10-18 09:46:53.530 D/MountService( 2789):     mRemovable=true mEmulated=false mMtpReserveSpace=0 mAllowMassStorage=false 
10-18 09:46:53.530 D/MountService( 2789):     mMaxFileSize=0 mOwner=null mUuid=null mUserLabel=null mState=null 
10-18 09:46:53.530 D/MountService( 2789): got storage path: /storage/udisk description: USB 存储器 primary: false removable: true emulated: false mtpReserve: 0 allowMassStorage: false maxFileSize: 0
10-18 09:46:53.530 D/MountService( 2789): addVolumeLocked() StorageVolume:
10-18 09:46:53.530 D/MountService( 2789):     mStorageId=0 mPath=/storage/udisk mDescriptionId=17040669 mPrimary=false 
10-18 09:46:53.530 D/MountService( 2789):     mRemovable=true mEmulated=false mMtpReserveSpace=0 mAllowMassStorage=false 
10-18 09:46:53.530 D/MountService( 2789):     mMaxFileSize=0 mOwner=null mUuid=null mUserLabel=null mState=null 
10-18 09:46:53.540 D/MountService( 2789): got storage path: /storage/sata description: 硬盘 primary: false removable: true emulated: false mtpReserve: 0 allowMassStorage: false maxFileSize: 0
10-18 09:46:53.540 D/MountService( 2789): addVolumeLocked() StorageVolume:
10-18 09:46:53.540 D/MountService( 2789):     mStorageId=0 mPath=/storage/sata mDescriptionId=17040670 mPrimary=false 
10-18 09:46:53.540 D/MountService( 2789):     mRemovable=true mEmulated=false mMtpReserveSpace=0 mAllowMassStorage=false 
10-18 09:46:53.540 D/MountService( 2789):     mMaxFileSize=0 mOwner=null mUuid=null mUserLabel=null mState=null 
10-18 09:46:53.540 I/SystemServer( 2789): LockSettingsService
10-18 09:46:53.540 I/SystemServer( 2789): Device Policy
10-18 09:46:53.540 I/SystemServer( 2789): Status Bar
10-18 09:46:53.550 I/PackageManager( 2789): No secure containers on sdcard
10-18 09:46:53.550 I/SystemServer( 2789): Clipboard Service
10-18 09:46:53.550 I/SystemServer( 2789): NetworkManagement Service
10-18 09:46:53.550 D/MountService( 2789): volume state changed for /storage/extsd (unmounted -> removed)
10-18 09:46:53.550 D/MountService( 2789): volume state changed for /storage/udisk (unmounted -> removed)
10-18 09:46:53.550 D/MountService( 2789): volume state changed for /storage/sata (unmounted -> removed)
10-18 09:46:53.550 I/SystemServer( 2789): Text Service Manager Service
10-18 09:46:53.550 W/PackageManager( 2789): Unknown permission com.android.smspush.WAPPUSH_MANAGER_BIND in package com.android.phone
10-18 09:46:53.550 W/PackageManager( 2789): Unknown permission com.google.android.googleapps.permission.GOOGLE_AUTH in package com.android.providers.calendar
10-18 09:46:53.550 W/PackageManager( 2789): Unknown permission com.google.android.googleapps.permission.GOOGLE_AUTH.cl in package com.android.providers.calendar
10-18 09:46:53.550 W/PackageManager( 2789): Not granting permission android.permission.ACCESS_DOWNLOAD_MANAGER to package com.android.browser (protectionLevel=18 flags=0x9be45)
10-18 09:46:53.550 W/PackageManager( 2789): Not granting permission android.permission.SEND_DOWNLOAD_COMPLETED_INTENTS to package com.android.browser (protectionLevel=2 flags=0x9be45)
10-18 09:46:53.560 W/PackageManager( 2789): Not granting permission android.permission.BIND_WALLPAPER to package com.android.camera2 (protectionLevel=18 flags=0x58bc45)
10-18 09:46:53.560 I/SystemServer( 2789): NetworkStats Service
10-18 09:46:53.560 W/PackageManager( 2789): Unknown permission android.permission.INSTALL_DRM in package com.android.mms
10-18 09:46:53.560 W/PackageManager( 2789): Unknown permission android.permission.RECEIVE_USER_PRESENT in package com.uplink.selfstore
10-18 09:46:53.560 W/PackageManager( 2789): Not granting permission android.permission.CHANGE_CONFIGURATION to package com.uplink.selfstore (protectionLevel=50 flags=0x48be46)
10-18 09:46:53.560 W/PackageManager( 2789): Not granting permission android.permission.MOUNT_UNMOUNT_FILESYSTEMS to package com.uplink.selfstore (protectionLevel=18 flags=0x48be46)
10-18 09:46:53.560 W/PackageManager( 2789): Not granting permission android.permission.READ_LOGS to package com.uplink.selfstore (protectionLevel=50 flags=0x48be46)
10-18 09:46:53.560 W/PackageManager( 2789): Unknown permission com.google.android.googleapps.permission.GOOGLE_AUTH in package com.android.settings
10-18 09:46:53.560 W/PackageManager( 2789): Not granting permission android.permission.WRITE_MEDIA_STORAGE to package com.android.gallery3d (protectionLevel=18 flags=0x58bc45)
10-18 09:46:53.560 I/SystemServer( 2789): NetworkPolicy Service
10-18 09:46:53.560 W/PackageManager( 2789): Unknown permission android.permission.READ_SETTINGS in package com.wandoujia.phoenix2
10-18 09:46:53.560 W/PackageManager( 2789): Not granting permission android.permission.MOUNT_UNMOUNT_FILESYSTEMS to package com.wandoujia.phoenix2 (protectionLevel=18 flags=0x83e44)
10-18 09:46:53.560 W/PackageManager( 2789): Unknown permission android.permission.ACCESS_SUPPERUSER in package com.wandoujia.phoenix2
10-18 09:46:53.560 W/PackageManager( 2789): Unknown permission com.android.launcher3.permission.READ_SETTINGS in package com.wandoujia.phoenix2
10-18 09:46:53.560 W/PackageManager( 2789): Unknown permission com.android.launcher3.permission.WRITE_SETTINGS in package com.wandoujia.phoenix2
10-18 09:46:53.560 W/PackageManager( 2789): Unknown permission com.meizu.flyme.launcher.permission.READ_SETTINGS in package com.wandoujia.phoenix2
10-18 09:46:53.560 W/PackageManager( 2789): Unknown permission com.meizu.flyme.launcher.permission.WRITE_SETTINGS in package com.wandoujia.phoenix2
10-18 09:46:53.560 W/PackageManager( 2789): Unknown permission org.adw.launcher.permission.READ_SETTINGS in package com.wandoujia.phoenix2
10-18 09:46:53.560 W/PackageManager( 2789): Unknown permission org.adw.launcher.permission.WRITE_SETTINGS in package com.wandoujia.phoenix2
10-18 09:46:53.560 W/PackageManager( 2789): Unknown permission com.qihoo360.launcher.permission.READ_SETTINGS in package com.wandoujia.phoenix2
10-18 09:46:53.560 W/PackageManager( 2789): Unknown permission com.qihoo360.launcher.permission.WRITE_SETTINGS in package com.wandoujia.phoenix2
10-18 09:46:53.560 W/PackageManager( 2789): Unknown permission com.lge.launcher.permission.READ_SETTINGS in package com.wandoujia.phoenix2
10-18 09:46:53.560 W/PackageManager( 2789): Unknown permission com.lge.launcher.permission.WRITE_SETTINGS in package com.wandoujia.phoenix2
10-18 09:46:53.560 W/PackageManager( 2789): Unknown permission net.qihoo.launcher.permission.READ_SETTINGS in package com.wandoujia.phoenix2
10-18 09:46:53.560 W/PackageManager( 2789): Unknown permission net.qihoo.launcher.permission.WRITE_SETTINGS in package com.wandoujia.phoenix2
10-18 09:46:53.560 W/PackageManager( 2789): Unknown permission org.adwfreak.launcher.permission.READ_SETTINGS in package com.wandoujia.phoenix2
10-18 09:46:53.560 W/PackageManager( 2789): Unknown permission org.adwfreak.launcher.permission.WRITE_SETTINGS in package com.wandoujia.phoenix2
10-18 09:46:53.560 W/PackageManager( 2789): Unknown permission com.huawei.launcher3.permission.READ_SETTINGS in package com.wandoujia.phoenix2
10-18 09:46:53.560 W/PackageManager( 2789): Unknown permission com.huawei.launcher3.permission.WRITE_SETTINGS in package com.wandoujia.phoenix2
10-18 09:46:53.560 W/PackageManager( 2789): Unknown permission com.fede.launcher.permission.READ_SETTINGS in package com.wandoujia.phoenix2
10-18 09:46:53.560 W/PackageManager( 2789): Unknown permission com.fede.launcher.permission.WRITE_SETTINGS in package com.wandoujia.phoenix2
10-18 09:46:53.560 W/PackageManager( 2789): Unknown permission com.sec.android.app.twlauncher.settings.READ_SETTINGS in package com.wandoujia.phoenix2
10-18 09:46:53.560 W/PackageManager( 2789): Unknown permission com.sec.android.app.twlauncher.settings.WRITE_SETTINGS in package com.wandoujia.phoenix2
10-18 09:46:53.560 W/PackageManager( 2789): Unknown permission com.anddoes.launcher.permission.READ_SETTINGS in package com.wandoujia.phoenix2
10-18 09:46:53.560 W/PackageManager( 2789): Unknown permission com.anddoes.launcher.permission.WRITE_SETTINGS in package com.wandoujia.phoenix2
10-18 09:46:53.560 W/PackageManager( 2789): Unknown permission com.lenovo.launcher.permission.READ_SETTINGS in package com.wandoujia.phoenix2
10-18 09:46:53.560 W/PackageManager( 2789): Unknown permission com.lenovo.launcher.permission.WRITE_SETTINGS in package com.wandoujia.phoenix2
10-18 09:46:53.560 W/PackageManager( 2789): Unknown permission com.google.android.launcher.permission.READ_SETTINGS in package com.wandoujia.phoenix2
10-18 09:46:53.560 W/PackageManager( 2789): Unknown permission com.google.android.launcher.permission.WRITE_SETTINGS in package com.wandoujia.phoenix2
10-18 09:46:53.560 I/SystemServer( 2789): Wi-Fi P2pService
10-18 09:46:53.560 W/PackageManager( 2789): Unknown permission com.oppo.launcher.permission.WRITE_SETTINGS in package com.wandoujia.phoenix2
10-18 09:46:53.560 W/PackageManager( 2789): Unknown permission com.oppo.launcher.permission.READ_SETTINGS in package com.wandoujia.phoenix2
10-18 09:46:53.560 W/PackageManager( 2789): Unknown permission com.yulong.android.launcher3.permission.WRITE_SETTINGS in package com.wandoujia.phoenix2
10-18 09:46:53.560 W/PackageManager( 2789): Unknown permission com.yulong.android.launcher3.permission.READ_SETTINGS in package com.wandoujia.phoenix2
10-18 09:46:53.560 W/PackageManager( 2789): Unknown permission com.huawei.android.launcher.permission.READ_SETTINGS in package com.wandoujia.phoenix2
10-18 09:46:53.560 W/PackageManager( 2789): Unknown permission com.huawei.android.launcher.permission.WRITE_SETTINGS in package com.wandoujia.phoenix2
10-18 09:46:53.560 W/PackageManager( 2789): Unknown permission com.htc.launcher.permission.READ_SETTINGS in package com.wandoujia.phoenix2
10-18 09:46:53.560 W/PackageManager( 2789): Unknown permission com.htc.launcher.permission.WRITE_SETTINGS in package com.wandoujia.phoenix2
10-18 09:46:53.560 W/PackageManager( 2789): Unknown permission com.bbk.launcher2.permission.READ_SETTINGS in package com.wandoujia.phoenix2
10-18 09:46:53.560 W/PackageManager( 2789): Unknown permission com.bbk.launcher2.permission.WRITE_SETTINGS in package com.wandoujia.phoenix2
10-18 09:46:53.560 W/PackageManager( 2789): Unknown permission android.permission.BROADCAST_PACKAGE_ADDED in package com.wandoujia.phoenix2
10-18 09:46:53.560 W/PackageManager( 2789): Unknown permission android.permission.BROADCAST_PACKAGE_CHANGED in package com.wandoujia.phoenix2
10-18 09:46:53.560 W/PackageManager( 2789): Unknown permission android.permission.BROADCAST_PACKAGE_INSTALL in package com.wandoujia.phoenix2
10-18 09:46:53.560 W/PackageManager( 2789): Unknown permission android.permission.BROADCAST_PACKAGE_REPLACED in package com.wandoujia.phoenix2
10-18 09:46:53.560 W/PackageManager( 2789): Not granting permission android.permission.BIND_ACCESSIBILITY_SERVICE to package com.wandoujia.phoenix2 (protectionLevel=2 flags=0x83e44)
10-18 09:46:53.560 W/PackageManager( 2789): Not granting permission android.permission.PACKAGE_USAGE_STATS to package com.wandoujia.phoenix2 (protectionLevel=18 flags=0x83e44)
10-18 09:46:53.560 W/PackageManager( 2789): Unknown permission android.permission.ACCESS_MTK_MMHW in package com.wandoujia.phoenix2
10-18 09:46:53.560 W/PackageManager( 2789): Not granting permission android.permission.DELETE_PACKAGES to package com.svox.pico (protectionLevel=18 flags=0x8be45)
10-18 09:46:53.560 W/PackageManager( 2789): Not granting permission android.permission.DEVICE_POWER to package com.android.deskclock (protectionLevel=2 flags=0x48be45)
10-18 09:46:53.560 W/PackageManager( 2789): Unknown permission android.permission.WRITE_OWNER_DATA in package com.qualcomm.factory
10-18 09:46:53.570 D/EventHub( 2789): No input device configuration file found for device 'sgtl5000-audio Headphone Jack'.
10-18 09:46:53.570 I/EventHub( 2789): New device: id=1, fd=108, path='/dev/input/event3', name='sgtl5000-audio Headphone Jack', classes=0x80, configuration='', keyLayout='', keyCharacterMap='', builtinKeyboard=false, usingSuspendBlockIoctl=true, usingClockIoctl=false
10-18 09:46:53.570 D/EventHub( 2789): No input device configuration file found for device 'ILITEK Multi-Touch-V3000'.
10-18 09:46:53.660 D/EventHub( 2789): No input device configuration file found for device 'ILITEK Multi-Touch-V3000'.
10-18 09:46:53.660 I/EventHub( 2789): New device: id=3, fd=100, path='/dev/input/event1', name='ILITEK Multi-Touch-V3000', classes=0x80000014, configuration='', keyLayout='', keyCharacterMap='', builtinKeyboard=false, usingSuspendBlockIoctl=true, usingClockIoctl=false
10-18 09:46:53.660 E/EventHub( 2789): could not get driver version for /dev/input/mouse0, Not a typewriter
10-18 09:46:53.730 I/SystemServer( 2789): Wi-Fi Service
10-18 09:46:53.800 I/SystemServer( 2789): Connectivity Service
10-18 09:46:53.800 D/ConnectivityService( 2789): ConnectivityService starting up
10-18 09:46:53.800 D/ConnectivityService( 2789): raString=1,1 r=com.android.server.ConnectivityService$RadioAttributes@42099ba8
10-18 09:46:53.800 D/ConnectivityService( 2789): raString=0,1 r=com.android.server.ConnectivityService$RadioAttributes@41f79a88
10-18 09:46:53.800 D/ConnectivityService( 2789): raString=7,1 r=com.android.server.ConnectivityService$RadioAttributes@41f76690
10-18 09:46:53.800 D/ConnectivityService( 2789): raString=9,1 r=com.android.server.ConnectivityService$RadioAttributes@41f5fd10
10-18 09:46:53.800 D/ConnectivityService( 2789): wifiOnly=false
10-18 09:46:53.800 D/ConnectivityService( 2789): naString=wifi,1,1,1,-1,true config=android.net.NetworkConfig@41ee6b40
10-18 09:46:53.800 D/ConnectivityService( 2789): naString=mobile,0,0,0,-1,true config=android.net.NetworkConfig@41e024b8
10-18 09:46:53.800 D/ConnectivityService( 2789): naString=mobile_mms,2,0,3,60000,true config=android.net.NetworkConfig@41fe9f40
10-18 09:46:53.800 D/ConnectivityService( 2789): naString=mobile_supl,3,0,3,60000,true config=android.net.NetworkConfig@41df2d70
10-18 09:46:53.800 D/ConnectivityService( 2789): naString=mobile_hipri,5,0,4,60000,true config=android.net.NetworkConfig@41f92718
10-18 09:46:53.800 D/ConnectivityService( 2789): naString=mobile_fota,10,0,3,60000,true config=android.net.NetworkConfig@41f75a30
10-18 09:46:53.800 D/ConnectivityService( 2789): naString=mobile_ims,11,0,3,60000,true config=android.net.NetworkConfig@41f64648
10-18 09:46:53.800 D/ConnectivityService( 2789): naString=mobile_cbs,12,0,3,60000,true config=android.net.NetworkConfig@41f3c1a0
10-18 09:46:53.800 D/ConnectivityService( 2789): naString=bluetooth,7,7,2,-1,true config=android.net.NetworkConfig@41ef36c8
10-18 09:46:53.800 D/ConnectivityService( 2789): naString=ethernet,9,9,2,-1,true config=android.net.NetworkConfig@420499c8
10-18 09:46:53.800 D/ConnectivityService( 2789): mNetworksDefined=10
10-18 09:46:53.800 E/ConnectivityService( 2789): Ignoring protectedNetwork 14
10-18 09:46:53.820 D/CommandListener( 2331): Setting iface cfg
10-18 09:46:53.820 D/CommandListener( 2331): Trying to bring up eth0
10-18 09:46:53.920 D/EventHub( 2789): No input device configuration file found for device 'gpio-keys'.
10-18 09:46:53.930 W/EventHub( 2789): Unable to disable kernel key repeat for /dev/input/event0: Function not implemented
10-18 09:46:53.930 I/EventHub( 2789): New device: id=4, fd=120, path='/dev/input/event0', name='gpio-keys', classes=0x1, configuration='', keyLayout='/system/usr/keylayout/Generic.kl', keyCharacterMap='/system/usr/keychars/Generic.kcm', builtinKeyboard=false, usingSuspendBlockIoctl=true, usingClockIoctl=false
10-18 09:46:53.940 I/InputReader( 2789): Device added: id=-1, name='Virtual', sources=0x00000301
10-18 09:46:53.940 I/InputReader( 2789): Device added: id=4, name='gpio-keys', sources=0x00000101
10-18 09:46:53.940 I/InputReader( 2789):   Touch device 'ILITEK Multi-Touch-V3000' could not query the properties of its associated display.  The device will be inoperable until the display size becomes available.
10-18 09:46:53.940 I/InputReader( 2789): Device added: id=3, name='ILITEK Multi-Touch-V3000', sources=0x00001002
10-18 09:46:53.940 I/InputReader( 2789): Device added: id=1, name='sgtl5000-audio Headphone Jack', sources=0x80000000
10-18 09:46:53.940 I/InputReader( 2789): Reconfiguring input devices.  changes=0x00000004
10-18 09:46:53.940 I/InputReader( 2789): Device reconfigured: id=3, name='ILITEK Multi-Touch-V3000', size 1920x1080, orientation 1, mode 1, display id 0
10-18 09:46:53.940 I/ActivityManager( 2789): Config changes=8 {1.0 ?mcc?mnc zh_CN ldltr sw1080dp w1080dp h1847dp 160dpi xlrg long port ?uimode ?night finger -keyb/v/h -nav/h s.4}
10-18 09:46:53.940 I/configuration_changed( 2789): 8
10-18 09:46:54.050 D/BluetoothTethering( 2789): startMonitoring: target: Handler (com.android.server.ConnectivityService$NetworkStateTrackerHandler) {41efe3d0}
10-18 09:46:54.050 D/BluetoothTethering( 2789): startMonitoring: mCsHandler: Handler (com.android.server.ConnectivityService$NetworkStateTrackerHandler) {41efe3d0}
10-18 09:46:54.050 D/BluetoothManagerService( 2789): Message: 20
10-18 09:46:54.050 D/BluetoothManagerService( 2789): Added callback: android.bluetooth.BluetoothAdapter$1@41fc9d88:true
10-18 09:46:54.050 D/BluetoothManagerService( 2789): Message: 30
10-18 09:46:54.050 E/BluetoothPan( 2789): Could not bind to Bluetooth Pan Service with Intent { act=android.bluetooth.IBluetoothPan }
10-18 09:46:54.050 E/MobileDataStateTracker( 2789): default: Ignoring feature request because could not acquire PhoneService
10-18 09:46:54.050 E/MobileDataStateTracker( 2789): default: Could not enable APN type "default"
10-18 09:46:54.060 D/WifiController( 2789): WifiController msg { when=0 what=155656 target=com.android.internal.util.StateMachine$SmHandler } deferred for 241ms
10-18 09:46:54.060 I/WifiService( 2789): WifiService starting up with Wi-Fi enabled
